Component: ARM Compiler 6.7 Tool: armlink [5c9ef700]

==============================================================================

Section Cross References

    startup_stm32f103xb.o(STACK) refers (Special) to heapauxi.o(.text) for __use_two_region_memory
    startup_stm32f103xb.o(HEAP) refers (Special) to heapauxi.o(.text) for __use_two_region_memory
    startup_stm32f103xb.o(RESET) refers (Special) to heapauxi.o(.text) for __use_two_region_memory
    startup_stm32f103xb.o(RESET) refers to startup_stm32f103xb.o(STACK) for __initial_sp
    startup_stm32f103xb.o(RESET) refers to startup_stm32f103xb.o(.text) for Reset_Handler
    startup_stm32f103xb.o(RESET) refers to stm32f1xx_it.o(.text.NMI_Handler) for NMI_Handler
    startup_stm32f103xb.o(RESET) refers to stm32f1xx_it.o(.text.HardFault_Handler) for HardFault_Handler
    startup_stm32f103xb.o(RESET) refers to stm32f1xx_it.o(.text.MemManage_Handler) for MemManage_Handler
    startup_stm32f103xb.o(RESET) refers to stm32f1xx_it.o(.text.BusFault_Handler) for BusFault_Handler
    startup_stm32f103xb.o(RESET) refers to stm32f1xx_it.o(.text.UsageFault_Handler) for UsageFault_Handler
    startup_stm32f103xb.o(RESET) refers to stm32f1xx_it.o(.text.SVC_Handler) for SVC_Handler
    startup_stm32f103xb.o(RESET) refers to stm32f1xx_it.o(.text.DebugMon_Handler) for DebugMon_Handler
    startup_stm32f103xb.o(RESET) refers to stm32f1xx_it.o(.text.PendSV_Handler) for PendSV_Handler
    startup_stm32f103xb.o(RESET) refers to stm32f1xx_it.o(.text.SysTick_Handler) for SysTick_Handler
    startup_stm32f103xb.o(RESET) refers to stm32f1xx_it.o(.text.DMA1_Channel4_IRQHandler) for DMA1_Channel4_IRQHandler
    startup_stm32f103xb.o(RESET) refers to stm32f1xx_it.o(.text.DMA1_Channel5_IRQHandler) for DMA1_Channel5_IRQHandler
    startup_stm32f103xb.o(RESET) refers to stm32f1xx_it.o(.text.USB_HP_CAN1_TX_IRQHandler) for USB_HP_CAN1_TX_IRQHandler
    startup_stm32f103xb.o(RESET) refers to stm32f1xx_it.o(.text.USB_LP_CAN1_RX0_IRQHandler) for USB_LP_CAN1_RX0_IRQHandler
    startup_stm32f103xb.o(RESET) refers to stm32f1xx_it.o(.text.CAN1_RX1_IRQHandler) for CAN1_RX1_IRQHandler
    startup_stm32f103xb.o(RESET) refers to stm32f1xx_it.o(.text.CAN1_SCE_IRQHandler) for CAN1_SCE_IRQHandler
    startup_stm32f103xb.o(RESET) refers to stm32f1xx_it.o(.text.TIM1_UP_IRQHandler) for TIM1_UP_IRQHandler
    startup_stm32f103xb.o(RESET) refers to stm32f1xx_it.o(.text.TIM4_IRQHandler) for TIM4_IRQHandler
    startup_stm32f103xb.o(RESET) refers to stm32f1xx_it.o(.text.USART1_IRQHandler) for USART1_IRQHandler
    startup_stm32f103xb.o(.text) refers (Special) to heapauxi.o(.text) for __use_two_region_memory
    startup_stm32f103xb.o(.text) refers to system_stm32f1xx.o(.text.SystemInit) for SystemInit
    startup_stm32f103xb.o(.text) refers to __main.o(!!!main) for __main
    startup_stm32f103xb.o(.text) refers to startup_stm32f103xb.o(HEAP) for Heap_Mem
    startup_stm32f103xb.o(.text) refers to startup_stm32f103xb.o(STACK) for Stack_Mem
    main.o(.text.main) refers to stm32f1xx_hal.o(.text.HAL_Init) for HAL_Init
    main.o(.text.main) refers to main.o(.text.SystemClock_Config) for SystemClock_Config
    main.o(.text.main) refers to gpio.o(.text.MX_GPIO_Init) for MX_GPIO_Init
    main.o(.text.main) refers to dma.o(.text.MX_DMA_Init) for MX_DMA_Init
    main.o(.text.main) refers to tim.o(.text.MX_TIM4_Init) for MX_TIM4_Init
    main.o(.text.main) refers to spi.o(.text.MX_SPI1_Init) for MX_SPI1_Init
    main.o(.text.main) refers to tim.o(.text.MX_TIM2_Init) for MX_TIM2_Init
    main.o(.text.main) refers to tim.o(.text.MX_TIM1_Init) for MX_TIM1_Init
    main.o(.text.main) refers to usart.o(.text.MX_USART1_UART_Init) for MX_USART1_UART_Init
    main.o(.text.main) refers to can.o(.text.MX_CAN_Init) for MX_CAN_Init
    main.o(.text.main) refers to main_1.o(.text.Main) for Main
    main.o(.ARM.exidx.text.main) refers to main.o(.text.main) for [Anonymous Symbol]
    main.o(.text.SystemClock_Config) refers to rt_memclr_w.o(.text) for __aeabi_memclr4
    main.o(.text.SystemClock_Config) refers to stm32f1xx_hal_rcc.o(.text.HAL_RCC_OscConfig) for HAL_RCC_OscConfig
    main.o(.text.SystemClock_Config) refers to stm32f1xx_hal_rcc.o(.text.HAL_RCC_ClockConfig) for HAL_RCC_ClockConfig
    main.o(.ARM.exidx.text.SystemClock_Config) refers to main.o(.text.SystemClock_Config) for [Anonymous Symbol]
    main.o(.ARM.exidx.text.Error_Handler) refers to main.o(.text.Error_Handler) for [Anonymous Symbol]
    gpio.o(.text.MX_GPIO_Init) refers to stm32f1xx_hal_gpio.o(.text.HAL_GPIO_WritePin) for HAL_GPIO_WritePin
    gpio.o(.text.MX_GPIO_Init) refers to stm32f1xx_hal_gpio.o(.text.HAL_GPIO_Init) for HAL_GPIO_Init
    gpio.o(.ARM.exidx.text.MX_GPIO_Init) refers to gpio.o(.text.MX_GPIO_Init) for [Anonymous Symbol]
    can.o(.text.MX_CAN_Init) refers to stm32f1xx_hal_can.o(.text.HAL_CAN_Init) for HAL_CAN_Init
    can.o(.text.MX_CAN_Init) refers to main.o(.text.Error_Handler) for Error_Handler
[...]
    SHT$$ARM_EXIDX$$Base                      - Undefined Reference
    SHT$$ARM_EXIDX$$Limit                     - Undefined Reference
    __ARM_exceptions_init                     - Undefined Weak Reference
    __alloca_initialize                       - Undefined Weak Reference
    __arm_preinit_                            - Undefined Weak Reference
    __cxa_finalize                            - Undefined Weak Reference
    __rt_locale                               - Undefined Weak Reference
    __sigvec_lookup                           - Undefined Weak Reference
    _atexit_init                              - Undefined Weak Reference
    _call_atexit_fns                          - Undefined Weak Reference
    _clock_init                               - Undefined Weak Reference
    _fp_trap_init                             - Undefined Weak Reference
    _fp_trap_shutdown                         - Undefined Weak Reference
    _get_lc_collate                           - Undefined Weak Reference
    _get_lc_ctype                             - Undefined Weak Reference
    _get_lc_monetary                          - Undefined Weak Reference
    _get_lc_numeric                           - Undefined Weak Reference
    _get_lc_time                              - Undefined Weak Reference
    _getenv_init                              - Undefined Weak Reference
    _handle_redirection                       - Undefined Weak Reference
    _init_alloc                               - Undefined Weak Reference
    _init_user_alloc                          - Undefined Weak Reference
    _initio                                   - Undefined Weak Reference
    _rand_init                                - Undefined Weak Reference
    _signal_finish                            - Undefined Weak Reference
    _signal_init                              - Undefined Weak Reference
    _terminate_alloc                          - Undefined Weak Reference
    _terminate_user_alloc                     - Undefined Weak Reference
    _terminateio                              - Undefined Weak Reference
    __Vectors_Size                           0x000000ec   Number         0  startup_stm32f103xb.o ABSOLUTE
    __Vectors                                0x08000000   Data           4  startup_stm32f103xb.o(RESET)
    __Vectors_End                            0x080000ec   Data           0  startup_stm32f103xb.o(RESET)
    __main                                   0x080000ed   Thumb Code     8  __main.o(!!!main)
    __scatterload                            0x080000f5   Thumb Code     0  __scatter.o(!!!scatter)
    __scatterload_rt2                        0x080000f5   Thumb Code    44  __scatter.o(!!!scatter)
    __scatterload_rt2_thumb_only             0x080000f5   Thumb Code     0  __scatter.o(!!!scatter)
    __scatterload_null                       0x08000103   Thumb Code     0  __scatter.o(!!!scatter)
    __scatterload_copy                       0x08000129   Thumb Code    26  __scatter_copy.o(!!handler_copy)
    __scatterload_zeroinit                   0x08000145   Thumb Code    28  __scatter_zi.o(!!handler_zi)
    __rt_lib_init                            0x08000161   Thumb Code     0  libinit.o(.ARM.Collect$$libinit$$00000000)
    __rt_lib_init_alloca_1                   0x08000163   Thumb Code     0  libinit2.o(.ARM.Collect$$libinit$$0000002E)
    __rt_lib_init_argv_1                     0x08000163   Thumb Code     0  libinit2.o(.ARM.Collect$$libinit$$0000002C)
    __rt_lib_init_atexit_1                   0x08000163   Thumb Code     0  libinit2.o(.ARM.Collect$$libinit$$0000001B)
    __rt_lib_init_clock_1                    0x08000163   Thumb Code     0  libinit2.o(.ARM.Collect$$libinit$$00000021)
    __rt_lib_init_cpp_2                      0x08000163   Thumb Code     0  libinit2.o(.ARM.Collect$$libinit$$00000031)
    __rt_lib_init_exceptions_1               0x08000163   Thumb Code     0  libinit2.o(.ARM.Collect$$libinit$$00000030)
    __rt_lib_init_fp_1                       0x08000163   Thumb Code     0  libinit2.o(.ARM.Collect$$libinit$$00000002)
    __rt_lib_init_fp_trap_1                  0x08000163   Thumb Code     0  libinit2.o(.ARM.Collect$$libinit$$0000001F)
    __rt_lib_init_getenv_1                   0x08000163   Thumb Code     0  libinit2.o(.ARM.Collect$$libinit$$00000023)
    __rt_lib_init_heap_1                     0x08000163   Thumb Code     0  libinit2.o(.ARM.Collect$$libinit$$0000000A)
    __rt_lib_init_lc_collate_1               0x08000163   Thumb Code     0  libinit2.o(.ARM.Collect$$libinit$$00000011)
    __rt_lib_init_lc_ctype_1                 0x08000163   Thumb Code     0  libinit2.o(.ARM.Collect$$libinit$$00000013)
    __rt_lib_init_lc_monetary_1              0x08000163   Thumb Code     0  libinit2.o(.ARM.Collect$$libinit$$00000015)
    __rt_lib_init_lc_numeric_1               0x08000163   Thumb Code     0  libinit2.o(.ARM.Collect$$libinit$$00000017)
    __rt_lib_init_lc_time_1                  0x08000163   Thumb Code     0  libinit2.o(.ARM.Collect$$libinit$$00000019)
    __rt_lib_init_preinit_1                  0x08000163   Thumb Code     0  libinit2.o(.ARM.Collect$$libinit$$00000004)
    __rt_lib_init_rand_1                     0x08000163   Thumb Code     0  libinit2.o(.ARM.Collect$$libinit$$0000000E)
    __rt_lib_init_signal_1                   0x08000163   Thumb Code     0  libinit2.o(.ARM.Collect$$libinit$$0000001D)
    __rt_lib_init_stdio_1                    0x08000163   Thumb Code     0  libinit2.o(.ARM.Collect$$libinit$$00000025)
    __rt_lib_init_user_alloc_1               0x08000163   Thumb Code     0  libinit2.o(.ARM.Collect$$libinit$$0000000C)
    __rt_lib_init_cpp_1                      0x08000167   Thumb Code     0  libinit2.o(.ARM.Collect$$libinit$$00000032)
    __rt_lib_init_return                     0x08000167   Thumb Code     0  libinit2.o(.ARM.Collect$$libinit$$00000033)
    __rt_lib_shutdown                        0x08000169   Thumb Code     0  libshutdown.o(.ARM.Collect$$libshutdown$$00000000)
    __rt_lib_shutdown_cpp_1                  0x0800016b   Thumb Code     0  libshutdown2.o(.ARM.Collect$$libshutdown$$00000002)
    __rt_lib_shutdown_fp_trap_1              0x0800016b   Thumb Code     0  libshutdown2.o(.ARM.Collect$$libshutdown$$00000007)
    __rt_lib_shutdown_heap_1                 0x0800016b   Thumb Code     0  libshutdown2.o(.ARM.Collect$$libshutdown$$0000000F)
    __rt_lib_shutdown_return                 0x0800016b   Thumb Code     0  libshutdown2.o(.ARM.Collect$$libshutdown$$00000010)
    __rt_lib_shutdown_signal_1               0x0800016b   Thumb Code     0  libshutdown2.o(.ARM.Collect$$libshutdown$$0000000A)
    __rt_lib_shutdown_stdio_1                0x0800016b   Thumb Code     0  libshutdown2.o(.ARM.Collect$$libshutdown$$00000004)
    __rt_lib_shutdown_user_alloc_1           0x0800016b   Thumb Code     0  libshutdown2.o(.ARM.Collect$$libshutdown$$0000000C)
    __rt_entry                               0x0800016d   Thumb Code     0  __rtentry.o(.ARM.Collect$$rtentry$$00000000)
    __rt_entry_presh_1                       0x0800016d   Thumb Code     0  __rtentry2.o(.ARM.Collect$$rtentry$$00000002)
    __rt_entry_sh                            0x0800016d   Thumb Code     0  __rtentry4.o(.ARM.Collect$$rtentry$$00000004)
    __rt_entry_li                            0x08000173   Thumb Code     0  __rtentry2.o(.ARM.Collect$$rtentry$$0000000A)
    __rt_entry_postsh_1                      0x08000173   Thumb Code     0  __rtentry2.o(.ARM.Collect$$rtentry$$00000009)
    __rt_entry_main                          0x08000177   Thumb Code     0  __rtentry2.o(.ARM.Collect$$rtentry$$0000000D)
    __rt_entry_postli_1                      0x08000177   Thumb Code     0  __rtentry2.o(.ARM.Collect$$rtentry$$0000000C)
    __rt_exit                                0x0800017f   Thumb Code     0  rtexit.o(.ARM.Collect$$rtexit$$00000000)
    __rt_exit_ls                             0x08000181   Thumb Code     0  rtexit2.o(.ARM.Collect$$rtexit$$00000003)
    __rt_exit_prels_1                        0x08000181   Thumb Code     0  rtexit2.o(.ARM.Collect$$rtexit$$00000002)
    __rt_exit_exit                           0x08000185   Thumb Code     0  rtexit2.o(.ARM.Collect$$rtexit$$00000004)
    Reset_Handler                            0x0800018d   Thumb Code     8  startup_stm32f103xb.o(.text)
    ADC1_2_IRQHandler                        0x080001a7   Thumb Code     0  startup_stm32f103xb.o(.text)
    DMA1_Channel1_IRQHandler                 0x080001a7   Thumb Code     0  startup_stm32f103xb.o(.text)
    DMA1_Channel2_IRQHandler                 0x080001a7   Thumb Code     0  startup_stm32f103xb.o(.text)
    DMA1_Channel3_IRQHandler                 0x080001a7   Thumb Code     0  startup_stm32f103xb.o(.text)
    DMA1_Channel6_IRQHandler                 0x080001a7   Thumb Code     0  startup_stm32f103xb.o(.text)
    DMA1_Channel7_IRQHandler                 0x080001a7   Thumb Code     0  startup_stm32f103xb.o(.text)
    EXTI0_IRQHandler                         0x080001a7   Thumb Code     0  startup_stm32f103xb.o(.text)
    EXTI15_10_IRQHandler                     0x080001a7   Thumb Code     0  startup_stm32f103xb.o(.text)
    EXTI1_IRQHandler                         0x080001a7   Thumb Code     0  startup_stm32f103xb.o(.text)
    EXTI2_IRQHandler                         0x080001a7   Thumb Code     0  startup_stm32f103xb.o(.text)
    EXTI3_IRQHandler                         0x080001a7   Thumb Code     0  startup_stm32f103xb.o(.text)
    EXTI4_IRQHandler                         0x080001a7   Thumb Code     0  startup_stm32f103xb.o(.text)
    EXTI9_5_IRQHandler                       0x080001a7   Thumb Code     0  startup_stm32f103xb.o(.text)
    FLASH_IRQHandler                         0x080001a7   Thumb Code     0  startup_stm32f103xb.o(.text)
    I2C1_ER_IRQHandler                       0x080001a7   Thumb Code     0  startup_stm32f103xb.o(.text)
    I2C1_EV_IRQHandler                       0x080001a7   Thumb Code     0  startup_stm32f103xb.o(.text)
    I2C2_ER_IRQHandler                       0x080001a7   Thumb Code     0  startup_stm32f103xb.o(.text)
    I2C2_EV_IRQHandler                       0x080001a7   Thumb Code     0  startup_stm32f103xb.o(.text)
    PVD_IRQHandler                           0x080001a7   Thumb Code     0  startup_stm32f103xb.o(.text)
    RCC_IRQHandler                           0x080001a7   Thumb Code     0  startup_stm32f103xb.o(.text)
    RTC_Alarm_IRQHandler                     0x080001a7   Thumb Code     0  startup_stm32f103xb.o(.text)
    RTC_IRQHandler                           0x080001a7   Thumb Code     0  startup_stm32f103xb.o(.text)
    SPI1_IRQHandler                          0x080001a7   Thumb Code     0  startup_stm32f103xb.o(.text)
    SPI2_IRQHandler                          0x080001a7   Thumb Code     0  startup_stm32f103xb.o(.text)
    TAMPER_IRQHandler                        0x080001a7   Thumb Code     0  startup_stm32f103xb.o(.text)
    TIM1_BRK_IRQHandler                      0x080001a7   Thumb Code     0  startup_stm32f103xb.o(.text)
    TIM1_CC_IRQHandler                       0x080001a7   Thumb Code     0  startup_stm32f103xb.o(.text)
    TIM1_TRG_COM_IRQHandler                  0x080001a7   Thumb Code     0  startup_stm32f103xb.o(.text)
    TIM2_IRQHandler                          0x080001a7   Thumb Code     0  startup_stm32f103xb.o(.text)
    TIM3_IRQHandler                          0x080001a7   Thumb Code     0  startup_stm32f103xb.o(.text)
    USART2_IRQHandler                        0x080001a7   Thumb Code     0  startup_stm32f103xb.o(.text)
    USART3_IRQHandler                        0x080001a7   Thumb Code     0  startup_stm32f103xb.o(.text)
    USBWakeUp_IRQHandler                     0x080001a7   Thumb Code     0  startup_stm32f103xb.o(.text)
    WWDG_IRQHandler                          0x080001a7   Thumb Code     0  startup_stm32f103xb.o(.text)
    __user_initial_stackheap                 0x080001a9   Thumb Code     0  startup_stm32f103xb.o(.text)
    __aeabi_memclr                           0x080001cd   Thumb Code     0  rt_memclr.o(.text)
    __rt_memclr                              0x080001cd   Thumb Code    68  rt_memclr.o(.text)
    _memset                                  0x080001d1   Thumb Code     0  rt_memclr.o(.text)
    __aeabi_memclr4                          0x08000211   Thumb Code     0  rt_memclr_w.o(.text)
    __aeabi_memclr8                          0x08000211   Thumb Code     0  rt_memclr_w.o(.text)
    __rt_memclr_w                            0x08000211   Thumb Code    78  rt_memclr_w.o(.text)
    _memset_w                                0x08000215   Thumb Code     0  rt_memclr_w.o(.text)
    __use_two_region_memory                  0x0800025f   Thumb Code     2  heapauxi.o(.text)
    __rt_heap_escrow$2region                 0x08000261   Thumb Code     2  heapauxi.o(.text)
    __rt_heap_expand$2region                 0x08000263   Thumb Code     2  heapauxi.o(.text)
    __cpp_initialize__aeabi_                 0x08000265   Thumb Code    26  init_aeabi.o(.text)
    __read_errno                             0x08000289   Thumb Code    10  _rserrno.o(.text)
    __set_errno                              0x08000293   Thumb Code    12  _rserrno.o(.text)
    _sys_exit                                0x080002a1   Thumb Code     8  sys_exit.o(.text)
    __aeabi_errno_addr                       0x080002ad   Thumb Code     8  rt_errno_addr_intlibspace.o(.text)
    __errno$intlibspace                      0x080002ad   Thumb Code     0  rt_errno_addr_intlibspace.o(.text)
    __rt_errno_addr$intlibspace              0x080002ad   Thumb Code     0  rt_errno_addr_intlibspace.o(.text)
    __user_libspace                          0x080002b5   Thumb Code     8  libspace.o(.text)
    __user_perproc_libspace                  0x080002b5   Thumb Code     0  libspace.o(.text)
    __user_perthread_libspace                0x080002b5   Thumb Code     0  libspace.o(.text)
    __I$use$semihosting                      0x080002bd   Thumb Code     0  use_no_semi.o(.text)
    __use_no_semihosting_swi                 0x080002bd   Thumb Code     2  use_no_semi.o(.text)
    __semihosting_library_function           0x080002bf   Thumb Code     0  indicate_semi.o(.text)
    __user_setup_stackheap                   0x080002bf   Thumb Code    74  sys_stackheap_outer.o(.text)
    exit                                     0x08000309   Thumb Code    18  exit.o(.text)
    BusFault_Handler                         0x0800031b   Thumb Code     2  stm32f1xx_it.o(.text.BusFault_Handler)
    CAN1_RX1_IRQHandler                      0x0800031d   Thumb Code    12  stm32f1xx_it.o(.text.CAN1_RX1_IRQHandler)
    CAN1_SCE_IRQHandler                      0x08000325   Thumb Code    12  stm32f1xx_it.o(.text.CAN1_SCE_IRQHandler)
    DMA1_Channel4_IRQHandler                 0x08000331   Thumb Code    12  stm32f1xx_it.o(.text.DMA1_Channel4_IRQHandler)
    DMA1_Channel5_IRQHandler                 0x0800033d   Thumb Code    12  stm32f1xx_it.o(.text.DMA1_Channel5_IRQHandler)
    DebugMon_Handler                         0x08000371   Thumb Code     2  stm32f1xx_it.o(.text.DebugMon_Handler)
    Error_Handler                            0x08000373   Thumb Code     8  main.o(.text.Error_Handler)
    FLASH_WaitForLastOperation               0x080003d1   Thumb Code    96  stm32f1xx_hal_flash.o(.text.FLASH_WaitForLastOperation)
    HAL_CAN_AddTxMessage                     0x08000431   Thumb Code   144  stm32f1xx_hal_can.o(.text.HAL_CAN_AddTxMessage)
    HAL_CAN_ErrorCallback                    0x080004c1   Thumb Code     2  stm32f1xx_hal_can.o(.text.HAL_CAN_ErrorCallback)
    HAL_CAN_GetRxMessage                     0x080004c3   Thumb Code   292  stm32f1xx_hal_can.o(.text.HAL_CAN_GetRxMessage)
    HAL_CAN_IRQHandler                       0x080005e9   Thumb Code   518  stm32f1xx_hal_can.o(.text.HAL_CAN_IRQHandler)
    HAL_CAN_Init                             0x080007ef   Thumb Code   252  stm32f1xx_hal_can.o(.text.HAL_CAN_Init)
    HAL_CAN_MspInit                          0x080008ed   Thumb Code   208  can.o(.text.HAL_CAN_MspInit)
    HAL_CAN_RxFifo0FullCallback              0x080009bd   Thumb Code     2  stm32f1xx_hal_can.o(.text.HAL_CAN_RxFifo0FullCallback)
    HAL_CAN_RxFifo0MsgPendingCallback        0x080009c1   Thumb Code    56  main_1.o(.text.HAL_CAN_RxFifo0MsgPendingCallback)
    HAL_CAN_RxFifo1FullCallback              0x080009f9   Thumb Code     2  stm32f1xx_hal_can.o(.text.HAL_CAN_RxFifo1FullCallback)
    HAL_CAN_RxFifo1MsgPendingCallback        0x080009fb   Thumb Code     2  stm32f1xx_hal_can.o(.text.HAL_CAN_RxFifo1MsgPendingCallback)
    HAL_CAN_SleepCallback                    0x080009fd   Thumb Code     2  stm32f1xx_hal_can.o(.text.HAL_CAN_SleepCallback)
    HAL_CAN_TxMailbox0AbortCallback          0x080009ff   Thumb Code     2  stm32f1xx_hal_can.o(.text.HAL_CAN_TxMailbox0AbortCallback)
    HAL_CAN_TxMailbox0CompleteCallback       0x08000a01   Thumb Code     2  stm32f1xx_hal_can.o(.text.HAL_CAN_TxMailbox0CompleteCallback)
    HAL_CAN_TxMailbox1AbortCallback          0x08000a03   Thumb Code     2  stm32f1xx_hal_can.o(.text.HAL_CAN_TxMailbox1AbortCallback)
    HAL_CAN_TxMailbox1CompleteCallback       0x08000a05   Thumb Code     2  stm32f1xx_hal_can.o(.text.HAL_CAN_TxMailbox1CompleteCallback)
    HAL_CAN_TxMailbox2AbortCallback          0x08000a07   Thumb Code     2  stm32f1xx_hal_can.o(.text.HAL_CAN_TxMailbox2AbortCallback)
    HAL_CAN_TxMailbox2CompleteCallback       0x08000a09   Thumb Code     2  stm32f1xx_hal_can.o(.text.HAL_CAN_TxMailbox2CompleteCallback)
    HAL_CAN_WakeUpFromRxMsgCallback          0x08000a0b   Thumb Code     2  stm32f1xx_hal_can.o(.text.HAL_CAN_WakeUpFromRxMsgCallback)
    HAL_DMA_Abort                            0x08000a0d   Thumb Code    62  stm32f1xx_hal_dma.o(.text.HAL_DMA_Abort)
    HAL_DMA_Abort_IT                         0x08000a4d   Thumb Code   164  stm32f1xx_hal_dma.o(.text.HAL_DMA_Abort_IT)
    HAL_DMA_IRQHandler                       0x08000ad9   Thumb Code   320  stm32f1xx_hal_dma.o(.text.HAL_DMA_IRQHandler)
    HAL_DMA_Init                             0x08000c19   Thumb Code   116  stm32f1xx_hal_dma.o(.text.HAL_DMA_Init)
    HAL_DMA_Start_IT                         0x08000c8d   Thumb Code   110  stm32f1xx_hal_dma.o(.text.HAL_DMA_Start_IT)
    HAL_FLASHEx_Erase                        0x08000cfd   Thumb Code   192  stm32f1xx_hal_flash_ex.o(.text.HAL_FLASHEx_Erase)
    HAL_FLASH_Lock                           0x08000db5   Thumb Code    20  stm32f1xx_hal_flash.o(.text.HAL_FLASH_Lock)
    HAL_FLASH_Program                        0x08000dc5   Thumb Code   176  stm32f1xx_hal_flash.o(.text.HAL_FLASH_Program)
    HAL_FLASH_Unlock                         0x08000e75   Thumb Code    44  stm32f1xx_hal_flash.o(.text.HAL_FLASH_Unlock)
    HAL_GPIO_Init                            0x08000ea1   Thumb Code   452  stm32f1xx_hal_gpio.o(.text.HAL_GPIO_Init)
    HAL_GPIO_WritePin                        0x08001061   Thumb Code    10  stm32f1xx_hal_gpio.o(.text.HAL_GPIO_WritePin)
    HAL_GetTick                              0x0800106d   Thumb Code    12  stm32f1xx_hal.o(.text.HAL_GetTick)
    HAL_IncTick                              0x08001075   Thumb Code    16  stm32f1xx_hal.o(.text.HAL_IncTick)
    HAL_Init                                 0x08001081   Thumb Code    36  stm32f1xx_hal.o(.text.HAL_Init)
    HAL_InitTick                             0x080010a5   Thumb Code    64  stm32f1xx_hal.o(.text.HAL_InitTick)
    HAL_MspInit                              0x080010e1   Thumb Code    64  stm32f1xx_hal_msp.o(.text.HAL_MspInit)
    HAL_NVIC_EnableIRQ                       0x08001121   Thumb Code    28  stm32f1xx_hal_cortex.o(.text.HAL_NVIC_EnableIRQ)
    HAL_NVIC_SetPriority                     0x0800113d   Thumb Code    92  stm32f1xx_hal_cortex.o(.text.HAL_NVIC_SetPriority)
    HAL_NVIC_SetPriorityGrouping             0x08001195   Thumb Code    32  stm32f1xx_hal_cortex.o(.text.HAL_NVIC_SetPriorityGrouping)
    HAL_NVIC_SystemReset                     0x080011b1   Thumb Code    36  stm32f1xx_hal_cortex.o(.text.HAL_NVIC_SystemReset)
    HAL_RCC_ClockConfig                      0x080011d5   Thumb Code   312  stm32f1xx_hal_rcc.o(.text.HAL_RCC_ClockConfig)
    HAL_RCC_GetPCLK1Freq                     0x08001309   Thumb Code    32  stm32f1xx_hal_rcc.o(.text.HAL_RCC_GetPCLK1Freq)
    HAL_RCC_GetPCLK2Freq                     0x0800131d   Thumb Code    32  stm32f1xx_hal_rcc.o(.text.HAL_RCC_GetPCLK2Freq)
    HAL_RCC_GetSysClockFreq                  0x08001339   Thumb Code   100  stm32f1xx_hal_rcc.o(.text.HAL_RCC_GetSysClockFreq)
    HAL_RCC_OscConfig                        0x0800139d   Thumb Code   896  stm32f1xx_hal_rcc.o(.text.HAL_RCC_OscConfig)
    HAL_SPI_Init                             0x0800171d   Thumb Code   182  stm32f1xx_hal_spi.o(.text.HAL_SPI_Init)
    HAL_SPI_MspInit                          0x080017d5   Thumb Code   132  spi.o(.text.HAL_SPI_MspInit)
    HAL_SPI_TransmitReceive                  0x08001855   Thumb Code   526  stm32f1xx_hal_spi.o(.text.HAL_SPI_TransmitReceive)
    HAL_SYSTICK_Config                       0x08001a65   Thumb Code    40  stm32f1xx_hal_cortex.o(.text.HAL_SYSTICK_Config)
    HAL_TIMEx_BreakCallback                  0x08001a8d   Thumb Code     2  stm32f1xx_hal_tim_ex.o(.text.HAL_TIMEx_BreakCallback)
    HAL_TIMEx_CommutCallback                 0x08001a8f   Thumb Code     2  stm32f1xx_hal_tim_ex.o(.text.HAL_TIMEx_CommutCallback)
    HAL_TIMEx_MasterConfigSynchronization    0x08001a91   Thumb Code   108  stm32f1xx_hal_tim_ex.o(.text.HAL_TIMEx_MasterConfigSynchronization)
    HAL_TIM_Base_Init                        0x08001af1   Thumb Code    88  stm32f1xx_hal_tim.o(.text.HAL_TIM_Base_Init)
    HAL_TIM_Base_MspInit                     0x08001b49   Thumb Code   108  tim.o(.text.HAL_TIM_Base_MspInit)
    HAL_TIM_Base_Start_IT                    0x08001bad   Thumb Code    88  stm32f1xx_hal_tim.o(.text.HAL_TIM_Base_Start_IT)
    HAL_TIM_ConfigClockSource                0x08001c05   Thumb Code   248  stm32f1xx_hal_tim.o(.text.HAL_TIM_ConfigClockSource)
    HAL_TIM_IC_CaptureCallback               0x08001cfd   Thumb Code     2  stm32f1xx_hal_tim.o(.text.HAL_TIM_IC_CaptureCallback)
    HAL_TIM_IRQHandler                       0x08001cff   Thumb Code   370  stm32f1xx_hal_tim.o(.text.HAL_TIM_IRQHandler)
    HAL_TIM_MspPostInit                      0x08001e71   Thumb Code   100  tim.o(.text.HAL_TIM_MspPostInit)
    HAL_TIM_OC_DelayElapsedCallback          0x08001ed5   Thumb Code     2  stm32f1xx_hal_tim.o(.text.HAL_TIM_OC_DelayElapsedCallback)
    HAL_TIM_PWM_ConfigChannel                0x08001ed9   Thumb Code   154  stm32f1xx_hal_tim.o(.text.HAL_TIM_PWM_ConfigChannel)
    HAL_TIM_PWM_Init                         0x08001f73   Thumb Code    88  stm32f1xx_hal_tim.o(.text.HAL_TIM_PWM_Init)
    HAL_TIM_PWM_MspInit                      0x08001fcd   Thumb Code    40  tim.o(.text.HAL_TIM_PWM_MspInit)
    HAL_TIM_PWM_PulseFinishedCallback        0x08001ff5   Thumb Code     2  stm32f1xx_hal_tim.o(.text.HAL_TIM_PWM_PulseFinishedCallback)
    HAL_TIM_PWM_Start                        0x08001ff9   Thumb Code   164  stm32f1xx_hal_tim.o(.text.HAL_TIM_PWM_Start)
    HAL_TIM_PeriodElapsedCallback            0x0800209d   Thumb Code    40  main_1.o(.text.HAL_TIM_PeriodElapsedCallback)
    HAL_TIM_TriggerCallback                  0x080020c5   Thumb Code     2  stm32f1xx_hal_tim.o(.text.HAL_TIM_TriggerCallback)
    HAL_UARTEx_ReceiveToIdle_DMA             0x080020c7   Thumb Code    86  stm32f1xx_hal_uart.o(.text.HAL_UARTEx_ReceiveToIdle_DMA)
    HAL_UARTEx_RxEventCallback               0x0800211d   Thumb Code    36  uart_handle.o(.text.HAL_UARTEx_RxEventCallback)
    HAL_UART_ErrorCallback                   0x08002141   Thumb Code     2  stm32f1xx_hal_uart.o(.text.HAL_UART_ErrorCallback)
    HAL_UART_IRQHandler                      0x08002145   Thumb Code   676  stm32f1xx_hal_uart.o(.text.HAL_UART_IRQHandler)
    HAL_UART_Init                            0x080023e9   Thumb Code    94  stm32f1xx_hal_uart.o(.text.HAL_UART_Init)
    HAL_UART_MspInit                         0x08002449   Thumb Code   252  usart.o(.text.HAL_UART_MspInit)
    HAL_UART_Receive_DMA                     0x08002541   Thumb Code    32  stm32f1xx_hal_uart.o(.text.HAL_UART_Receive_DMA)
    HAL_UART_RxCpltCallback                  0x08002561   Thumb Code    40  main_1.o(.text.HAL_UART_RxCpltCallback)
    HAL_UART_RxHalfCpltCallback              0x08002585   Thumb Code     2  stm32f1xx_hal_uart.o(.text.HAL_UART_RxHalfCpltCallback)
    HAL_UART_TxCpltCallback                  0x08002587   Thumb Code     2  stm32f1xx_hal_uart.o(.text.HAL_UART_TxCpltCallback)
    HardFault_Handler                        0x08002589   Thumb Code     2  stm32f1xx_it.o(.text.HardFault_Handler)
    MX_CAN_Init                              0x0800258d   Thumb Code    64  can.o(.text.MX_CAN_Init)
    MX_DMA_Init                              0x080025cd   Thumb Code    64  dma.o(.text.MX_DMA_Init)
    MX_GPIO_Init                             0x0800260d   Thumb Code   128  gpio.o(.text.MX_GPIO_Init)
    MX_SPI1_Init                             0x0800268d   Thumb Code    72  spi.o(.text.MX_SPI1_Init)
    MX_TIM1_Init                             0x080026d5   Thumb Code   104  tim.o(.text.MX_TIM1_Init)
    MX_TIM2_Init                             0x08002739   Thumb Code   128  tim.o(.text.MX_TIM2_Init)
    MX_TIM4_Init                             0x080027b5   Thumb Code   100  tim.o(.text.MX_TIM4_Init)
    MX_USART1_UART_Init                      0x08002815   Thumb Code    56  usart.o(.text.MX_USART1_UART_Init)
    Main                                     0x08002849   Thumb Code   252  main_1.o(.text.Main)
    MemManage_Handler                        0x08002945   Thumb Code     2  stm32f1xx_it.o(.text.MemManage_Handler)
    NMI_Handler                              0x08002947   Thumb Code     2  stm32f1xx_it.o(.text.NMI_Handler)
    OnCanCmd                                 0x08002949   Thumb Code  1056  interface_can.o(.text.OnCanCmd)
    PendSV_Handler                           0x08002d65   Thumb Code     2  stm32f1xx_it.o(.text.PendSV_Handler)
    SVC_Handler                              0x08002e41   Thumb Code     2  stm32f1xx_it.o(.text.SVC_Handler)
    Stockpile_Flash_Data_Begin               0x08002e43   Thumb Code    14  stockpile_f103cb.o(.text.Stockpile_Flash_Data_Begin)
    Stockpile_Flash_Data_Empty               0x08002e51   Thumb Code    96  stockpile_f103cb.o(.text.Stockpile_Flash_Data_Empty)
    Stockpile_Flash_Data_End                 0x08002eb1   Thumb Code     4  stockpile_f103cb.o(.text.Stockpile_Flash_Data_End)
    Stockpile_Flash_Data_Write_Data16        0x08002eb5   Thumb Code    62  stockpile_f103cb.o(.text.Stockpile_Flash_Data_Write_Data16)
    SysTick_Handler                          0x08002ef3   Thumb Code     4  stm32f1xx_it.o(.text.SysTick_Handler)
    SystemClock_Config                       0x08002ef7   Thumb Code   102  main.o(.text.SystemClock_Config)
    SystemInit                               0x08002f5d   Thumb Code     2  system_stm32f1xx.o(.text.SystemInit)
    TIM1_UP_IRQHandler                       0x08002f61   Thumb Code    12  stm32f1xx_it.o(.text.TIM1_UP_IRQHandler)
    TIM4_IRQHandler                          0x08002f6d   Thumb Code    12  stm32f1xx_it.o(.text.TIM4_IRQHandler)
    TIM_Base_SetConfig                       0x08002f79   Thumb Code   116  stm32f1xx_hal_tim.o(.text.TIM_Base_SetConfig)
    TIM_OC2_SetConfig                        0x08003041   Thumb Code   100  stm32f1xx_hal_tim.o(.text.TIM_OC2_SetConfig)
    UART_Start_Receive_DMA                   0x08003449   Thumb Code   144  stm32f1xx_hal_uart.o(.text.UART_Start_Receive_DMA)
    USART1_IRQHandler                        0x080034d9   Thumb Code    48  stm32f1xx_it.o(.text.USART1_IRQHandler)
    USB_HP_CAN1_TX_IRQHandler                0x08003505   Thumb Code    12  stm32f1xx_it.o(.text.USB_HP_CAN1_TX_IRQHandler)
    USB_LP_CAN1_RX0_IRQHandler               0x0800350d   Thumb Code    12  stm32f1xx_it.o(.text.USB_LP_CAN1_RX0_IRQHandler)
    UsageFault_Handler                       0x08003515   Thumb Code     2  stm32f1xx_it.o(.text.UsageFault_Handler)
    CAN_Send(CAN_TxHeaderTypeDef*, unsigned char*) 0x0800358d   Thumb Code    36  interface_can.o(.text._Z8CAN_SendP19CAN_TxHeaderTypeDefPh)
    Rx_handle()                              0x080035b1   Thumb Code   124  uart_handle.o(.text._Z9Rx_handlev)
    MT6816Base::UpdateAngle()                0x0800362d   Thumb Code   132  mt6816_base.o(.text._ZN10MT6816Base11UpdateAngleEv)
    MT6816Base::IsCalibrated()               0x080036b1   Thumb Code     4  mt6816_base.o(.text._ZN10MT6816Base12IsCalibratedEv)
    MT6816Base::SpiTransmitAndRead16Bits(unsigned short) 0x080036b5   Thumb Code    52  mt6816_base.o(.text._ZN10MT6816Base24SpiTransmitAndRead16BitsEt)
    MT6816Base::Init()                       0x080036e5   Thumb Code    42  mt6816_base.o(.text._ZN10MT6816Base4InitEv)
    TB67H450Base::SetFocCurrentVector(unsigned, int) 0x08003711   Thumb Code   236  tb67h450_base.o(.text._ZN12TB67H450Base19SetFocCurrentVectorEji)
    TB67H450Base::Brake()                    0x080037f5   Thumb Code    44  tb67h450_base.o(.text._ZN12TB67H450Base5BrakeEv)
    TB67H450Base::Sleep()                    0x08003821   Thumb Code    44  tb67h450_base.o(.text._ZN12TB67H450Base5SleepEv)
    MotionPlanner::AttachConfig(MotionPlanner::Config_t*) 0x0800384d   Thumb Code    58  motion_planner.o(.text._ZN13MotionPlanner12AttachConfigEPNS_8Config_tE)
    MotionPlanner::CurrentTracker::CalcSoftGoal(int) 0x08003887   Thumb Code    86  motion_planner.o(.text._ZN13MotionPlanner14CurrentTracker12CalcSoftGoalEi)
    MotionPlanner::CurrentTracker::CalcCurrentIntegral(int) 0x080038dd   Thumb Code    26  motion_planner.o(.text._ZN13MotionPlanner14CurrentTracker19CalcCurrentIntegralEi)
    MotionPlanner::CurrentTracker::NewTask(int) 0x080038f7   Thumb Code     8  motion_planner.o(.text._ZN13MotionPlanner14CurrentTracker7NewTaskEi)
    MotionPlanner::PositionTracker::CalcSoftGoal(int) 0x080038ff   Thumb Code   356  motion_planner.o(.text._ZN13MotionPlanner15PositionTracker12CalcSoftGoalEi)
    MotionPlanner::PositionTracker::SetVelocityAcc(int) 0x08003a63   Thumb Code    28  motion_planner.o(.text._ZN13MotionPlanner15PositionTracker14SetVelocityAccEi)
    MotionPlanner::PositionTracker::CalcPositionIntegral(int) 0x08003a7f   Thumb Code    26  motion_planner.o(.text._ZN13MotionPlanner15PositionTracker20CalcPositionIntegralEi)
    MotionPlanner::PositionTracker::CalcVelocityIntegral(int) 0x08003a99   Thumb Code    26  motion_planner.o(.text._ZN13MotionPlanner15PositionTracker20CalcVelocityIntegralEi)
    MotionPlanner::PositionTracker::Init()   0x08003ab3   Thumb Code    38  motion_planner.o(.text._ZN13MotionPlanner15PositionTracker4InitEv)
    MotionPlanner::PositionTracker::NewTask(int, int) 0x08003ad9   Thumb Code    12  motion_planner.o(.text._ZN13MotionPlanner15PositionTracker7NewTaskEii)
    MotionPlanner::VelocityTracker::CalcSoftGoal(int) 0x08003ae5   Thumb Code    86  motion_planner.o(.text._ZN13MotionPlanner15VelocityTracker12CalcSoftGoalEi)
    MotionPlanner::VelocityTracker::SetVelocityAcc(int) 0x08003b3b   Thumb Code     4  motion_planner.o(.text._ZN13MotionPlanner15VelocityTracker14SetVelocityAccEi)
    MotionPlanner::VelocityTracker::CalcVelocityIntegral(int) 0x08003b3f   Thumb Code    26  motion_planner.o(.text._ZN13MotionPlanner15VelocityTracker20CalcVelocityIntegralEi)
    MotionPlanner::VelocityTracker::NewTask(int) 0x08003b59   Thumb Code     8  motion_planner.o(.text._ZN13MotionPlanner15VelocityTracker7NewTaskEi)
    MotionPlanner::TrajectoryTracker::CalcSoftGoal(int, int) 0x08003b61   Thumb Code   212  motion_planner.o(.text._ZN13MotionPlanner17TrajectoryTracker12CalcSoftGoalEii)
    MotionPlanner::TrajectoryTracker::CalcPositionIntegral(int) 0x08003c35   Thumb Code    26  motion_planner.o(.text._ZN13MotionPlanner17TrajectoryTracker20CalcPositionIntegralEi)
    MotionPlanner::TrajectoryTracker::CalcVelocityIntegral(int) 0x08003c4f   Thumb Code    26  motion_planner.o(.text._ZN13MotionPlanner17TrajectoryTracker20CalcVelocityIntegralEi)
    MotionPlanner::TrajectoryTracker::NewTask(int, int) 0x08003c69   Thumb Code    16  motion_planner.o(.text._ZN13MotionPlanner17TrajectoryTracker7NewTaskEii)
    MotionPlanner::PositionInterpolator::CalcSoftGoal(int) 0x08003c79   Thumb Code    54  motion_planner.o(.text._ZN13MotionPlanner20PositionInterpolator12CalcSoftGoalEi)
    MotionPlanner::PositionInterpolator::NewTask(int, int) 0x08003caf   Thumb Code    10  motion_planner.o(.text._ZN13MotionPlanner20PositionInterpolator7NewTaskEii)
    MotionPlanner::MotionPlanner__sub_object() 0x08003cb9   Thumb Code    94  main_1.o(.text._ZN13MotionPlannerC2Ev)
    EncoderCalibratorBase::CycleAverage(int, int, int) 0x08003d17   Thumb Code    66  encoder_calibrator_base.o(.text._ZN21EncoderCalibratorBase12CycleAverageEiii)
    EncoderCalibratorBase::TickMainLoop()    0x08003d59   Thumb Code   652  encoder_calibrator_base.o(.text._ZN21EncoderCalibratorBase12TickMainLoopEv)
    EncoderCalibratorBase::CycleDataAverage(const unsigned short*, unsigned short, int) 0x08003fe5   Thumb Code    80  encoder_calibrator_base.o(.text._ZN21EncoderCalibratorBase16CycleDataAverageEPKtti)
    EncoderCalibratorBase::CalibrationDataCheck() 0x08004035   Thumb Code   456  encoder_calibrator_base.o(.text._ZN21EncoderCalibratorBase20CalibrationDataCheckEv)
    EncoderCalibratorBase::WriteFlash16bitsAppend(unsigned short) 0x080041fd   Thumb Code    24  encoder_calibrator_base.o(.text._ZN21EncoderCalibratorBase22WriteFlash16bitsAppendEt)
    EncoderCalibratorBase::Tick20kHz()       0x08004215   Thumb Code   380  encoder_calibrator_base.o(.text._ZN21EncoderCalibratorBase9Tick20kHzEv)
    Motor::Controller::GetPosition(bool)     0x0800438d   Thumb Code    46  motor.o(.text._ZN5Motor10Controller11GetPositionEb)
    Motor::Controller::GetVelocity()         0x080043bb   Thumb Code    28  motor.o(.text._ZN5Motor10Controller11GetVelocityEv)
    Motor::Controller::SetCtrlMode(Motor::Mode_t) 0x080043d7   Thumb Code     4  motor.o(.text._ZN5Motor10Controller11SetCtrlModeENS_6Mode_tE)
    Motor::Controller::AttachConfig(Motor::Controller::Config_t*) 0x080043db   Thumb Code     4  motor.o(.text._ZN5Motor10Controller12AttachConfigEPNS0_8Config_tE)
    Motor::Controller::GetFocCurrent()       0x080043e1   Thumb Code    20  motor.o(.text._ZN5Motor10Controller13GetFocCurrentEv)
    Motor::Controller::CalcDceToOutput(int, int) 0x080043f5   Thumb Code   192  motor.o(.text._ZN5Motor10Controller15CalcDceToOutputEii)
    Motor::Controller::CalcPidToOutput(int)  0x080044b5   Thumb Code   156  motor.o(.text._ZN5Motor10Controller15CalcPidToOutputEi)
    Motor::Controller::SetCurrentSetPoint(int) 0x08004551   Thumb Code    24  motor.o(.text._ZN5Motor10Controller18SetCurrentSetPointEi)
    Motor::Controller::CalcCurrentToOutput(int) 0x08004569   Thumb Code    44  motor.o(.text._ZN5Motor10Controller19CalcCurrentToOutputEi)
    Motor::Controller::SetPositionSetPoint(int) 0x08004595   Thumb Code    10  motor.o(.text._ZN5Motor10Controller19SetPositionSetPointEi)
    Motor::Controller::SetVelocitySetPoint(int) 0x0800459f   Thumb Code    20  motor.o(.text._ZN5Motor10Controller19SetVelocitySetPointEi)
    Motor::Controller::ApplyPosAsHomeOffset() 0x080045b3   Thumb Code    18  motor.o(.text._ZN5Motor10Controller20ApplyPosAsHomeOffsetEv)
    Motor::Controller::CompensateAdvancedAngle(int) 0x080045c5   Thumb Code   220  motor.o(.text._ZN5Motor10Controller23CompensateAdvancedAngleEi)
    Motor::Controller::SetPositionSetPointWithTime(int, float) 0x080046a1   Thumb Code   200  motor.o(.text._ZN5Motor10Controller27SetPositionSetPointWithTimeEif)
    Motor::Controller::Init()                0x08004765   Thumb Code   112  motor.o(.text._ZN5Motor10Controller4InitEv)
    Motor::AttachEncoder(MT6816Base*)        0x080047d5   Thumb Code     6  motor.o(.text._ZN5Motor13AttachEncoderEP10MT6816Base)
    Motor::CloseLoopControlTick()            0x080047dd   Thumb Code   960  motor.o(.text._ZN5Motor20CloseLoopControlTickEv)
    Motor::Tick20kHz()                       0x08004b9d   Thumb Code    24  motor.o(.text._ZN5Motor9Tick20kHzEv)
    Motor::Motor__sub_object()               0x08004bb5   Thumb Code   218  main_1.o(.text._ZN5MotorC2Ev)
    main                                     0x08004c8f   Thumb Code    48  main.o(.text.main)
    sqrtf                                    0x08004cbf   Thumb Code    44  sqrtf.o(i.sqrtf)
    __fpl_dcmp_Inf                           0x08004ceb   Thumb Code    24  dcmpi.o(x$fpl$dcmpinf)
    __aeabi_cdcmpeq                          0x08004d05   Thumb Code     0  deqf.o(x$fpl$deqf)
    _dcmpeq                                  0x08004d05   Thumb Code   120  deqf.o(x$fpl$deqf)
    __aeabi_d2iz                             0x08004d7d   Thumb Code     0  dfix.o(x$fpl$dfix)
    _dfix                                    0x08004d7d   Thumb Code    94  dfix.o(x$fpl$dfix)
    __aeabi_d2uiz                            0x08004ddd   Thumb Code     0  dfixu.o(x$fpl$dfixu)
    _dfixu                                   0x08004ddd   Thumb Code    90  dfixu.o(x$fpl$dfixu)
    __aeabi_i2d                              0x08004e37   Thumb Code     0  dflt_clz.o(x$fpl$dflt)
    _dflt                                    0x08004e37   Thumb Code    46  dflt_clz.o(x$fpl$dflt)
    __aeabi_ui2d                             0x08004e65   Thumb Code     0  dflt_clz.o(x$fpl$dfltu)
    _dfltu                                   0x08004e65   Thumb Code    38  dflt_clz.o(x$fpl$dfltu)
    __aeabi_cdcmpge                          0x08004e8d   Thumb Code     0  dgeqf.o(x$fpl$dgeqf)
    _dcmpge                                  0x08004e8d   Thumb Code   120  dgeqf.o(x$fpl$dgeqf)
    __aeabi_cdcmple                          0x08004f05   Thumb Code     0  dleqf.o(x$fpl$dleqf)
    _dcmple                                  0x08004f05   Thumb Code   120  dleqf.o(x$fpl$dleqf)
    __fpl_dcmple_InfNaN                      0x08004f67   Thumb Code     0  dleqf.o(x$fpl$dleqf)
    __aeabi_dmul                             0x08004f7d   Thumb Code     0  dmul.o(x$fpl$dmul)
    _dmul                                    0x08004f7d   Thumb Code   332  dmul.o(x$fpl$dmul)
    __fpl_dnaninf                            0x080050d1   Thumb Code   156  dnaninf.o(x$fpl$dnaninf)
    __fpl_dretinf                            0x0800516d   Thumb Code    12  dretinf.o(x$fpl$dretinf)
    __aeabi_fadd                             0x08005179   Thumb Code     0  faddsub_clz.o(x$fpl$fadd)
    _fadd                                    0x08005179   Thumb Code   196  faddsub_clz.o(x$fpl$fadd)
    __aeabi_dcmpeq                           0x0800523d   Thumb Code     0  dcmp.o(x$fpl$fcmp)
    _deq                                     0x0800523d   Thumb Code    14  dcmp.o(x$fpl$fcmp)
    _dneq                                    0x0800524b   Thumb Code    14  dcmp.o(x$fpl$fcmp)
    __aeabi_dcmpgt                           0x08005259   Thumb Code     0  dcmp.o(x$fpl$fcmp)
    _dgr                                     0x08005259   Thumb Code    14  dcmp.o(x$fpl$fcmp)
    __aeabi_dcmpge                           0x08005267   Thumb Code     0  dcmp.o(x$fpl$fcmp)
    _dgeq                                    0x08005267   Thumb Code    14  dcmp.o(x$fpl$fcmp)
    __aeabi_dcmple                           0x08005275   Thumb Code     0  dcmp.o(x$fpl$fcmp)
    _dleq                                    0x08005275   Thumb Code    14  dcmp.o(x$fpl$fcmp)
    __aeabi_dcmplt                           0x08005283   Thumb Code     0  dcmp.o(x$fpl$fcmp)
    _dls                                     0x08005283   Thumb Code    14  dcmp.o(x$fpl$fcmp)
    __aeabi_fcmpeq                           0x08005291   Thumb Code     0  fcmp.o(x$fpl$fcmp)
    _feq                                     0x08005291   Thumb Code    14  fcmp.o(x$fpl$fcmp)
    _fneq                                    0x0800529f   Thumb Code    14  fcmp.o(x$fpl$fcmp)
    __aeabi_fcmpgt                           0x080052ad   Thumb Code     0  fcmp.o(x$fpl$fcmp)
    _fgr                                     0x080052ad   Thumb Code    14  fcmp.o(x$fpl$fcmp)
    __aeabi_fcmpge                           0x080052bb   Thumb Code     0  fcmp.o(x$fpl$fcmp)
    _fgeq                                    0x080052bb   Thumb Code    14  fcmp.o(x$fpl$fcmp)
    __aeabi_fcmple                           0x080052c9   Thumb Code     0  fcmp.o(x$fpl$fcmp)
    _fleq                                    0x080052c9   Thumb Code    14  fcmp.o(x$fpl$fcmp)
    __aeabi_fcmplt                           0x080052d7   Thumb Code     0  fcmp.o(x$fpl$fcmp)
    _fls                                     0x080052d7   Thumb Code    14  fcmp.o(x$fpl$fcmp)
    __fpl_fcmp_Inf                           0x080052e5   Thumb Code    24  fcmpi.o(x$fpl$fcmpinf)
    __aeabi_fdiv                             0x080052fd   Thumb Code     0  fdiv.o(x$fpl$fdiv)
    _fdiv                                    0x080052fd   Thumb Code   384  fdiv.o(x$fpl$fdiv)
    __aeabi_cfcmpeq                          0x08005481   Thumb Code     0  feqf.o(x$fpl$feqf)
    _fcmpeq                                  0x08005481   Thumb Code   104  feqf.o(x$fpl$feqf)
    __aeabi_f2iz                             0x080054e9   Thumb Code     0  ffix.o(x$fpl$ffix)
    _ffix                                    0x080054e9   Thumb Code    54  ffix.o(x$fpl$ffix)
    __aeabi_i2f                              0x08005521   Thumb Code     0  fflt_clz.o(x$fpl$fflt)
    _fflt                                    0x08005521   Thumb Code    48  fflt_clz.o(x$fpl$fflt)
    _fcmpge                                  0x08005551   Thumb Code   104  fgeqf.o(x$fpl$fgeqf)
    __aeabi_cfcmple                          0x080055b9   Thumb Code     0  fleqf.o(x$fpl$fleqf)
    _fcmple                                  0x080055b9   Thumb Code   104  fleqf.o(x$fpl$fleqf)
    __fpl_fcmple_InfNaN                      0x0800560b   Thumb Code     0  fleqf.o(x$fpl$fleqf)
    __aeabi_fmul                             0x08005621   Thumb Code     0  fmul.o(x$fpl$fmul)
    _fmul                                    0x08005621   Thumb Code   258  fmul.o(x$fpl$fmul)
    __fpl_fnaninf                            0x08005723   Thumb Code   140  fnaninf.o(x$fpl$fnaninf)
    __fpl_fretinf                            0x080057af   Thumb Code    10  fretinf.o(x$fpl$fretinf)
    _fsqrt                                   0x080057b9   Thumb Code   272  fsqrt.o(x$fpl$fsqrt)
    __aeabi_fsub                             0x080058c9   Thumb Code     0  faddsub_clz.o(x$fpl$fsub)
    _fsub                                    0x080058c9   Thumb Code   234  faddsub_clz.o(x$fpl$fsub)
    AHBPrescTable                            0x080059b2   Data          16  system_stm32f1xx.o(.rodata.AHBPrescTable)
    __I$use$fp                               0x080059b2   Number         0  usenofp.o(x$fpl$usenofp)
    APBPrescTable                            0x080059c2   Data           8  system_stm32f1xx.o(.rodata.APBPrescTable)
    Region$$Table$$Base                      0x080061cc   Number         0  anon$$obj.o(Region$$Table)
    Region$$Table$$Limit                     0x080061ec   Number         0  anon$$obj.o(Region$$Table)
    SHT$$INIT_ARRAY$$Base                    0x080061ec   Number         0  main_1.o(.init_array)
    SHT$$INIT_ARRAY$$Limit                   0x080061f0   Number         0  main_1.o(.init_array)
    uwTickFreq                               0x20000000   Data           1  stm32f1xx_hal.o(.data..L_MergedGlobals)
    uwTickPrio                               0x20000004   Data           4  stm32f1xx_hal.o(.data..L_MergedGlobals)
    uwTick                                   0x20000008   Data           4  stm32f1xx_hal.o(.data..L_MergedGlobals)
    SystemCoreClock                          0x2000000c   Data           4  system_stm32f1xx.o(.data.SystemCoreClock)
    stockpile_quick_cali                     0x20000010   Data          16  stockpile_f103cb.o(.data.stockpile_quick_cali)
    txHeader                                 0x20000020   Data          24  interface_can.o(.data.txHeader)
    __libspace_start                         0x20000040   Data          96  libspace.o(.bss)
    __temporary_stack_top$libspace           0x200000a0   Data           0  libspace.o(.bss)
    hdma_usart1_rx                           0x200000a0   Data          68  usart.o(.bss..L_MergedGlobals)
    _b                                       0x200000f0   Data           2  main_1.o(.bss..L_MergedGlobals)
    _p                                       0x200000f2   Data           2  main_1.o(.bss..L_MergedGlobals)
    button1                                  0x200000f4   Data          28  main_1.o(.bss..L_MergedGlobals)
    button2                                  0x20000110   Data          28  main_1.o(.bss..L_MergedGlobals)
    boardConfig                              0x2000012c   Data          52  main_1.o(.bss..L_MergedGlobals)
    Tx_flag                                  0x20000164   Data           1  uart_handle.o(.bss..L_MergedGlobals)
    rec                                      0x20000166   Data           2  uart_handle.o(.bss..L_MergedGlobals)
    hdma_usart1_tx                           0x20000170   Data          68  usart.o(.bss..L_MergedGlobals.1)
    rec_buff                                 0x200001c0   Data         100  main_1.o(.bss..L_MergedGlobals.5)
    RxData                                   0x20000224   Data           8  interface_can.o(.bss.RxData)
    RxHeader                                 0x2000022c   Data          28  interface_can.o(.bss.RxHeader)
    TxMailbox                                0x20000248   Data           4  interface_can.o(.bss.TxMailbox)
    datalen                                  0x2000024d   Data           1  uart_handle.o(.bss.datalen)
    encoder_calibrator_base                  0x20000250   Data         868  main_1.o(.bss.encoder_calibrator_base)
    hcan                                     0x200005b4   Data          40  can.o(.bss.hcan)
    hspi1                                    0x200005dc   Data          88  spi.o(.bss.hspi1)
    htim1                                    0x20000634   Data          72  tim.o(.bss.htim1)
    htim2                                    0x2000067c   Data          72  tim.o(.bss.htim2)
    htim4                                    0x200006c4   Data          72  tim.o(.bss.htim4)
    huart1                                   0x2000070c   Data          72  usart.o(.bss.huart1)
    motor                                    0x20000754   Data         428  main_1.o(.bss.motor)
    mt6816_base                              0x20000900   Data          36  main_1.o(.bss.mt6816_base)
    pFlash                                   0x20000928   Data          32  stm32f1xx_hal_flash.o(.bss.pFlash)
    rxLen                                    0x20000948   Data           1  main_1.o(.bss.rxLen)
    rx_buffer                                0x20000949   Data         128  main_1.o(.bss.rx_buffer)
    tb67h450_base                            0x200009ca   Data          12  main_1.o(.bss.tb67h450_base)



==============================================================================

Memory Map of the image

  Image Entry point : 0x080000ed

  Load Region LR_IROM1 (Base: 0x08000000, Size: 0x00006230, Max: 0x00020000, ABSOLUTE)

    Execution Region ER_IROM1 (Exec base: 0x08000000, Load base: 0x08000000, Size: 0x000061f0, Max: 0x00020000, ABSOLUTE)

    Exec Addr    Load Addr    Size         Type   Attr      Idx    E Section Name        Object

    0x08000000   0x08000000   0x000000ec   Data   RO            3    RESET               startup_stm32f103xb.o
    0x080000ec   0x080000ec   0x00000008   Code   RO         1640  * !!!main             c_w.l(__main.o)
    0x080000f4   0x080000f4   0x00000034   Code   RO         2017    !!!scatter          c_w.l(__scatter.o)
    0x08000128   0x08000128   0x0000001a   Code   RO         2019    !!handler_copy      c_w.l(__scatter_copy.o)
    0x08000142   0x08000142   0x00000002   PAD
    0x08000144   0x08000144   0x0000001c   Code   RO         2021    !!handler_zi        c_w.l(__scatter_zi.o)
    0x08000160   0x08000160   0x00000002   Code   RO         1950    .ARM.Collect$$libinit$$00000000  c_w.l(libinit.o)
    0x08000162   0x08000162   0x00000000   Code   RO         1744    .ARM.Collect$$libinit$$00000002  c_w.l(libinit2.o)
    0x08000162   0x08000162   0x00000000   Code   RO         1746    .ARM.Collect$$libinit$$00000004  c_w.l(libinit2.o)
    0x08000162   0x08000162   0x00000000   Code   RO         1749    .ARM.Collect$$libinit$$0000000A  c_w.l(libinit2.o)
    0x08000162   0x08000162   0x00000000   Code   RO         1751    .ARM.Collect$$libinit$$0000000C  c_w.l(libinit2.o)
    0x08000162   0x08000162   0x00000000   Code   RO         1753    .ARM.Collect$$libinit$$0000000E  c_w.l(libinit2.o)
    0x08000162   0x08000162   0x00000000   Code   RO         1756    .ARM.Collect$$libinit$$00000011  c_w.l(libinit2.o)
    0x08000162   0x08000162   0x00000000   Code   RO         1758    .ARM.Collect$$libinit$$00000013  c_w.l(libinit2.o)
    0x08000162   0x08000162   0x00000000   Code   RO         1760    .ARM.Collect$$libinit$$00000015  c_w.l(libinit2.o)
    0x08000162   0x08000162   0x00000000   Code   RO         1762    .ARM.Collect$$libinit$$00000017  c_w.l(libinit2.o)
    0x08000162   0x08000162   0x00000000   Code   RO         1764    .ARM.Collect$$libinit$$00000019  c_w.l(libinit2.o)
    0x08000162   0x08000162   0x00000000   Code   RO         1766    .ARM.Collect$$libinit$$0000001B  c_w.l(libinit2.o)
    0x08000162   0x08000162   0x00000000   Code   RO         1768    .ARM.Collect$$libinit$$0000001D  c_w.l(libinit2.o)
    0x08000162   0x08000162   0x00000000   Code   RO         1770    .ARM.Collect$$libinit$$0000001F  c_w.l(libinit2.o)
    0x08000162   0x08000162   0x00000000   Code   RO         1772    .ARM.Collect$$libinit$$00000021  c_w.l(libinit2.o)
    0x08000162   0x08000162   0x00000000   Code   RO         1774    .ARM.Collect$$libinit$$00000023  c_w.l(libinit2.o)
    0x08000162   0x08000162   0x00000000   Code   RO         1776    .ARM.Collect$$libinit$$00000025  c_w.l(libinit2.o)
    0x08000162   0x08000162   0x00000000   Code   RO         1780    .ARM.Collect$$libinit$$0000002C  c_w.l(libinit2.o)
    0x08000162   0x08000162   0x00000000   Code   RO         1782    .ARM.Collect$$libinit$$0000002E  c_w.l(libinit2.o)
    0x08000162   0x08000162   0x00000000   Code   RO         1784    .ARM.Collect$$libinit$$00000030  c_w.l(libinit2.o)
    0x08000162   0x08000162   0x00000004   Code   RO         1785    .ARM.Collect$$libinit$$00000031  c_w.l(libinit2.o)
    0x08000166   0x08000166   0x00000000   Code   RO         1786    .ARM.Collect$$libinit$$00000032  c_w.l(libinit2.o)
    0x08000166   0x08000166   0x00000002   Code   RO         1787    .ARM.Collect$$libinit$$00000033  c_w.l(libinit2.o)
    0x08000168   0x08000168   0x00000002   Code   RO         1998    .ARM.Collect$$libshutdown$$00000000  c_w.l(libshutdown.o)
    0x0800016a   0x0800016a   0x00000000   Code   RO         2000    .ARM.Collect$$libshutdown$$00000002  c_w.l(libshutdown2.o)
    0x0800016a   0x0800016a   0x00000000   Code   RO         2002    .ARM.Collect$$libshutdown$$00000004  c_w.l(libshutdown2.o)
    0x0800016a   0x0800016a   0x00000000   Code   RO         2005    .ARM.Collect$$libshutdown$$00000007  c_w.l(libshutdown2.o)
    0x0800016a   0x0800016a   0x00000000   Code   RO         2008    .ARM.Collect$$libshutdown$$0000000A  c_w.l(libshutdown2.o)
    0x0800016a   0x0800016a   0x00000000   Code   RO         2010    .ARM.Collect$$libshutdown$$0000000C  c_w.l(libshutdown2.o)
    0x0800016a   0x0800016a   0x00000000   Code   RO         2013    .ARM.Collect$$libshutdown$$0000000F  c_w.l(libshutdown2.o)
    0x0800016a   0x0800016a   0x00000002   Code   RO         2014    .ARM.Collect$$libshutdown$$00000010  c_w.l(libshutdown2.o)
    0x0800016c   0x0800016c   0x00000000   Code   RO         1738    .ARM.Collect$$rtentry$$00000000  c_w.l(__rtentry.o)
    0x0800016c   0x0800016c   0x00000000   Code   RO         1889    .ARM.Collect$$rtentry$$00000002  c_w.l(__rtentry2.o)
    0x0800016c   0x0800016c   0x00000006   Code   RO         1901    .ARM.Collect$$rtentry$$00000004  c_w.l(__rtentry4.o)
    0x08000172   0x08000172   0x00000000   Code   RO         1891    .ARM.Collect$$rtentry$$00000009  c_w.l(__rtentry2.o)
    0x08000172   0x08000172   0x00000004   Code   RO         1892    .ARM.Collect$$rtentry$$0000000A  c_w.l(__rtentry2.o)
    0x08000176   0x08000176   0x00000000   Code   RO         1894    .ARM.Collect$$rtentry$$0000000C  c_w.l(__rtentry2.o)
    0x08000176   0x08000176   0x00000008   Code   RO         1895    .ARM.Collect$$rtentry$$0000000D  c_w.l(__rtentry2.o)
    0x0800017e   0x0800017e   0x00000002   Code   RO         1955    .ARM.Collect$$rtexit$$00000000  c_w.l(rtexit.o)
    0x08000180   0x08000180   0x00000000   Code   RO         1972    .ARM.Collect$$rtexit$$00000002  c_w.l(rtexit2.o)
    0x08000180   0x08000180   0x00000004   Code   RO         1973    .ARM.Collect$$rtexit$$00000003  c_w.l(rtexit2.o)
    0x08000184   0x08000184   0x00000006   Code   RO         1974    .ARM.Collect$$rtexit$$00000004  c_w.l(rtexit2.o)
    0x0800018a   0x0800018a   0x00000002   PAD
    0x0800018c   0x0800018c   0x00000040   Code   RO            4    .text               startup_stm32f103xb.o
    0x080001cc   0x080001cc   0x00000044   Code   RO         1632    .text               c_w.l(rt_memclr.o)
    0x08000210   0x08000210   0x0000004e   Code   RO         1634    .text               c_w.l(rt_memclr_w.o)
    0x0800025e   0x0800025e   0x00000006   Code   RO         1638    .text               c_w.l(heapauxi.o)
    0x08000264   0x08000264   0x00000024   Code   RO         1645    .text               c_w.l(init_aeabi.o)
    0x08000288   0x08000288   0x00000016   Code   RO         1739    .text               c_w.l(_rserrno.o)
    0x0800029e   0x0800029e   0x00000002   PAD
    0x080002a0   0x080002a0   0x0000000c   Code   RO         1884    .text               c_w.l(sys_exit.o)
    0x080002ac   0x080002ac   0x00000008   Code   RO         1906    .text               c_w.l(rt_errno_addr_intlibspace.o)
    0x080002b4   0x080002b4   0x00000008   Code   RO         1923    .text               c_w.l(libspace.o)
    0x080002bc   0x080002bc   0x00000002   Code   RO         1926    .text               c_w.l(use_no_semi.o)
    0x080002be   0x080002be   0x00000000   Code   RO         1928    .text               c_w.l(indicate_semi.o)
    0x080002be   0x080002be   0x0000004a   Code   RO         1929    .text               c_w.l(sys_stackheap_outer.o)
    0x08000308   0x08000308   0x00000012   Code   RO         1933    .text               c_w.l(exit.o)
    0x0800031a   0x0800031a   0x00000002   Code   RO          147    .text.BusFault_Handler  stm32f1xx_it.o
    0x0800031c   0x0800031c   0x00000008   Code   RO          167    .text.CAN1_RX1_IRQHandler  stm32f1xx_it.o
    0x08000324   0x08000324   0x0000000c   Code   RO          169    .text.CAN1_SCE_IRQHandler  stm32f1xx_it.o
    0x08000330   0x08000330   0x0000000c   Code   RO          159    .text.DMA1_Channel4_IRQHandler  stm32f1xx_it.o
    0x0800033c   0x0800033c   0x0000000c   Code   RO          161    .text.DMA1_Channel5_IRQHandler  stm32f1xx_it.o
    0x08000348   0x08000348   0x00000028   Code   RO          452    .text.DMA_SetConfig  stm32f1xx_hal_dma.o
    0x08000370   0x08000370   0x00000002   Code   RO          153    .text.DebugMon_Handler  stm32f1xx_it.o
    0x08000372   0x08000372   0x00000008   Code   RO           15    .text.Error_Handler  main.o
    0x0800037a   0x0800037a   0x00000002   PAD
    0x0800037c   0x0800037c   0x00000054   Code   RO          579    .text.FLASH_SetErrorCode  stm32f1xx_hal_flash.o
    0x080003d0   0x080003d0   0x00000060   Code   RO          573    .text.FLASH_WaitForLastOperation  stm32f1xx_hal_flash.o
    0x08000430   0x08000430   0x00000090   Code   RO          238    .text.HAL_CAN_AddTxMessage  stm32f1xx_hal_can.o
    0x080004c0   0x080004c0   0x00000002   Code   RO          282    .text.HAL_CAN_ErrorCallback  stm32f1xx_hal_can.o
    0x080004c2   0x080004c2   0x00000124   Code   RO          248    .text.HAL_CAN_GetRxMessage  stm32f1xx_hal_can.o
    0x080005e6   0x080005e6   0x00000002   PAD
    0x080005e8   0x080005e8   0x00000206   Code   RO          256    .text.HAL_CAN_IRQHandler  stm32f1xx_hal_can.o
    0x080007ee   0x080007ee   0x000000fc   Code   RO          218    .text.HAL_CAN_Init  stm32f1xx_hal_can.o
    0x080008ea   0x080008ea   0x00000002   PAD
    0x080008ec   0x080008ec   0x000000d0   Code   RO           44    .text.HAL_CAN_MspInit  can.o
    0x080009bc   0x080009bc   0x00000002   Code   RO          270    .text.HAL_CAN_RxFifo0FullCallback  stm32f1xx_hal_can.o
    0x080009be   0x080009be   0x00000002   PAD
    0x080009c0   0x080009c0   0x00000038   Code   RO         1282    .text.HAL_CAN_RxFifo0MsgPendingCallback  main_1.o
    0x080009f8   0x080009f8   0x00000002   Code   RO          274    .text.HAL_CAN_RxFifo1FullCallback  stm32f1xx_hal_can.o
    0x080009fa   0x080009fa   0x00000002   Code   RO          276    .text.HAL_CAN_RxFifo1MsgPendingCallback  stm32f1xx_hal_can.o
    0x080009fc   0x080009fc   0x00000002   Code   RO          278    .text.HAL_CAN_SleepCallback  stm32f1xx_hal_can.o
    0x080009fe   0x080009fe   0x00000002   Code   RO          260    .text.HAL_CAN_TxMailbox0AbortCallback  stm32f1xx_hal_can.o
    0x08000a00   0x08000a00   0x00000002   Code   RO          258    .text.HAL_CAN_TxMailbox0CompleteCallback  stm32f1xx_hal_can.o
    0x08000a02   0x08000a02   0x00000002   Code   RO          264    .text.HAL_CAN_TxMailbox1AbortCallback  stm32f1xx_hal_can.o
    0x08000a04   0x08000a04   0x00000002   Code   RO          262    .text.HAL_CAN_TxMailbox1CompleteCallback  stm32f1xx_hal_can.o
    0x08000a06   0x08000a06   0x00000002   Code   RO          268    .text.HAL_CAN_TxMailbox2AbortCallback  stm32f1xx_hal_can.o
    0x08000a08   0x08000a08   0x00000002   Code   RO          266    .text.HAL_CAN_TxMailbox2CompleteCallback  stm32f1xx_hal_can.o
    0x08000a0a   0x08000a0a   0x00000002   Code   RO          280    .text.HAL_CAN_WakeUpFromRxMsgCallback  stm32f1xx_hal_can.o
    0x08000a0c   0x08000a0c   0x0000003e   Code   RO          456    .text.HAL_DMA_Abort  stm32f1xx_hal_dma.o
    0x08000a4a   0x08000a4a   0x00000002   PAD
    0x08000a4c   0x08000a4c   0x0000008c   Code   RO          458    .text.HAL_DMA_Abort_IT  stm32f1xx_hal_dma.o
    0x08000ad8   0x08000ad8   0x00000140   Code   RO          462    .text.HAL_DMA_IRQHandler  stm32f1xx_hal_dma.o
    0x08000c18   0x08000c18   0x00000074   Code   RO          446    .text.HAL_DMA_Init  stm32f1xx_hal_dma.o
    0x08000c8c   0x08000c8c   0x0000006e   Code   RO          454    .text.HAL_DMA_Start_IT  stm32f1xx_hal_dma.o
    0x08000cfa   0x08000cfa   0x00000002   PAD
    0x08000cfc   0x08000cfc   0x000000b8   Code   RO          609    .text.HAL_FLASHEx_Erase  stm32f1xx_hal_flash_ex.o
    0x08000db4   0x08000db4   0x00000010   Code   RO          587    .text.HAL_FLASH_Lock  stm32f1xx_hal_flash.o
    0x08000dc4   0x08000dc4   0x000000b0   Code   RO          571    .text.HAL_FLASH_Program  stm32f1xx_hal_flash.o
    0x08000e74   0x08000e74   0x0000002c   Code   RO          585    .text.HAL_FLASH_Unlock  stm32f1xx_hal_flash.o
    0x08000ea0   0x08000ea0   0x000001c0   Code   RO          419    .text.HAL_GPIO_Init  stm32f1xx_hal_gpio.o
    0x08001060   0x08001060   0x0000000a   Code   RO          425    .text.HAL_GPIO_WritePin  stm32f1xx_hal_gpio.o
    0x0800106a   0x0800106a   0x00000002   PAD
    0x0800106c   0x0800106c   0x00000008   Code   RO          313    .text.HAL_GetTick   stm32f1xx_hal.o
    0x08001074   0x08001074   0x0000000c   Code   RO          311    .text.HAL_IncTick   stm32f1xx_hal.o
    0x08001080   0x08001080   0x00000024   Code   RO          301    .text.HAL_Init      stm32f1xx_hal.o
    0x080010a4   0x080010a4   0x0000003c   Code   RO          303    .text.HAL_InitTick  stm32f1xx_hal.o
    0x080010e0   0x080010e0   0x00000040   Code   RO          188    .text.HAL_MspInit   stm32f1xx_hal_msp.o
    0x08001120   0x08001120   0x0000001c   Code   RO          487    .text.HAL_NVIC_EnableIRQ  stm32f1xx_hal_cortex.o
    0x0800113c   0x0800113c   0x00000058   Code   RO          485    .text.HAL_NVIC_SetPriority  stm32f1xx_hal_cortex.o
    0x08001194   0x08001194   0x0000001c   Code   RO          483    .text.HAL_NVIC_SetPriorityGrouping  stm32f1xx_hal_cortex.o
    0x080011b0   0x080011b0   0x00000024   Code   RO          491    .text.HAL_NVIC_SystemReset  stm32f1xx_hal_cortex.o
    0x080011d4   0x080011d4   0x00000134   Code   RO          367    .text.HAL_RCC_ClockConfig  stm32f1xx_hal_rcc.o
    0x08001308   0x08001308   0x00000014   Code   RO          379    .text.HAL_RCC_GetPCLK1Freq  stm32f1xx_hal_rcc.o
    0x0800131c   0x0800131c   0x0000001c   Code   RO          381    .text.HAL_RCC_GetPCLK2Freq  stm32f1xx_hal_rcc.o
    0x08001338   0x08001338   0x00000064   Code   RO          369    .text.HAL_RCC_GetSysClockFreq  stm32f1xx_hal_rcc.o
    0x0800139c   0x0800139c   0x00000380   Code   RO          365    .text.HAL_RCC_OscConfig  stm32f1xx_hal_rcc.o
    0x0800171c   0x0800171c   0x000000b6   Code   RO          665    .text.HAL_SPI_Init  stm32f1xx_hal_spi.o
    0x080017d2   0x080017d2   0x00000002   PAD
    0x080017d4   0x080017d4   0x00000080   Code   RO           75    .text.HAL_SPI_MspInit  spi.o
    0x08001854   0x08001854   0x0000020e   Code   RO          679    .text.HAL_SPI_TransmitReceive  stm32f1xx_hal_spi.o
    0x08001a62   0x08001a62   0x00000002   PAD
    0x08001a64   0x08001a64   0x00000028   Code   RO          493    .text.HAL_SYSTICK_Config  stm32f1xx_hal_cortex.o
    0x08001a8c   0x08001a8c   0x00000002   Code   RO         1106    .text.HAL_TIMEx_BreakCallback  stm32f1xx_hal_tim_ex.o
    0x08001a8e   0x08001a8e   0x00000002   Code   RO         1102    .text.HAL_TIMEx_CommutCallback  stm32f1xx_hal_tim_ex.o
    0x08001a90   0x08001a90   0x00000060   Code   RO         1096    .text.HAL_TIMEx_MasterConfigSynchronization  stm32f1xx_hal_tim_ex.o
    0x08001af0   0x08001af0   0x00000058   Code   RO          786    .text.HAL_TIM_Base_Init  stm32f1xx_hal_tim.o
    0x08001b48   0x08001b48   0x00000064   Code   RO           99    .text.HAL_TIM_Base_MspInit  tim.o
    0x08001bac   0x08001bac   0x00000058   Code   RO          800    .text.HAL_TIM_Base_Start_IT  stm32f1xx_hal_tim.o
    0x08001c04   0x08001c04   0x000000f8   Code   RO          974    .text.HAL_TIM_ConfigClockSource  stm32f1xx_hal_tim.o
    0x08001cfc   0x08001cfc   0x00000002   Code   RO          922    .text.HAL_TIM_IC_CaptureCallback  stm32f1xx_hal_tim.o
    0x08001cfe   0x08001cfe   0x00000172   Code   RO          920    .text.HAL_TIM_IRQHandler  stm32f1xx_hal_tim.o
    0x08001e70   0x08001e70   0x00000064   Code   RO           95    .text.HAL_TIM_MspPostInit  tim.o
    0x08001ed4   0x08001ed4   0x00000002   Code   RO          924    .text.HAL_TIM_OC_DelayElapsedCallback  stm32f1xx_hal_tim.o
    0x08001ed6   0x08001ed6   0x00000002   PAD
    0x08001ed8   0x08001ed8   0x0000009a   Code   RO          948    .text.HAL_TIM_PWM_ConfigChannel  stm32f1xx_hal_tim.o
    0x08001f72   0x08001f72   0x00000058   Code   RO          840    .text.HAL_TIM_PWM_Init  stm32f1xx_hal_tim.o
    0x08001fca   0x08001fca   0x00000002   PAD
    0x08001fcc   0x08001fcc   0x00000028   Code   RO          101    .text.HAL_TIM_PWM_MspInit  tim.o
    0x08001ff4   0x08001ff4   0x00000002   Code   RO          926    .text.HAL_TIM_PWM_PulseFinishedCallback  stm32f1xx_hal_tim.o
    0x08001ff6   0x08001ff6   0x00000002   PAD
    0x08001ff8   0x08001ff8   0x000000a4   Code   RO          848    .text.HAL_TIM_PWM_Start  stm32f1xx_hal_tim.o
    0x0800209c   0x0800209c   0x00000028   Code   RO         1274    .text.HAL_TIM_PeriodElapsedCallback  main_1.o
    0x080020c4   0x080020c4   0x00000002   Code   RO          930    .text.HAL_TIM_TriggerCallback  stm32f1xx_hal_tim.o
    0x080020c6   0x080020c6   0x00000056   Code   RO         1177    .text.HAL_UARTEx_ReceiveToIdle_DMA  stm32f1xx_hal_uart.o
    0x0800211c   0x0800211c   0x00000024   Code   RO         1581    .text.HAL_UARTEx_RxEventCallback  uart_handle.o
    0x08002140   0x08002140   0x00000002   Code   RO         1213    .text.HAL_UART_ErrorCallback  stm32f1xx_hal_uart.o
    0x08002142   0x08002142   0x00000002   PAD
    0x08002144   0x08002144   0x000002a4   Code   RO         1207    .text.HAL_UART_IRQHandler  stm32f1xx_hal_uart.o
    0x080023e8   0x080023e8   0x0000005e   Code   RO         1123    .text.HAL_UART_Init  stm32f1xx_hal_uart.o
    0x08002446   0x08002446   0x00000002   PAD
    0x08002448   0x08002448   0x000000f8   Code   RO          123    .text.HAL_UART_MspInit  usart.o
    0x08002540   0x08002540   0x00000020   Code   RO         1159    .text.HAL_UART_Receive_DMA  stm32f1xx_hal_uart.o
    0x08002560   0x08002560   0x00000024   Code   RO         1280    .text.HAL_UART_RxCpltCallback  main_1.o
    0x08002584   0x08002584   0x00000002   Code   RO         1223    .text.HAL_UART_RxHalfCpltCallback  stm32f1xx_hal_uart.o
    0x08002586   0x08002586   0x00000002   Code   RO         1217    .text.HAL_UART_TxCpltCallback  stm32f1xx_hal_uart.o
    0x08002588   0x08002588   0x00000002   Code   RO          143    .text.HardFault_Handler  stm32f1xx_it.o
    0x0800258a   0x0800258a   0x00000002   PAD
    0x0800258c   0x0800258c   0x00000040   Code   RO           42    .text.MX_CAN_Init   can.o
    0x080025cc   0x080025cc   0x00000040   Code   RO           60    .text.MX_DMA_Init   dma.o
    0x0800260c   0x0800260c   0x00000080   Code   RO           29    .text.MX_GPIO_Init  gpio.o
    0x0800268c   0x0800268c   0x00000048   Code   RO           73    .text.MX_SPI1_Init  spi.o
    0x080026d4   0x080026d4   0x00000064   Code   RO           91    .text.MX_TIM1_Init  tim.o
    0x08002738   0x08002738   0x0000007c   Code   RO           93    .text.MX_TIM2_Init  tim.o
    0x080027b4   0x080027b4   0x00000060   Code   RO           97    .text.MX_TIM4_Init  tim.o
    0x08002814   0x08002814   0x00000034   Code   RO          121    .text.MX_USART1_UART_Init  usart.o
    0x08002848   0x08002848   0x000000fc   Code   RO         1272    .text.Main          main_1.o
    0x08002944   0x08002944   0x00000002   Code   RO          145    .text.MemManage_Handler  stm32f1xx_it.o
    0x08002946   0x08002946   0x00000002   Code   RO          141    .text.NMI_Handler   stm32f1xx_it.o
    0x08002948   0x08002948   0x0000041c   Code   RO         1560    .text.OnCanCmd      interface_can.o
    0x08002d64   0x08002d64   0x00000002   Code   RO          155    .text.PendSV_Handler  stm32f1xx_it.o
    0x08002d66   0x08002d66   0x00000022   Code   RO          675    .text.SPI_EndRxTxTransaction  stm32f1xx_hal_spi.o
    0x08002d88   0x08002d88   0x000000b8   Code   RO          773    .text.SPI_WaitFlagStateUntilTimeout  stm32f1xx_hal_spi.o
    0x08002e40   0x08002e40   0x00000002   Code   RO          151    .text.SVC_Handler   stm32f1xx_it.o
    0x08002e42   0x08002e42   0x0000000e   Code   RO         1469    .text.Stockpile_Flash_Data_Begin  stockpile_f103cb.o
    0x08002e50   0x08002e50   0x00000060   Code   RO         1467    .text.Stockpile_Flash_Data_Empty  stockpile_f103cb.o
    0x08002eb0   0x08002eb0   0x00000004   Code   RO         1471    .text.Stockpile_Flash_Data_End  stockpile_f103cb.o
    0x08002eb4   0x08002eb4   0x0000003e   Code   RO         1475    .text.Stockpile_Flash_Data_Write_Data16  stockpile_f103cb.o
    0x08002ef2   0x08002ef2   0x00000004   Code   RO          157    .text.SysTick_Handler  stm32f1xx_it.o
    0x08002ef6   0x08002ef6   0x00000066   Code   RO           13    .text.SystemClock_Config  main.o
    0x08002f5c   0x08002f5c   0x00000002   Code   RO         1254    .text.SystemInit    system_stm32f1xx.o
    0x08002f5e   0x08002f5e   0x00000002   PAD
    0x08002f60   0x08002f60   0x0000000c   Code   RO          171    .text.TIM1_UP_IRQHandler  stm32f1xx_it.o
    0x08002f6c   0x08002f6c   0x0000000c   Code   RO          173    .text.TIM4_IRQHandler  stm32f1xx_it.o
    0x08002f78   0x08002f78   0x00000070   Code   RO          790    .text.TIM_Base_SetConfig  stm32f1xx_hal_tim.o
    0x08002fe8   0x08002fe8   0x00000058   Code   RO          934    .text.TIM_OC1_SetConfig  stm32f1xx_hal_tim.o
    0x08003040   0x08003040   0x00000060   Code   RO          936    .text.TIM_OC2_SetConfig  stm32f1xx_hal_tim.o
    0x080030a0   0x080030a0   0x00000060   Code   RO          938    .text.TIM_OC3_SetConfig  stm32f1xx_hal_tim.o
    0x08003100   0x08003100   0x0000004c   Code   RO          940    .text.TIM_OC4_SetConfig  stm32f1xx_hal_tim.o
    0x0800314c   0x0800314c   0x00000022   Code   RO          976    .text.TIM_TI1_ConfigInputStage  stm32f1xx_hal_tim.o
    0x0800316e   0x0800316e   0x00000024   Code   RO          978    .text.TIM_TI2_ConfigInputStage  stm32f1xx_hal_tim.o
    0x08003192   0x08003192   0x0000000c   Code   RO         1211    .text.UART_DMAAbortOnError  stm32f1xx_hal_uart.o
    0x0800319e   0x0800319e   0x0000004e   Code   RO         1157    .text.UART_DMAError  stm32f1xx_hal_uart.o
    0x080031ec   0x080031ec   0x0000008c   Code   RO         1239    .text.UART_DMAReceiveCplt  stm32f1xx_hal_uart.o
    0x08003278   0x08003278   0x00000018   Code   RO         1241    .text.UART_DMARxHalfCplt  stm32f1xx_hal_uart.o
    0x08003290   0x08003290   0x0000004e   Code   RO         1171    .text.UART_EndRxTransfer  stm32f1xx_hal_uart.o
    0x080032de   0x080032de   0x0000001c   Code   RO         1169    .text.UART_EndTxTransfer  stm32f1xx_hal_uart.o
    0x080032fa   0x080032fa   0x000000ca   Code   RO         1209    .text.UART_Receive_IT  stm32f1xx_hal_uart.o
    0x080033c4   0x080033c4   0x00000084   Code   RO         1127    .text.UART_SetConfig  stm32f1xx_hal_uart.o
    0x08003448   0x08003448   0x00000090   Code   RO         1161    .text.UART_Start_Receive_DMA  stm32f1xx_hal_uart.o
    0x080034d8   0x080034d8   0x0000002c   Code   RO          175    .text.USART1_IRQHandler  stm32f1xx_it.o
    0x08003504   0x08003504   0x00000008   Code   RO          163    .text.USB_HP_CAN1_TX_IRQHandler  stm32f1xx_it.o
    0x0800350c   0x0800350c   0x00000008   Code   RO          165    .text.USB_LP_CAN1_RX0_IRQHandler  stm32f1xx_it.o
    0x08003514   0x08003514   0x00000002   Code   RO          149    .text.UsageFault_Handler  stm32f1xx_it.o
    0x08003516   0x08003516   0x00000002   PAD
    0x08003518   0x08003518   0x00000074   Code   RO         1284    .text._GLOBAL__sub_I_main.cpp  main_1.o
    0x0800358c   0x0800358c   0x00000024   Code   RO         1558    .text._Z8CAN_SendP19CAN_TxHeaderTypeDefPh  interface_can.o
    0x080035b0   0x080035b0   0x0000007c   Code   RO         1579    .text._Z9Rx_handlev  uart_handle.o
    0x0800362c   0x0800362c   0x00000084   Code   RO         1377    .text._ZN10MT6816Base11UpdateAngleEv  mt6816_base.o
    0x080036b0   0x080036b0   0x00000004   Code   RO         1379    .text._ZN10MT6816Base12IsCalibratedEv  mt6816_base.o
    0x080036b4   0x080036b4   0x00000030   Code   RO         1368    .text._ZN10MT6816Base24SpiTransmitAndRead16BitsEt  mt6816_base.o
    0x080036e4   0x080036e4   0x0000002a   Code   RO         1371    .text._ZN10MT6816Base4InitEv  mt6816_base.o
    0x0800370e   0x0800370e   0x00000002   PAD
    0x08003710   0x08003710   0x000000e4   Code   RO         1413    .text._ZN12TB67H450Base19SetFocCurrentVectorEji  tb67h450_base.o
    0x080037f4   0x080037f4   0x0000002c   Code   RO         1419    .text._ZN12TB67H450Base5BrakeEv  tb67h450_base.o
    0x08003820   0x08003820   0x0000002c   Code   RO         1417    .text._ZN12TB67H450Base5SleepEv  tb67h450_base.o
    0x0800384c   0x0800384c   0x0000003a   Code   RO         1545    .text._ZN13MotionPlanner12AttachConfigEPNS_8Config_tE  motion_planner.o
    0x08003886   0x08003886   0x00000056   Code   RO         1501    .text._ZN13MotionPlanner14CurrentTracker12CalcSoftGoalEi  motion_planner.o
    0x080038dc   0x080038dc   0x0000001a   Code   RO         1503    .text._ZN13MotionPlanner14CurrentTracker19CalcCurrentIntegralEi  motion_planner.o
    0x080038f6   0x080038f6   0x00000008   Code   RO         1499    .text._ZN13MotionPlanner14CurrentTracker7NewTaskEi  motion_planner.o
    0x080038fe   0x080038fe   0x00000164   Code   RO         1521    .text._ZN13MotionPlanner15PositionTracker12CalcSoftGoalEi  motion_planner.o
    0x08003a62   0x08003a62   0x0000001c   Code   RO         1517    .text._ZN13MotionPlanner15PositionTracker14SetVelocityAccEi  motion_planner.o
    0x08003a7e   0x08003a7e   0x0000001a   Code   RO         1525    .text._ZN13MotionPlanner15PositionTracker20CalcPositionIntegralEi  motion_planner.o
    0x08003a98   0x08003a98   0x0000001a   Code   RO         1523    .text._ZN13MotionPlanner15PositionTracker20CalcVelocityIntegralEi  motion_planner.o
    0x08003ab2   0x08003ab2   0x00000026   Code   RO         1515    .text._ZN13MotionPlanner15PositionTracker4InitEv  motion_planner.o
    0x08003ad8   0x08003ad8   0x0000000c   Code   RO         1519    .text._ZN13MotionPlanner15PositionTracker7NewTaskEii  motion_planner.o
    0x08003ae4   0x08003ae4   0x00000056   Code   RO         1511    .text._ZN13MotionPlanner15VelocityTracker12CalcSoftGoalEi  motion_planner.o
    0x08003b3a   0x08003b3a   0x00000004   Code   RO         1507    .text._ZN13MotionPlanner15VelocityTracker14SetVelocityAccEi  motion_planner.o
    0x08003b3e   0x08003b3e   0x0000001a   Code   RO         1513    .text._ZN13MotionPlanner15VelocityTracker20CalcVelocityIntegralEi  motion_planner.o
    0x08003b58   0x08003b58   0x00000008   Code   RO         1509    .text._ZN13MotionPlanner15VelocityTracker7NewTaskEi  motion_planner.o
    0x08003b60   0x08003b60   0x000000d4   Code   RO         1537    .text._ZN13MotionPlanner17TrajectoryTracker12CalcSoftGoalEii  motion_planner.o
    0x08003c34   0x08003c34   0x0000001a   Code   RO         1541    .text._ZN13MotionPlanner17TrajectoryTracker20CalcPositionIntegralEi  motion_planner.o
    0x08003c4e   0x08003c4e   0x0000001a   Code   RO         1539    .text._ZN13MotionPlanner17TrajectoryTracker20CalcVelocityIntegralEi  motion_planner.o
    0x08003c68   0x08003c68   0x00000010   Code   RO         1535    .text._ZN13MotionPlanner17TrajectoryTracker7NewTaskEii  motion_planner.o
    0x08003c78   0x08003c78   0x00000036   Code   RO         1531    .text._ZN13MotionPlanner20PositionInterpolator12CalcSoftGoalEi  motion_planner.o
    0x08003cae   0x08003cae   0x0000000a   Code   RO         1529    .text._ZN13MotionPlanner20PositionInterpolator7NewTaskEii  motion_planner.o
    0x08003cb8   0x08003cb8   0x0000005e   Code   RO         1309    .text._ZN13MotionPlannerC2Ev  main_1.o
    0x08003d16   0x08003d16   0x00000042   Code   RO         1445    .text._ZN21EncoderCalibratorBase12CycleAverageEiii  encoder_calibrator_base.o
    0x08003d58   0x08003d58   0x0000028c   Code   RO         1453    .text._ZN21EncoderCalibratorBase12TickMainLoopEv  encoder_calibrator_base.o
    0x08003fe4   0x08003fe4   0x00000050   Code   RO         1441    .text._ZN21EncoderCalibratorBase16CycleDataAverageEPKtti  encoder_calibrator_base.o
    0x08004034   0x08004034   0x000001c8   Code   RO         1443    .text._ZN21EncoderCalibratorBase20CalibrationDataCheckEv  encoder_calibrator_base.o
    0x080041fc   0x080041fc   0x00000018   Code   RO         1439    .text._ZN21EncoderCalibratorBase22WriteFlash16bitsAppendEt  encoder_calibrator_base.o
    0x08004214   0x08004214   0x00000178   Code   RO         1451    .text._ZN21EncoderCalibratorBase9Tick20kHzEv  encoder_calibrator_base.o
    0x0800438c   0x0800438c   0x0000002e   Code   RO         1340    .text._ZN5Motor10Controller11GetPositionEb  motor.o
    0x080043ba   0x080043ba   0x0000001c   Code   RO         1342    .text._ZN5Motor10Controller11GetVelocityEv  motor.o
    0x080043d6   0x080043d6   0x00000004   Code   RO         1330    .text._ZN5Motor10Controller11SetCtrlModeENS_6Mode_tE  motor.o
    0x080043da   0x080043da   0x00000004   Code   RO         1352    .text._ZN5Motor10Controller12AttachConfigEPNS0_8Config_tE  motor.o
    0x080043de   0x080043de   0x00000002   PAD
    0x080043e0   0x080043e0   0x00000014   Code   RO         1344    .text._ZN5Motor10Controller13GetFocCurrentEv  motor.o
    0x080043f4   0x080043f4   0x000000c0   Code   RO         1322    .text._ZN5Motor10Controller15CalcDceToOutputEii  motor.o
    0x080044b4   0x080044b4   0x0000009c   Code   RO         1326    .text._ZN5Motor10Controller15CalcPidToOutputEi  motor.o
    0x08004550   0x08004550   0x00000018   Code   RO         1346    .text._ZN5Motor10Controller18SetCurrentSetPointEi  motor.o
    0x08004568   0x08004568   0x0000002c   Code   RO         1324    .text._ZN5Motor10Controller19CalcCurrentToOutputEi  motor.o
    0x08004594   0x08004594   0x0000000a   Code   RO         1334    .text._ZN5Motor10Controller19SetPositionSetPointEi  motor.o
    0x0800459e   0x0800459e   0x00000014   Code   RO         1336    .text._ZN5Motor10Controller19SetVelocitySetPointEi  motor.o
    0x080045b2   0x080045b2   0x00000012   Code   RO         1350    .text._ZN5Motor10Controller20ApplyPosAsHomeOffsetEv  motor.o
    0x080045c4   0x080045c4   0x000000dc   Code   RO         1318    .text._ZN5Motor10Controller23CompensateAdvancedAngleEi  motor.o
    0x080046a0   0x080046a0   0x000000c4   Code   RO         1338    .text._ZN5Motor10Controller27SetPositionSetPointWithTimeEif  motor.o
    0x08004764   0x08004764   0x00000070   Code   RO         1348    .text._ZN5Motor10Controller4InitEv  motor.o
    0x080047d4   0x080047d4   0x00000006   Code   RO         1316    .text._ZN5Motor13AttachEncoderEP10MT6816Base  motor.o
    0x080047da   0x080047da   0x00000002   PAD
    0x080047dc   0x080047dc   0x000003c0   Code   RO         1314    .text._ZN5Motor20CloseLoopControlTickEv  motor.o
    0x08004b9c   0x08004b9c   0x00000018   Code   RO         1312    .text._ZN5Motor9Tick20kHzEv  motor.o
    0x08004bb4   0x08004bb4   0x000000da   Code   RO         1307    .text._ZN5MotorC2Ev  main_1.o
    0x08004c8e   0x08004c8e   0x00000030   Code   RO           11    .text.main          main.o
    0x08004cbe   0x08004cbe   0x0000002c   Code   RO         1731    i.sqrtf             m_ws.l(sqrtf.o)
    0x08004cea   0x08004cea   0x00000018   Code   RO         1916    x$fpl$dcmpinf       fz_ws.l(dcmpi.o)
    0x08004d02   0x08004d02   0x00000002   PAD
    0x08004d04   0x08004d04   0x00000078   Code   RO         1788    x$fpl$deqf          fz_ws.l(deqf.o)
    0x08004d7c   0x08004d7c   0x0000005e   Code   RO         1650    x$fpl$dfix          fz_ws.l(dfix.o)
    0x08004dda   0x08004dda   0x00000002   PAD
    0x08004ddc   0x08004ddc   0x0000005a   Code   RO         1654    x$fpl$dfixu         fz_ws.l(dfixu.o)
    0x08004e36   0x08004e36   0x0000002e   Code   RO         1659    x$fpl$dflt          fz_ws.l(dflt_clz.o)
    0x08004e64   0x08004e64   0x00000026   Code   RO         1658    x$fpl$dfltu         fz_ws.l(dflt_clz.o)
    0x08004e8a   0x08004e8a   0x00000002   PAD
    0x08004e8c   0x08004e8c   0x00000078   Code   RO         1790    x$fpl$dgeqf         fz_ws.l(dgeqf.o)
    0x08004f04   0x08004f04   0x00000078   Code   RO         1792    x$fpl$dleqf         fz_ws.l(dleqf.o)
    0x08004f7c   0x08004f7c   0x00000154   Code   RO         1664    x$fpl$dmul          fz_ws.l(dmul.o)
    0x080050d0   0x080050d0   0x0000009c   Code   RO         1794    x$fpl$dnaninf       fz_ws.l(dnaninf.o)
    0x0800516c   0x0800516c   0x0000000c   Code   RO         1796    x$fpl$dretinf       fz_ws.l(dretinf.o)
    0x08005178   0x08005178   0x000000c4   Code   RO         1666    x$fpl$fadd          fz_ws.l(faddsub_clz.o)
    0x0800523c   0x0800523c   0x00000054   Code   RO         1648    x$fpl$fcmp          fz_ws.l(dcmp.o)
    0x08005290   0x08005290   0x00000054   Code   RO         1672    x$fpl$fcmp          fz_ws.l(fcmp.o)
    0x080052e4   0x080052e4   0x00000018   Code   RO         1918    x$fpl$fcmpinf       fz_ws.l(fcmpi.o)
    0x080052fc   0x080052fc   0x00000184   Code   RO         1675    x$fpl$fdiv          fz_ws.l(fdiv.o)
    0x08005480   0x08005480   0x00000068   Code   RO         1798    x$fpl$feqf          fz_ws.l(feqf.o)
    0x080054e8   0x080054e8   0x00000036   Code   RO         1678    x$fpl$ffix          fz_ws.l(ffix.o)
    0x0800551e   0x0800551e   0x00000002   PAD
    0x08005520   0x08005520   0x00000030   Code   RO         1687    x$fpl$fflt          fz_ws.l(fflt_clz.o)
    0x08005550   0x08005550   0x00000068   Code   RO         1800    x$fpl$fgeqf         fz_ws.l(fgeqf.o)
    0x080055b8   0x080055b8   0x00000068   Code   RO         1802    x$fpl$fleqf         fz_ws.l(fleqf.o)
    0x08005620   0x08005620   0x00000102   Code   RO         1692    x$fpl$fmul          fz_ws.l(fmul.o)
    0x08005722   0x08005722   0x0000008c   Code   RO         1804    x$fpl$fnaninf       fz_ws.l(fnaninf.o)
    0x080057ae   0x080057ae   0x0000000a   Code   RO         1806    x$fpl$fretinf       fz_ws.l(fretinf.o)
    0x080057b8   0x080057b8   0x00000110   Code   RO         1808    x$fpl$fsqrt         fz_ws.l(fsqrt.o)
    0x080058c8   0x080058c8   0x000000ea   Code   RO         1668    x$fpl$fsub          fz_ws.l(faddsub_clz.o)
    0x080059b2   0x080059b2   0x00000000   Code   RO         1810    x$fpl$usenofp       fz_ws.l(usenofp.o)
    0x080059b2   0x080059b2   0x00000010   Data   RO         1259    .rodata.AHBPrescTable  system_stm32f1xx.o
    0x080059c2   0x080059c2   0x00000008   Data   RO         1260    .rodata.APBPrescTable  system_stm32f1xx.o
    0x080059ca   0x080059ca   0x00000802   Data   RO         1421    .rodata._ZL9sin_pi_m2  tb67h450_base.o
    0x080061cc   0x080061cc   0x00000020   Data   RO         2015    Region$$Table       anon$$obj.o
    0x080061ec   0x080061ec   0x00000004   Data   RO         1294    .init_array         main_1.o


    Execution Region RW_IRAM1 (Exec base: 0x20000000, Load base: 0x080061f0, Size: 0x00000fd8, Max: 0x00005000, ABSOLUTE)

    Exec Addr    Load Addr    Size         Type   Attr      Idx    E Section Name        Object

    0x20000000   0x080061f0   0x0000000c   Data   RW          351    .data..L_MergedGlobals  stm32f1xx_hal.o
    0x2000000c   0x080061fc   0x00000004   Data   RW         1258    .data.SystemCoreClock  system_stm32f1xx.o
    0x20000010   0x08006200   0x00000010   Data   RW         1482    .data.stockpile_quick_cali  stockpile_f103cb.o
    0x20000020   0x08006210   0x00000018   Data   RW         1567    .data.txHeader      interface_can.o
    0x20000038   0x08006228   0x00000008   PAD
    0x20000040        -       0x00000060   Zero   RW         1924    .bss                c_w.l(libspace.o)
    0x200000a0        -       0x00000044   Zero   RW          128    .bss..L_MergedGlobals  usart.o
    0x200000e4   0x08006228   0x0000000c   PAD
    0x200000f0        -       0x00000070   Zero   RW         1295    .bss..L_MergedGlobals  main_1.o
    0x20000160        -       0x00000002   Zero   RW         1354    .bss..L_MergedGlobals  motor.o
    0x20000162   0x08006228   0x00000002   PAD
    0x20000164        -       0x00000004   Zero   RW         1586    .bss..L_MergedGlobals  uart_handle.o
    0x20000168   0x08006228   0x00000008   PAD
    0x20000170        -       0x00000044   Zero   RW          129    .bss..L_MergedGlobals.1  usart.o
    0x200001b4   0x08006228   0x0000000c   PAD
    0x200001c0        -       0x00000064   Zero   RW         1296    .bss..L_MergedGlobals.5  main_1.o
    0x20000224        -       0x00000008   Zero   RW         1565    .bss.RxData         interface_can.o
    0x2000022c        -       0x0000001c   Zero   RW         1563    .bss.RxHeader       interface_can.o
    0x20000248        -       0x00000004   Zero   RW         1566    .bss.TxMailbox      interface_can.o
    0x2000024c        -       0x00000001   Zero   RW         1455    .bss._ZZN21EncoderCalibratorBase9Tick20kHzEvE5_flag  encoder_calibrator_base.o
    0x2000024d        -       0x00000001   Zero   RW         1585    .bss.datalen        uart_handle.o
    0x2000024e   0x08006228   0x00000002   PAD
    0x20000250        -       0x00000364   Zero   RW         1292    .bss.encoder_calibrator_base  main_1.o
    0x200005b4        -       0x00000028   Zero   RW           48    .bss.hcan           can.o
    0x200005dc        -       0x00000058   Zero   RW           79    .bss.hspi1          spi.o
    0x20000634        -       0x00000048   Zero   RW          107    .bss.htim1          tim.o
    0x2000067c        -       0x00000048   Zero   RW          108    .bss.htim2          tim.o
    0x200006c4        -       0x00000048   Zero   RW          109    .bss.htim4          tim.o
    0x2000070c        -       0x00000048   Zero   RW          127    .bss.huart1         usart.o
    0x20000754        -       0x000001ac   Zero   RW         1289    .bss.motor          main_1.o
    0x20000900        -       0x00000024   Zero   RW         1290    .bss.mt6816_base    main_1.o
    0x20000924   0x08006228   0x00000004   PAD
    0x20000928        -       0x00000020   Zero   RW          597    .bss.pFlash         stm32f1xx_hal_flash.o
    0x20000948        -       0x00000001   Zero   RW         1288    .bss.rxLen          main_1.o
    0x20000949        -       0x00000080   Zero   RW         1287    .bss.rx_buffer      main_1.o
    0x200009c9   0x08006228   0x00000001   PAD
    0x200009ca        -       0x0000000c   Zero   RW         1291    .bss.tb67h450_base  main_1.o
    0x200009d6   0x08006228   0x00000002   PAD
    0x200009d8        -       0x00000200   Zero   RW            2    HEAP                startup_stm32f103xb.o
    0x20000bd8        -       0x00000400   Zero   RW            1    STACK               startup_stm32f103xb.o


==============================================================================

Image component sizes


      Code (inc. data)   RO Data    RW Data    ZI Data      Debug   Object Name

       272         40          0          0         40       5373   can.o
        64          4          0          0          0       2089   dma.o
      1654         36          0          0          1      28741   encoder_calibrator_base.o
       128          8          0          0          0       1747   gpio.o
      1088        104          0         24         40      18206   interface_can.o
       158          0          0          0          0       1934   main.o
       812         92          4          0       1685      29043   main_1.o
      1132          0          0          0          0      21452   motion_planner.o
      2084        142          0          0          2      27188   motor.o
       226          8          0          0          0       5549   mt6816_base.o
       200         20          0          0         88       4915   spi.o
        64         26        236          0       1536        788   startup_stm32f103xb.o
       116          8          0         12          0       6486   stm32f1xx_hal.o
      1230          6          0          0          0      13092   stm32f1xx_hal_can.o
       220         28          0          0          0       8404   stm32f1xx_hal_cortex.o
       788         32          0          0          0       6649   stm32f1xx_hal_dma.o
       416         28          0          0         32       5432   stm32f1xx_hal_flash.o
       184          0          0          0          0       6457   stm32f1xx_hal_flash_ex.o
       458         56          0          0          0       4773   stm32f1xx_hal_gpio.o
        64          8          0          0          0       1352   stm32f1xx_hal_msp.o
      1352         76          0          0          0       7622   stm32f1xx_hal_rcc.o
       926          4          0          0          0      20800   stm32f1xx_hal_spi.o
      1746         40          0          0          0      46026   stm32f1xx_hal_tim.o
       100          0          0          0          0      19946   stm32f1xx_hal_tim_ex.o
      1732         20          0          0          0      23323   stm32f1xx_hal_uart.o
       148         28          0          0          0       2490   stm32f1xx_it.o
       176          4          0         16          0       3902   stockpile_f103cb.o
         2          0         24          4          0       1736   system_stm32f1xx.o
       316         20       2050          0          0      15158   tb67h450_base.o
       560         36          0          0        216       8342   tim.o
       160         24          0          0          5      17921   uart_handle.o
       300         28          0          0        208       6309   usart.o

    ----------------------------------------------------------------------
     18916        926       2346         56       3904     373245   Object Totals
         0          0         32          0          0          0   (incl. Generated)
        40          0          0          0         51          0   (incl. Padding)

    ----------------------------------------------------------------------

      Code (inc. data)   RO Data    RW Data    ZI Data      Debug   Library Member Name

         8          0          0          0          0         68   __main.o
         0          0          0          0          0          0   __rtentry.o
        12          0          0          0          0          0   __rtentry2.o
         6          0          0          0          0          0   __rtentry4.o
        52          8          0          0          0          0   __scatter.o
        26          0          0          0          0          0   __scatter_copy.o
        28          0          0          0          0          0   __scatter_zi.o
        22          0          0          0          0        100   _rserrno.o
        18          0          0          0          0         80   exit.o
         6          0          0          0          0        152   heapauxi.o
         0          0          0          0          0          0   indicate_semi.o
        36         10          0          0          0         80   init_aeabi.o
         2          0          0          0          0          0   libinit.o
         6          0          0          0          0          0   libinit2.o
         2          0          0          0          0          0   libshutdown.o
         2          0          0          0          0          0   libshutdown2.o
         8          4          0          0         96         68   libspace.o
         8          4          0          0          0         68   rt_errno_addr_intlibspace.o
        68          0          0          0          0         68   rt_memclr.o
        78          0          0          0          0         80   rt_memclr_w.o
         2          0          0          0          0          0   rtexit.o
        10          0          0          0          0          0   rtexit2.o
        12          4          0          0          0         68   sys_exit.o
        74          0          0          0          0         80   sys_stackheap_outer.o
         2          0          0          0          0         68   use_no_semi.o
        84          0          0          0          0        196   dcmp.o
        24          0          0          0          0         68   dcmpi.o
       120          4          0          0          0         92   deqf.o
        94          4          0          0          0         92   dfix.o
        90          4          0          0          0         92   dfixu.o
        84          0          0          0          0        136   dflt_clz.o
       120          4          0          0          0         92   dgeqf.o
       120          4          0          0          0         92   dleqf.o
       340         12          0          0          0        104   dmul.o
       156          4          0          0          0         92   dnaninf.o
        12          0          0          0          0         68   dretinf.o
       430          8          0          0          0        168   faddsub_clz.o
        84          0          0          0          0        196   fcmp.o
        24          0          0          0          0         68   fcmpi.o
       388         76          0          0          0         96   fdiv.o
       104          4          0          0          0         84   feqf.o
        54          4          0          0          0         84   ffix.o
        48          0          0          0          0         68   fflt_clz.o
       104          4          0          0          0         84   fgeqf.o
       104          4          0          0          0         84   fleqf.o
       258          4          0          0          0         84   fmul.o
       140          4          0          0          0         84   fnaninf.o
        10          0          0          0          0         68   fretinf.o
       272        100          0          0          0         88   fsqrt.o
         0          0          0          0          0          0   usenofp.o
        44          0          0          0          0         80   sqrtf.o

    ----------------------------------------------------------------------
      3810        274          0          0         96       3440   Library Totals
        14          0          0          0          0          0   (incl. Padding)

    ----------------------------------------------------------------------

      Code (inc. data)   RO Data    RW Data    ZI Data      Debug   Library Name

       488         30          0          0         96        980   c_w.l
      3264        244          0          0          0       2380   fz_ws.l
        44          0          0          0          0         80   m_ws.l

    ----------------------------------------------------------------------
      3810        274          0          0         96       3440   Library Totals

    ----------------------------------------------------------------------

==============================================================================


      Code (inc. data)   RO Data    RW Data    ZI Data      Debug   

     22726       1200       2346         56       4000     374433   Grand Totals
     22726       1200       2346         56       4000     374433   ELF Image Totals
     22726       1200       2346         56          0          0   ROM Totals

==============================================================================

    Total RO  Size (Code + RO Data)                25072 (  24.48kB)
    Total RW  Size (RW Data + ZI Data)              4056 (   3.96kB)
    Total ROM Size (Code + RO Data + RW Data)      25128 (  24.54kB)

==============================================================================

