Component: ARM Compiler 6.7 Tool: armlink [5c9ef700]

==============================================================================

Section Cross References

    startup_stm32f103xb.o(STACK) refers (Special) to heapauxi.o(.text) for __use_two_region_memory
    startup_stm32f103xb.o(HEAP) refers (Special) to heapauxi.o(.text) for __use_two_region_memory
    startup_stm32f103xb.o(RESET) refers (Special) to heapauxi.o(.text) for __use_two_region_memory
    startup_stm32f103xb.o(RESET) refers to startup_stm32f103xb.o(STACK) for __initial_sp
    startup_stm32f103xb.o(RESET) refers to startup_stm32f103xb.o(.text) for Reset_Handler
    startup_stm32f103xb.o(RESET) refers to stm32f1xx_it.o(.text.NMI_Handler) for NMI_Handler
    startup_stm32f103xb.o(RESET) refers to stm32f1xx_it.o(.text.HardFault_Handler) for HardFault_Handler
    startup_stm32f103xb.o(RESET) refers to stm32f1xx_it.o(.text.MemManage_Handler) for MemManage_Handler
    startup_stm32f103xb.o(RESET) refers to stm32f1xx_it.o(.text.BusFault_Handler) for BusFault_Handler
    startup_stm32f103xb.o(RESET) refers to stm32f1xx_it.o(.text.UsageFault_Handler) for UsageFault_Handler
    startup_stm32f103xb.o(RESET) refers to stm32f1xx_it.o(.text.SVC_Handler) for SVC_Handler
    startup_stm32f103xb.o(RESET) refers to stm32f1xx_it.o(.text.DebugMon_Handler) for DebugMon_Handler
    startup_stm32f103xb.o(RESET) refers to stm32f1xx_it.o(.text.PendSV_Handler) for PendSV_Handler
    startup_stm32f103xb.o(RESET) refers to stm32f1xx_it.o(.text.SysTick_Handler) for SysTick_Handler
    startup_stm32f103xb.o(RESET) refers to stm32f1xx_it.o(.text.TIM1_UP_IRQHandler) for TIM1_UP_IRQHandler
    startup_stm32f103xb.o(RESET) refers to stm32f1xx_it.o(.text.TIM4_IRQHandler) for TIM4_IRQHandler
    startup_stm32f103xb.o(.text) refers (Special) to heapauxi.o(.text) for __use_two_region_memory
    startup_stm32f103xb.o(.text) refers to system_stm32f1xx.o(.text.SystemInit) for SystemInit
    startup_stm32f103xb.o(.text) refers to __main.o(!!!main) for __main
    startup_stm32f103xb.o(.text) refers to startup_stm32f103xb.o(HEAP) for Heap_Mem
    startup_stm32f103xb.o(.text) refers to startup_stm32f103xb.o(STACK) for Stack_Mem
    main.o(.text.main) refers to stm32f1xx_hal.o(.text.HAL_Init) for HAL_Init
    main.o(.text.main) refers to main.o(.text.SystemClock_Config) for SystemClock_Config
    main.o(.text.main) refers to gpio.o(.text.MX_GPIO_Init) for MX_GPIO_Init
    main.o(.text.main) refers to spi.o(.text.MX_SPI1_Init) for MX_SPI1_Init
    main.o(.text.main) refers to tim.o(.text.MX_TIM1_Init) for MX_TIM1_Init
    main.o(.text.main) refers to tim.o(.text.MX_TIM2_Init) for MX_TIM2_Init
    main.o(.text.main) refers to tim.o(.text.MX_TIM4_Init) for MX_TIM4_Init
    main.o(.text.main) refers to main_1.o(.text.Main) for Main
    main.o(.ARM.exidx.text.main) refers to main.o(.text.main) for [Anonymous Symbol]
    main.o(.text.SystemClock_Config) refers to rt_memclr_w.o(.text) for __aeabi_memclr4
    main.o(.text.SystemClock_Config) refers to stm32f1xx_hal_rcc.o(.text.HAL_RCC_OscConfig) for HAL_RCC_OscConfig
    main.o(.text.SystemClock_Config) refers to stm32f1xx_hal_rcc.o(.text.HAL_RCC_ClockConfig) for HAL_RCC_ClockConfig
    main.o(.ARM.exidx.text.SystemClock_Config) refers to main.o(.text.SystemClock_Config) for [Anonymous Symbol]
    main.o(.ARM.exidx.text.Error_Handler) refers to main.o(.text.Error_Handler) for [Anonymous Symbol]
    gpio.o(.text.MX_GPIO_Init) refers to stm32f1xx_hal_gpio.o(.text.HAL_GPIO_WritePin) for HAL_GPIO_WritePin
    gpio.o(.text.MX_GPIO_Init) refers to stm32f1xx_hal_gpio.o(.text.HAL_GPIO_Init) for HAL_GPIO_Init
    gpio.o(.ARM.exidx.text.MX_GPIO_Init) refers to gpio.o(.text.MX_GPIO_Init) for [Anonymous Symbol]
    spi.o(.text.MX_SPI1_Init) refers to stm32f1xx_hal_spi.o(.text.HAL_SPI_Init) for HAL_SPI_Init
    spi.o(.text.MX_SPI1_Init) refers to main.o(.text.Error_Handler) for Error_Handler
    spi.o(.text.MX_SPI1_Init) refers to spi.o(.bss.hspi1) for hspi1
    spi.o(.ARM.exidx.text.MX_SPI1_Init) refers to spi.o(.text.MX_SPI1_Init) for [Anonymous Symbol]
    spi.o(.text.HAL_SPI_MspInit) refers to stm32f1xx_hal_gpio.o(.text.HAL_GPIO_Init) for HAL_GPIO_Init
    spi.o(.ARM.exidx.text.HAL_SPI_MspInit) refers to spi.o(.text.HAL_SPI_MspInit) for [Anonymous Symbol]
    spi.o(.text.HAL_SPI_MspDeInit) refers to stm32f1xx_hal_gpio.o(.text.HAL_GPIO_DeInit) for HAL_GPIO_DeInit
    spi.o(.ARM.exidx.text.HAL_SPI_MspDeInit) refers to spi.o(.text.HAL_SPI_MspDeInit) for [Anonymous Symbol]
    tim.o(.text.MX_TIM1_Init) refers to stm32f1xx_hal_tim.o(.text.HAL_TIM_Base_Init) for HAL_TIM_Base_Init
    tim.o(.text.MX_TIM1_Init) refers to main.o(.text.Error_Handler) for Error_Handler
    tim.o(.text.MX_TIM1_Init) refers to stm32f1xx_hal_tim.o(.text.HAL_TIM_ConfigClockSource) for HAL_TIM_ConfigClockSource
    tim.o(.text.MX_TIM1_Init) refers to stm32f1xx_hal_tim_ex.o(.text.HAL_TIMEx_MasterConfigSynchronization) for HAL_TIMEx_MasterConfigSynchronization
[...]
    Removing libunwind.cpp.o(.ARM.exidx.text._ZN9libunwind12UnwindCursorINS_17LocalAddressSpaceENS_13Registers_armEE6getRegEi), (8 bytes).
    Removing libunwind.cpp.o(.text._ZN9libunwind12UnwindCursorINS_17LocalAddressSpaceENS_13Registers_armEE6setRegEij), (56 bytes).
    Removing libunwind.cpp.o(.ARM.exidx.text._ZN9libunwind12UnwindCursorINS_17LocalAddressSpaceENS_13Registers_armEE6setRegEij), (8 bytes).
    Removing libunwind.cpp.o(.text._ZN9libunwind12UnwindCursorINS_17LocalAddressSpaceENS_13Registers_armEE13validFloatRegEi), (16 bytes).
    Removing libunwind.cpp.o(.ARM.exidx.text._ZN9libunwind12UnwindCursorINS_17LocalAddressSpaceENS_13Registers_armEE13validFloatRegEi), (8 bytes).
    Removing libunwind.cpp.o(.text._ZN9libunwind12UnwindCursorINS_17LocalAddressSpaceENS_13Registers_armEE11getFloatRegEi), (100 bytes).
    Removing libunwind.cpp.o(.ARM.exidx.text._ZN9libunwind12UnwindCursorINS_17LocalAddressSpaceENS_13Registers_armEE11getFloatRegEi), (8 bytes).
    Removing libunwind.cpp.o(.text._ZN9libunwind12UnwindCursorINS_17LocalAddressSpaceENS_13Registers_armEE11setFloatRegEiy), (110 bytes).
    Removing libunwind.cpp.o(.ARM.exidx.text._ZN9libunwind12UnwindCursorINS_17LocalAddressSpaceENS_13Registers_armEE11setFloatRegEiy), (8 bytes).
    Removing libunwind.cpp.o(.text._ZN9libunwind12UnwindCursorINS_17LocalAddressSpaceENS_13Registers_armEE4stepEv), (80 bytes).
    Removing libunwind.cpp.o(.ARM.exidx.text._ZN9libunwind12UnwindCursorINS_17LocalAddressSpaceENS_13Registers_armEE4stepEv), (8 bytes).
    Removing libunwind.cpp.o(.text._ZN9libunwind12UnwindCursorINS_17LocalAddressSpaceENS_13Registers_armEE7getInfoEP15unw_proc_info_t), (42 bytes).
    Removing libunwind.cpp.o(.ARM.exidx.text._ZN9libunwind12UnwindCursorINS_17LocalAddressSpaceENS_13Registers_armEE7getInfoEP15unw_proc_info_t), (8 bytes).
    Removing libunwind.cpp.o(.text._ZN9libunwind12UnwindCursorINS_17LocalAddressSpaceENS_13Registers_armEE6jumptoEv), (22 bytes).
    Removing libunwind.cpp.o(.ARM.exidx.text._ZN9libunwind12UnwindCursorINS_17LocalAddressSpaceENS_13Registers_armEE6jumptoEv), (8 bytes).
    Removing libunwind.cpp.o(.text._ZN9libunwind12UnwindCursorINS_17LocalAddressSpaceENS_13Registers_armEE13isSignalFrameEv), (6 bytes).
    Removing libunwind.cpp.o(.ARM.exidx.text._ZN9libunwind12UnwindCursorINS_17LocalAddressSpaceENS_13Registers_armEE13isSignalFrameEv), (8 bytes).
    Removing libunwind.cpp.o(.text._ZN9libunwind12UnwindCursorINS_17LocalAddressSpaceENS_13Registers_armEE15getFunctionNameEPcjPj), (16 bytes).
    Removing libunwind.cpp.o(.ARM.exidx.text._ZN9libunwind12UnwindCursorINS_17LocalAddressSpaceENS_13Registers_armEE15getFunctionNameEPcjPj), (8 bytes).
    Removing libunwind.cpp.o(.text._ZN9libunwind12UnwindCursorINS_17LocalAddressSpaceENS_13Registers_armEE24setInfoBasedOnIPRegisterEb), (84 bytes).
    Removing libunwind.cpp.o(.ARM.exidx.text._ZN9libunwind12UnwindCursorINS_17LocalAddressSpaceENS_13Registers_armEE24setInfoBasedOnIPRegisterEb), (8 bytes).
    Removing libunwind.cpp.o(.text._ZN9libunwind12UnwindCursorINS_17LocalAddressSpaceENS_13Registers_armEE15getRegisterNameEi), (6 bytes).
    Removing libunwind.cpp.o(.ARM.exidx.text._ZN9libunwind12UnwindCursorINS_17LocalAddressSpaceENS_13Registers_armEE15getRegisterNameEi), (8 bytes).
    Removing libunwind.cpp.o(.text._ZN9libunwind12UnwindCursorINS_17LocalAddressSpaceENS_13Registers_armEE10saveVFPAsXEv), (8 bytes).
    Removing libunwind.cpp.o(.ARM.exidx.text._ZN9libunwind12UnwindCursorINS_17LocalAddressSpaceENS_13Registers_armEE10saveVFPAsXEv), (8 bytes).
    Removing libunwind.cpp.o(.text._ZN9libunwind12UnwindCursorINS_17LocalAddressSpaceENS_13Registers_armEE13stepWithEHABIEv), (48 bytes).
    Removing libunwind.cpp.o(.ARM.exidx.text._ZN9libunwind12UnwindCursorINS_17LocalAddressSpaceENS_13Registers_armEE13stepWithEHABIEv), (8 bytes).
    Removing libunwind.cpp.o(.text._ZN9libunwind13Registers_arm26restoreSavedFloatRegistersEv), (50 bytes).
    Removing libunwind.cpp.o(.ARM.exidx.text._ZN9libunwind13Registers_arm26restoreSavedFloatRegistersEv), (8 bytes).
    Removing libunwind.cpp.o(.text._ZN9libunwind12UnwindCursorINS_17LocalAddressSpaceENS_13Registers_armEE23getInfoFromEHABISectionEjRKNS_18UnwindInfoSectionsE), (452 bytes).
    Removing libunwind.cpp.o(.ARM.exidx.text._ZN9libunwind12UnwindCursorINS_17LocalAddressSpaceENS_13Registers_armEE23getInfoFromEHABISectionEjRKNS_18UnwindInfoSectionsE), (8 bytes).
    Removing libunwind.cpp.o(.text._ZNSt3__113__upper_boundIRNS_6__lessIjjEEN9libunwind20EHABISectionIteratorINS4_17LocalAddressSpaceEEEjEET0_S8_S8_RKT1_T_), (90 bytes).
    Removing libunwind.cpp.o(.ARM.exidx.text._ZNSt3__113__upper_boundIRNS_6__lessIjjEEN9libunwind20EHABISectionIteratorINS4_17LocalAddressSpaceEEEjEET0_S8_S8_RKT1_T_), (8 bytes).
    Removing libunwind.cpp.o(.text._ZN9libunwind13Registers_arm15getRegisterNameEi), (916 bytes).
    Removing libunwind.cpp.o(.ARM.exidx.text._ZN9libunwind13Registers_arm15getRegisterNameEi), (8 bytes).
    Removing libunwind.cpp.o(.rodata._ZTVN9libunwind12UnwindCursorINS_17LocalAddressSpaceENS_13Registers_armEEE), (72 bytes).

918 unused section(s) (total 39068 bytes) removed from the image.

==============================================================================

Image Symbol Table

    Local Symbols

    Symbol Name                              Value     Ov Type        Size  Object(Section)

    ../Core/Src/gpio.c                       0x00000000   Number         0  gpio.o ABSOLUTE
    ../Core/Src/main.c                       0x00000000   Number         0  main.o ABSOLUTE
    ../Core/Src/spi.c                        0x00000000   Number         0  spi.o ABSOLUTE
    ../Core/Src/stm32f1xx_hal_msp.c          0x00000000   Number         0  stm32f1xx_hal_msp.o ABSOLUTE
    ../Core/Src/stm32f1xx_it.c               0x00000000   Number         0  stm32f1xx_it.o ABSOLUTE
    ../Core/Src/system_stm32f1xx.c           0x00000000   Number         0  system_stm32f1xx.o ABSOLUTE
    ../Core/Src/tim.c                        0x00000000   Number         0  tim.o ABSOLUTE
    ../Drivers/STM32F1xx_HAL_Driver/Src/stm32f1xx_hal.c 0x00000000   Number         0  stm32f1xx_hal.o ABSOLUTE
    ../Drivers/STM32F1xx_HAL_Driver/Src/stm32f1xx_hal_cortex.c 0x00000000   Number         0  stm32f1xx_hal_cortex.o ABSOLUTE
    ../Drivers/STM32F1xx_HAL_Driver/Src/stm32f1xx_hal_dma.c 0x00000000   Number         0  stm32f1xx_hal_dma.o ABSOLUTE
    ../Drivers/STM32F1xx_HAL_Driver/Src/stm32f1xx_hal_exti.c 0x00000000   Number         0  stm32f1xx_hal_exti.o ABSOLUTE
    ../Drivers/STM32F1xx_HAL_Driver/Src/stm32f1xx_hal_flash.c 0x00000000   Number         0  stm32f1xx_hal_flash.o ABSOLUTE
    ../Drivers/STM32F1xx_HAL_Driver/Src/stm32f1xx_hal_flash_ex.c 0x00000000   Number         0  stm32f1xx_hal_flash_ex.o ABSOLUTE
    ../Drivers/STM32F1xx_HAL_Driver/Src/stm32f1xx_hal_gpio.c 0x00000000   Number         0  stm32f1xx_hal_gpio.o ABSOLUTE
    ../Drivers/STM32F1xx_HAL_Driver/Src/stm32f1xx_hal_gpio_ex.c 0x00000000   Number         0  stm32f1xx_hal_gpio_ex.o ABSOLUTE
    ../Drivers/STM32F1xx_HAL_Driver/Src/stm32f1xx_hal_pwr.c 0x00000000   Number         0  stm32f1xx_hal_pwr.o ABSOLUTE
    ../Drivers/STM32F1xx_HAL_Driver/Src/stm32f1xx_hal_rcc.c 0x00000000   Number         0  stm32f1xx_hal_rcc.o ABSOLUTE
    ../Drivers/STM32F1xx_HAL_Driver/Src/stm32f1xx_hal_rcc_ex.c 0x00000000   Number         0  stm32f1xx_hal_rcc_ex.o ABSOLUTE
    ../Drivers/STM32F1xx_HAL_Driver/Src/stm32f1xx_hal_spi.c 0x00000000   Number         0  stm32f1xx_hal_spi.o ABSOLUTE
    ../Drivers/STM32F1xx_HAL_Driver/Src/stm32f1xx_hal_tim.c 0x00000000   Number         0  stm32f1xx_hal_tim.o ABSOLUTE
    ../Drivers/STM32F1xx_HAL_Driver/Src/stm32f1xx_hal_tim_ex.c 0x00000000   Number         0  stm32f1xx_hal_tim_ex.o ABSOLUTE
    ../UserApp/encoder_calibrator_base.cpp   0x00000000   Number         0  encoder_calibrator_base.o ABSOLUTE
    ../UserApp/main.cpp                      0x00000000   Number         0  main_1.o ABSOLUTE
    ../UserApp/motion_planner.cpp            0x00000000   Number         0  motion_planner.o ABSOLUTE
    ../UserApp/tb67h450_base.cpp             0x00000000   Number         0  tb67h450_base.o ABSOLUTE
    ../UserApp/tb67h450_stm32.cpp            0x00000000   Number         0  tb67h450_stm32.o ABSOLUTE
    ../clib/angel/boardlib.s                 0x00000000   Number         0  boardinit2.o ABSOLUTE
    ../clib/angel/boardlib.s                 0x00000000   Number         0  boardinit1.o ABSOLUTE
    ../clib/angel/boardlib.s                 0x00000000   Number         0  boardshut.o ABSOLUTE
    ../clib/angel/boardlib.s                 0x00000000   Number         0  boardinit3.o ABSOLUTE
    ../clib/angel/handlers.s                 0x00000000   Number         0  __scatter_copy.o ABSOLUTE
    ../clib/angel/handlers.s                 0x00000000   Number         0  __scatter_zi.o ABSOLUTE
    ../clib/angel/kernel.s                   0x00000000   Number         0  rtexit.o ABSOLUTE
    ../clib/angel/kernel.s                   0x00000000   Number         0  rtexit2.o ABSOLUTE
    ../clib/angel/kernel.s                   0x00000000   Number         0  __rtentry2.o ABSOLUTE
    ../clib/angel/kernel.s                   0x00000000   Number         0  __rtentry.o ABSOLUTE
    ../clib/angel/kernel.s                   0x00000000   Number         0  __rtentry4.o ABSOLUTE
    ../clib/angel/rt.s                       0x00000000   Number         0  rt_raise.o ABSOLUTE
    ../clib/angel/scatter.s                  0x00000000   Number         0  __scatter.o ABSOLUTE
    ../clib/angel/startup.s                  0x00000000   Number         0  __main.o ABSOLUTE
    ../clib/angel/sys.s                      0x00000000   Number         0  libspace.o ABSOLUTE
    ../clib/angel/sys.s                      0x00000000   Number         0  sys_stackheap_outer.o ABSOLUTE
    ../clib/angel/sys.s                      0x00000000   Number         0  use_no_semi.o ABSOLUTE
    ../clib/angel/sys.s                      0x00000000   Number         0  indicate_semi.o ABSOLUTE
    ../clib/angel/sysapp.c                   0x00000000   Number         0  sys_wrch_hlt.o ABSOLUTE
    ../clib/angel/sysapp.c                   0x00000000   Number         0  sys_command_hlt.o ABSOLUTE
    ../clib/angel/sysapp.c                   0x00000000   Number         0  sys_wrch.o ABSOLUTE
    ../clib/angel/sysapp.c                   0x00000000   Number         0  sys_exit.o ABSOLUTE
    ../clib/angel/sysapp.c                   0x00000000   Number         0  sys_command.o ABSOLUTE
    ../clib/angel/sysapp.c                   0x00000000   Number         0  sys_exit_hlt.o ABSOLUTE
    ../clib/arm_runtime.c                    0x00000000   Number         0  init_aeabi.o ABSOLUTE
    ../clib/arm_runtime.c                    0x00000000   Number         0  init_aeabi.o ABSOLUTE
    ../clib/armsys.c                         0x00000000   Number         0  argv_veneer.o ABSOLUTE
    ../clib/armsys.c                         0x00000000   Number         0  _get_argv_nomalloc.o ABSOLUTE
    ../clib/armsys.c                         0x00000000   Number         0  no_argv.o ABSOLUTE
    ../clib/armsys.c                         0x00000000   Number         0  argv_veneer.o ABSOLUTE
    ../clib/heapalloc.c                      0x00000000   Number         0  hrguard.o ABSOLUTE
    ../clib/heapaux.c                        0x00000000   Number         0  heapauxi.o ABSOLUTE
    ../clib/libinit.s                        0x00000000   Number         0  libshutdown.o ABSOLUTE
    ../clib/libinit.s                        0x00000000   Number         0  libinit.o ABSOLUTE
    ../clib/libinit.s                        0x00000000   Number         0  libinit2.o ABSOLUTE
    ../clib/libinit.s                        0x00000000   Number         0  libshutdown2.o ABSOLUTE
    ../clib/memcpset.s                       0x00000000   Number         0  rt_memclr_w.o ABSOLUTE
    ../clib/memcpset.s                       0x00000000   Number         0  rt_memclr.o ABSOLUTE
    ../clib/memcpset.s                       0x00000000   Number         0  rt_memcpy_v6.o ABSOLUTE
    ../clib/memcpset.s                       0x00000000   Number         0  rt_memcpy_w.o ABSOLUTE
    ../clib/signal.c                         0x00000000   Number         0  defsig_other.o ABSOLUTE
    ../clib/signal.c                         0x00000000   Number         0  defsig_stak_inner.o ABSOLUTE
    ../clib/signal.c                         0x00000000   Number         0  __raise.o ABSOLUTE
    ../clib/signal.c                         0x00000000   Number         0  defsig_abrt_inner.o ABSOLUTE
    ../clib/signal.c                         0x00000000   Number         0  defsig_exit.o ABSOLUTE
    ../clib/signal.c                         0x00000000   Number         0  defsig_pvfn_inner.o ABSOLUTE
    ../clib/signal.c                         0x00000000   Number         0  defsig_cppl_inner.o ABSOLUTE
    ../clib/signal.c                         0x00000000   Number         0  defsig_segv_inner.o ABSOLUTE
    ../clib/signal.c                         0x00000000   Number         0  defsig_general.o ABSOLUTE
    ../clib/signal.c                         0x00000000   Number         0  defsig_rtmem_outer.o ABSOLUTE
    ../clib/signal.c                         0x00000000   Number         0  defsig_rtmem_formal.o ABSOLUTE
    ../clib/signal.c                         0x00000000   Number         0  defsig_abrt_outer.o ABSOLUTE
    ../clib/signal.c                         0x00000000   Number         0  defsig_abrt_formal.o ABSOLUTE
    ../clib/signal.c                         0x00000000   Number         0  defsig_rtmem_inner.o ABSOLUTE
    ../clib/signal.c                         0x00000000   Number         0  defsig_fpe_inner.o ABSOLUTE
    ../clib/signal.c                         0x00000000   Number         0  defsig_rtred_inner.o ABSOLUTE
    ../clib/signal.s                         0x00000000   Number         0  defsig.o ABSOLUTE
    ../clib/stdlib.c                         0x00000000   Number         0  exit.o ABSOLUTE
    ../clib/stdlib.c                         0x00000000   Number         0  abort.o ABSOLUTE
    ../fplib/dcmp.s                          0x00000000   Number         0  dcmp.o ABSOLUTE
    ../fplib/dcmpi.s                         0x00000000   Number         0  dcmpi.o ABSOLUTE
    ../fplib/deqf.s                          0x00000000   Number         0  deqf.o ABSOLUTE
    ../fplib/dfixu.s                         0x00000000   Number         0  dfixu.o ABSOLUTE
    ../fplib/dflt.s                          0x00000000   Number         0  dflt_clz.o ABSOLUTE
    ../fplib/dgeqf.s                         0x00000000   Number         0  dgeqf.o ABSOLUTE
    ../fplib/dleqf.s                         0x00000000   Number         0  dleqf.o ABSOLUTE
    ../fplib/dmul.s                          0x00000000   Number         0  dmul.o ABSOLUTE
    ../fplib/dnaninf.s                       0x00000000   Number         0  dnaninf.o ABSOLUTE
    ../fplib/dretinf.s                       0x00000000   Number         0  dretinf.o ABSOLUTE
    ../fplib/fdiv.s                          0x00000000   Number         0  fdiv.o ABSOLUTE
    ../fplib/ffix.s                          0x00000000   Number         0  ffix.o ABSOLUTE
    ../fplib/fflt.s                          0x00000000   Number         0  fflt_clz.o ABSOLUTE
    ../fplib/fmul.s                          0x00000000   Number         0  fmul.o ABSOLUTE
    ../fplib/fnaninf.s                       0x00000000   Number         0  fnaninf.o ABSOLUTE
    ../fplib/fpinit.s                        0x00000000   Number         0  fpinit.o ABSOLUTE
    ../fplib/fretinf.s                       0x00000000   Number         0  fretinf.o ABSOLUTE
    ../fplib/usenofp.s                       0x00000000   Number         0  usenofp.o ABSOLUTE
    /tmp/plgbuild/abs_build/597170_24667/BRA_RVCT_6.7/work/src/libunwind/src/Unwind-EHABI.cpp 0x00000000   Number         0  Unwind-EHABI.cpp.o ABSOLUTE
    /tmp/plgbuild/abs_build/597170_24667/BRA_RVCT_6.7/work/src/libunwind/src/libunwind.cpp 0x00000000   Number         0  libunwind.cpp.o ABSOLUTE
    dc.s                                     0x00000000   Number         0  dc.o ABSOLUTE
    startup_stm32f103xb.s                    0x00000000   Number         0  startup_stm32f103xb.o ABSOLUTE
    RESET                                    0x08000000   Section      236  startup_stm32f103xb.o(RESET)
    !!!main                                  0x080000ec   Section        8  __main.o(!!!main)
    !!!scatter                               0x080000f4   Section       52  __scatter.o(!!!scatter)
    !!handler_copy                           0x08000128   Section       26  __scatter_copy.o(!!handler_copy)
    !!handler_zi                             0x08000144   Section       28  __scatter_zi.o(!!handler_zi)
    .ARM.Collect$$libinit$$00000000          0x08000160   Section        2  libinit.o(.ARM.Collect$$libinit$$00000000)
    .ARM.Collect$$libinit$$00000002          0x08000162   Section        0  libinit2.o(.ARM.Collect$$libinit$$00000002)
    .ARM.Collect$$libinit$$00000004          0x08000162   Section        0  libinit2.o(.ARM.Collect$$libinit$$00000004)
    .ARM.Collect$$libinit$$0000000A          0x08000162   Section        0  libinit2.o(.ARM.Collect$$libinit$$0000000A)
    .ARM.Collect$$libinit$$0000000C          0x08000162   Section        0  libinit2.o(.ARM.Collect$$libinit$$0000000C)
    .ARM.Collect$$libinit$$0000000E          0x08000162   Section        0  libinit2.o(.ARM.Collect$$libinit$$0000000E)
    .ARM.Collect$$libinit$$00000011          0x08000162   Section        0  libinit2.o(.ARM.Collect$$libinit$$00000011)
    .ARM.Collect$$libinit$$00000013          0x08000162   Section        0  libinit2.o(.ARM.Collect$$libinit$$00000013)
    .ARM.Collect$$libinit$$00000015          0x08000162   Section        0  libinit2.o(.ARM.Collect$$libinit$$00000015)
    .ARM.Collect$$libinit$$00000017          0x08000162   Section        0  libinit2.o(.ARM.Collect$$libinit$$00000017)
    .ARM.Collect$$libinit$$00000019          0x08000162   Section        0  libinit2.o(.ARM.Collect$$libinit$$00000019)
    .ARM.Collect$$libinit$$0000001B          0x08000162   Section        0  libinit2.o(.ARM.Collect$$libinit$$0000001B)
    .ARM.Collect$$libinit$$0000001D          0x08000162   Section        0  libinit2.o(.ARM.Collect$$libinit$$0000001D)
    .ARM.Collect$$libinit$$0000001F          0x08000162   Section        0  libinit2.o(.ARM.Collect$$libinit$$0000001F)
    .ARM.Collect$$libinit$$00000021          0x08000162   Section        0  libinit2.o(.ARM.Collect$$libinit$$00000021)
    .ARM.Collect$$libinit$$00000023          0x08000162   Section        0  libinit2.o(.ARM.Collect$$libinit$$00000023)
    .ARM.Collect$$libinit$$00000025          0x08000162   Section        0  libinit2.o(.ARM.Collect$$libinit$$00000025)
    .ARM.Collect$$libinit$$0000002C          0x08000162   Section        0  libinit2.o(.ARM.Collect$$libinit$$0000002C)
    .ARM.Collect$$libinit$$0000002E          0x08000162   Section        0  libinit2.o(.ARM.Collect$$libinit$$0000002E)
    .ARM.Collect$$libinit$$00000030          0x08000162   Section        0  libinit2.o(.ARM.Collect$$libinit$$00000030)
    .ARM.Collect$$libinit$$00000031          0x08000162   Section        4  libinit2.o(.ARM.Collect$$libinit$$00000031)
    .ARM.Collect$$libinit$$00000032          0x08000166   Section        0  libinit2.o(.ARM.Collect$$libinit$$00000032)
    .ARM.Collect$$libinit$$00000033          0x08000166   Section        2  libinit2.o(.ARM.Collect$$libinit$$00000033)
    .ARM.Collect$$libshutdown$$00000000      0x08000168   Section        2  libshutdown.o(.ARM.Collect$$libshutdown$$00000000)
    .ARM.Collect$$libshutdown$$00000002      0x0800016a   Section        0  libshutdown2.o(.ARM.Collect$$libshutdown$$00000002)
    .ARM.Collect$$libshutdown$$00000004      0x0800016a   Section        0  libshutdown2.o(.ARM.Collect$$libshutdown$$00000004)
    .ARM.Collect$$libshutdown$$00000007      0x0800016a   Section        0  libshutdown2.o(.ARM.Collect$$libshutdown$$00000007)
    .ARM.Collect$$libshutdown$$0000000A      0x0800016a   Section        0  libshutdown2.o(.ARM.Collect$$libshutdown$$0000000A)
    .ARM.Collect$$libshutdown$$0000000C      0x0800016a   Section        0  libshutdown2.o(.ARM.Collect$$libshutdown$$0000000C)
    .ARM.Collect$$libshutdown$$0000000F      0x0800016a   Section        0  libshutdown2.o(.ARM.Collect$$libshutdown$$0000000F)
    .ARM.Collect$$libshutdown$$00000010      0x0800016a   Section        2  libshutdown2.o(.ARM.Collect$$libshutdown$$00000010)
    .ARM.Collect$$rtentry$$00000000          0x0800016c   Section        0  __rtentry.o(.ARM.Collect$$rtentry$$00000000)
    .ARM.Collect$$rtentry$$00000002          0x0800016c   Section        0  __rtentry2.o(.ARM.Collect$$rtentry$$00000002)
    .ARM.Collect$$rtentry$$00000004          0x0800016c   Section        6  __rtentry4.o(.ARM.Collect$$rtentry$$00000004)
    .ARM.Collect$$rtentry$$00000009          0x08000172   Section        0  __rtentry2.o(.ARM.Collect$$rtentry$$00000009)
    .ARM.Collect$$rtentry$$0000000A          0x08000172   Section        4  __rtentry2.o(.ARM.Collect$$rtentry$$0000000A)
    .ARM.Collect$$rtentry$$0000000C          0x08000176   Section        0  __rtentry2.o(.ARM.Collect$$rtentry$$0000000C)
    .ARM.Collect$$rtentry$$0000000D          0x08000176   Section        8  __rtentry2.o(.ARM.Collect$$rtentry$$0000000D)
    .ARM.Collect$$rtexit$$00000000           0x0800017e   Section        2  rtexit.o(.ARM.Collect$$rtexit$$00000000)
    .ARM.Collect$$rtexit$$00000002           0x08000180   Section        0  rtexit2.o(.ARM.Collect$$rtexit$$00000002)
    .ARM.Collect$$rtexit$$00000003           0x08000180   Section        4  rtexit2.o(.ARM.Collect$$rtexit$$00000003)
    .ARM.Collect$$rtexit$$00000004           0x08000184   Section        6  rtexit2.o(.ARM.Collect$$rtexit$$00000004)
    .text                                    0x0800018c   Section       64  startup_stm32f103xb.o(.text)
    .text                                    0x080001cc   Section       68  rt_memclr.o(.text)
    .text                                    0x08000210   Section       78  rt_memclr_w.o(.text)
    .text                                    0x0800025e   Section        0  heapauxi.o(.text)
    .text                                    0x08000264   Section        0  init_aeabi.o(.text)
    .text                                    0x08000288   Section        0  sys_exit.o(.text)
    .text                                    0x08000294   Section        2  use_no_semi.o(.text)
    .text                                    0x08000296   Section       74  sys_stackheap_outer.o(.text)
    .text                                    0x08000296   Section        0  indicate_semi.o(.text)
    .text                                    0x080002e0   Section        0  exit.o(.text)
    .text                                    0x080002f4   Section        8  libspace.o(.text)
    [Anonymous Symbol]                       0x080002fc   Section        0  stm32f1xx_it.o(.text.BusFault_Handler)
    [Anonymous Symbol]                       0x080002fe   Section        0  stm32f1xx_it.o(.text.DebugMon_Handler)
    [Anonymous Symbol]                       0x08000300   Section        0  main.o(.text.Error_Handler)
    [Anonymous Symbol]                       0x08000308   Section        0  stm32f1xx_hal.o(.text.HAL_Delay)
    [Anonymous Symbol]                       0x08000330   Section        0  stm32f1xx_hal_gpio.o(.text.HAL_GPIO_Init)
    __arm_cp.0_0                             0x080004bc   Number         4  stm32f1xx_hal_gpio.o(.text.HAL_GPIO_Init)
    __arm_cp.0_1                             0x080004c0   Number         4  stm32f1xx_hal_gpio.o(.text.HAL_GPIO_Init)
    __arm_cp.0_2                             0x080004c4   Number         4  stm32f1xx_hal_gpio.o(.text.HAL_GPIO_Init)
    __arm_cp.0_3                             0x080004c8   Number         4  stm32f1xx_hal_gpio.o(.text.HAL_GPIO_Init)
    __arm_cp.0_4                             0x080004cc   Number         4  stm32f1xx_hal_gpio.o(.text.HAL_GPIO_Init)
    __arm_cp.0_5                             0x080004d0   Number         4  stm32f1xx_hal_gpio.o(.text.HAL_GPIO_Init)
    __arm_cp.0_6                             0x080004d4   Number         4  stm32f1xx_hal_gpio.o(.text.HAL_GPIO_Init)
    __arm_cp.0_7                             0x080004d8   Number         4  stm32f1xx_hal_gpio.o(.text.HAL_GPIO_Init)
    __arm_cp.0_9                             0x080004dc   Number         4  stm32f1xx_hal_gpio.o(.text.HAL_GPIO_Init)
    __arm_cp.0_10                            0x080004e0   Number         4  stm32f1xx_hal_gpio.o(.text.HAL_GPIO_Init)
    __arm_cp.0_11                            0x080004e4   Number         4  stm32f1xx_hal_gpio.o(.text.HAL_GPIO_Init)
    __arm_cp.0_12                            0x080004e8   Number         4  stm32f1xx_hal_gpio.o(.text.HAL_GPIO_Init)
    __arm_cp.0_13                            0x080004ec   Number         4  stm32f1xx_hal_gpio.o(.text.HAL_GPIO_Init)
    [Anonymous Symbol]                       0x080004f0   Section        0  stm32f1xx_hal_gpio.o(.text.HAL_GPIO_WritePin)
    [Anonymous Symbol]                       0x080004fc   Section        0  stm32f1xx_hal.o(.text.HAL_GetTick)
    [Anonymous Symbol]                       0x08000504   Section        0  stm32f1xx_hal.o(.text.HAL_IncTick)
    [Anonymous Symbol]                       0x08000510   Section        0  stm32f1xx_hal.o(.text.HAL_Init)
    __arm_cp.0_0                             0x08000530   Number         4  stm32f1xx_hal.o(.text.HAL_Init)
    [Anonymous Symbol]                       0x08000534   Section        0  stm32f1xx_hal.o(.text.HAL_InitTick)
    __arm_cp.1_0                             0x0800056c   Number         4  stm32f1xx_hal.o(.text.HAL_InitTick)
    [Anonymous Symbol]                       0x08000570   Section        0  stm32f1xx_hal_msp.o(.text.HAL_MspInit)
    __arm_cp.0_0                             0x080005a8   Number         4  stm32f1xx_hal_msp.o(.text.HAL_MspInit)
    __arm_cp.0_1                             0x080005ac   Number         4  stm32f1xx_hal_msp.o(.text.HAL_MspInit)
    [Anonymous Symbol]                       0x080005b0   Section        0  stm32f1xx_hal_cortex.o(.text.HAL_NVIC_EnableIRQ)
    __arm_cp.2_0                             0x080005c8   Number         4  stm32f1xx_hal_cortex.o(.text.HAL_NVIC_EnableIRQ)
    [Anonymous Symbol]                       0x080005cc   Section        0  stm32f1xx_hal_cortex.o(.text.HAL_NVIC_SetPriority)
    __arm_cp.1_0                             0x08000620   Number         4  stm32f1xx_hal_cortex.o(.text.HAL_NVIC_SetPriority)
    [Anonymous Symbol]                       0x08000624   Section        0  stm32f1xx_hal_cortex.o(.text.HAL_NVIC_SetPriorityGrouping)
    __arm_cp.0_0                             0x0800063c   Number         4  stm32f1xx_hal_cortex.o(.text.HAL_NVIC_SetPriorityGrouping)
    __arm_cp.0_1                             0x08000640   Number         4  stm32f1xx_hal_cortex.o(.text.HAL_NVIC_SetPriorityGrouping)
    [Anonymous Symbol]                       0x08000644   Section        0  stm32f1xx_hal_rcc.o(.text.HAL_RCC_ClockConfig)
    __arm_cp.2_0                             0x0800076c   Number         4  stm32f1xx_hal_rcc.o(.text.HAL_RCC_ClockConfig)
    __arm_cp.2_1                             0x08000770   Number         4  stm32f1xx_hal_rcc.o(.text.HAL_RCC_ClockConfig)
    __arm_cp.2_2                             0x08000774   Number         4  stm32f1xx_hal_rcc.o(.text.HAL_RCC_ClockConfig)
    __arm_cp.2_3                             0x08000778   Number         4  stm32f1xx_hal_rcc.o(.text.HAL_RCC_ClockConfig)
    [Anonymous Symbol]                       0x0800077c   Section        0  stm32f1xx_hal_rcc.o(.text.HAL_RCC_GetSysClockFreq)
    __arm_cp.3_0                             0x080007bc   Number         4  stm32f1xx_hal_rcc.o(.text.HAL_RCC_GetSysClockFreq)
    __arm_cp.3_1                             0x080007c0   Number         4  stm32f1xx_hal_rcc.o(.text.HAL_RCC_GetSysClockFreq)
    HAL_RCC_GetSysClockFreq.aPLLMULFactorTable 0x080007c4   Number         0  stm32f1xx_hal_rcc.o(.text.HAL_RCC_GetSysClockFreq)
    HAL_RCC_GetSysClockFreq.aPredivFactorTable 0x080007d4   Number         0  stm32f1xx_hal_rcc.o(.text.HAL_RCC_GetSysClockFreq)
    __arm_cp.3_4                             0x080007d8   Number         4  stm32f1xx_hal_rcc.o(.text.HAL_RCC_GetSysClockFreq)
    __arm_cp.3_5                             0x080007dc   Number         4  stm32f1xx_hal_rcc.o(.text.HAL_RCC_GetSysClockFreq)
    [Anonymous Symbol]                       0x080007e0   Section        0  stm32f1xx_hal_rcc.o(.text.HAL_RCC_OscConfig)
    __arm_cp.1_0                             0x08000b4c   Number         4  stm32f1xx_hal_rcc.o(.text.HAL_RCC_OscConfig)
    __arm_cp.1_1                             0x08000b50   Number         4  stm32f1xx_hal_rcc.o(.text.HAL_RCC_OscConfig)
    __arm_cp.1_2                             0x08000b54   Number         4  stm32f1xx_hal_rcc.o(.text.HAL_RCC_OscConfig)
    __arm_cp.1_3                             0x08000b58   Number         4  stm32f1xx_hal_rcc.o(.text.HAL_RCC_OscConfig)
    __arm_cp.1_4                             0x08000b5c   Number         4  stm32f1xx_hal_rcc.o(.text.HAL_RCC_OscConfig)
    [Anonymous Symbol]                       0x08000b60   Section        0  stm32f1xx_hal_spi.o(.text.HAL_SPI_Init)
    [Anonymous Symbol]                       0x08000c18   Section        0  spi.o(.text.HAL_SPI_MspInit)
    __arm_cp.1_0                             0x08000c8c   Number         4  spi.o(.text.HAL_SPI_MspInit)
    __arm_cp.1_2                             0x08000c90   Number         4  spi.o(.text.HAL_SPI_MspInit)
    __arm_cp.1_3                             0x08000c94   Number         4  spi.o(.text.HAL_SPI_MspInit)
    [Anonymous Symbol]                       0x08000c98   Section        0  stm32f1xx_hal_cortex.o(.text.HAL_SYSTICK_Config)
    __arm_cp.5_0                             0x08000cb8   Number         4  stm32f1xx_hal_cortex.o(.text.HAL_SYSTICK_Config)
    __arm_cp.5_1                             0x08000cbc   Number         4  stm32f1xx_hal_cortex.o(.text.HAL_SYSTICK_Config)
    [Anonymous Symbol]                       0x08000cc0   Section        0  stm32f1xx_hal_tim_ex.o(.text.HAL_TIMEx_BreakCallback)
    [Anonymous Symbol]                       0x08000cc2   Section        0  stm32f1xx_hal_tim_ex.o(.text.HAL_TIMEx_CommutCallback)
    [Anonymous Symbol]                       0x08000cc4   Section        0  stm32f1xx_hal_tim_ex.o(.text.HAL_TIMEx_MasterConfigSynchronization)
    [Anonymous Symbol]                       0x08000d24   Section        0  stm32f1xx_hal_tim.o(.text.HAL_TIM_Base_Init)
    [Anonymous Symbol]                       0x08000d7c   Section        0  tim.o(.text.HAL_TIM_Base_MspInit)
    __arm_cp.4_0                             0x08000ddc   Number         4  tim.o(.text.HAL_TIM_Base_MspInit)
    [Anonymous Symbol]                       0x08000de0   Section        0  stm32f1xx_hal_tim.o(.text.HAL_TIM_Base_Start_IT)
    __arm_cp.7_0                             0x08000e2c   Number         4  stm32f1xx_hal_tim.o(.text.HAL_TIM_Base_Start_IT)
    __arm_cp.7_1                             0x08000e30   Number         4  stm32f1xx_hal_tim.o(.text.HAL_TIM_Base_Start_IT)
    __arm_cp.7_2                             0x08000e34   Number         4  stm32f1xx_hal_tim.o(.text.HAL_TIM_Base_Start_IT)
    [Anonymous Symbol]                       0x08000e38   Section        0  stm32f1xx_hal_tim.o(.text.HAL_TIM_ConfigClockSource)
    [Anonymous Symbol]                       0x08000f30   Section        0  stm32f1xx_hal_tim.o(.text.HAL_TIM_IC_CaptureCallback)
    [Anonymous Symbol]                       0x08000f32   Section        0  stm32f1xx_hal_tim.o(.text.HAL_TIM_IRQHandler)
    [Anonymous Symbol]                       0x080010a4   Section        0  tim.o(.text.HAL_TIM_MspPostInit)
    __arm_cp.2_0                             0x080010f4   Number         4  tim.o(.text.HAL_TIM_MspPostInit)
    __arm_cp.2_1                             0x080010f8   Number         4  tim.o(.text.HAL_TIM_MspPostInit)
    __arm_cp.2_2                             0x080010fc   Number         4  tim.o(.text.HAL_TIM_MspPostInit)
    __arm_cp.2_3                             0x08001100   Number         4  tim.o(.text.HAL_TIM_MspPostInit)
    __arm_cp.2_4                             0x08001104   Number         4  tim.o(.text.HAL_TIM_MspPostInit)
    [Anonymous Symbol]                       0x08001108   Section        0  stm32f1xx_hal_tim.o(.text.HAL_TIM_OC_DelayElapsedCallback)
    [Anonymous Symbol]                       0x0800110c   Section        0  stm32f1xx_hal_tim.o(.text.HAL_TIM_PWM_ConfigChannel)
    [Anonymous Symbol]                       0x080011a6   Section        0  stm32f1xx_hal_tim.o(.text.HAL_TIM_PWM_Init)
    [Anonymous Symbol]                       0x08001200   Section        0  tim.o(.text.HAL_TIM_PWM_MspInit)
    __arm_cp.5_0                             0x08001224   Number         4  tim.o(.text.HAL_TIM_PWM_MspInit)
    [Anonymous Symbol]                       0x08001228   Section        0  stm32f1xx_hal_tim.o(.text.HAL_TIM_PWM_PulseFinishedCallback)
    [Anonymous Symbol]                       0x0800122c   Section        0  stm32f1xx_hal_tim.o(.text.HAL_TIM_PWM_Start)
    [Anonymous Symbol]                       0x080012c4   Section        0  main_1.o(.text.HAL_TIM_PeriodElapsedCallback)
    __arm_cp.1_1                             0x080012d4   Number         4  main_1.o(.text.HAL_TIM_PeriodElapsedCallback)
    [Anonymous Symbol]                       0x080012d8   Section        0  stm32f1xx_hal_tim.o(.text.HAL_TIM_TriggerCallback)
    [Anonymous Symbol]                       0x080012da   Section        0  stm32f1xx_it.o(.text.HardFault_Handler)
    [Anonymous Symbol]                       0x080012dc   Section        0  gpio.o(.text.MX_GPIO_Init)
    __arm_cp.0_0                             0x08001370   Number         4  gpio.o(.text.MX_GPIO_Init)
    __arm_cp.0_1                             0x08001374   Number         4  gpio.o(.text.MX_GPIO_Init)
    [Anonymous Symbol]                       0x08001378   Section        0  spi.o(.text.MX_SPI1_Init)
    __arm_cp.0_0                             0x080013b8   Number         4  spi.o(.text.MX_SPI1_Init)
    __arm_cp.0_1                             0x080013bc   Number         4  spi.o(.text.MX_SPI1_Init)
    [Anonymous Symbol]                       0x080013c0   Section        0  tim.o(.text.MX_TIM1_Init)
    [Anonymous Symbol]                       0x08001420   Section        0  tim.o(.text.MX_TIM2_Init)
    [Anonymous Symbol]                       0x0800149c   Section        0  tim.o(.text.MX_TIM4_Init)
    [Anonymous Symbol]                       0x080014f8   Section        0  main_1.o(.text.Main)
    __arm_cp.0_3                             0x08001544   Number         4  main_1.o(.text.Main)
    [Anonymous Symbol]                       0x08001548   Section        0  stm32f1xx_it.o(.text.MemManage_Handler)
    [Anonymous Symbol]                       0x0800154a   Section        0  stm32f1xx_it.o(.text.NMI_Handler)
    [Anonymous Symbol]                       0x0800154c   Section        0  stm32f1xx_it.o(.text.PendSV_Handler)
    [Anonymous Symbol]                       0x0800154e   Section        0  stm32f1xx_it.o(.text.SVC_Handler)
    [Anonymous Symbol]                       0x08001550   Section        0  stm32f1xx_it.o(.text.SysTick_Handler)
    [Anonymous Symbol]                       0x08001554   Section        0  main.o(.text.SystemClock_Config)
    [Anonymous Symbol]                       0x080015ba   Section        0  system_stm32f1xx.o(.text.SystemInit)
    [Anonymous Symbol]                       0x080015bc   Section        0  stm32f1xx_it.o(.text.TIM1_UP_IRQHandler)
    __arm_cp.9_0                             0x080015c4   Number         4  stm32f1xx_it.o(.text.TIM1_UP_IRQHandler)
    [Anonymous Symbol]                       0x080015c8   Section        0  stm32f1xx_it.o(.text.TIM4_IRQHandler)
    __arm_cp.10_0                            0x080015d0   Number         4  stm32f1xx_it.o(.text.TIM4_IRQHandler)
    [Anonymous Symbol]                       0x080015d4   Section        0  stm32f1xx_hal_tim.o(.text.TIM_Base_SetConfig)
    __arm_cp.2_0                             0x0800163c   Number         4  stm32f1xx_hal_tim.o(.text.TIM_Base_SetConfig)
    __arm_cp.2_1                             0x08001640   Number         4  stm32f1xx_hal_tim.o(.text.TIM_Base_SetConfig)
    __arm_cp.2_2                             0x08001644   Number         4  stm32f1xx_hal_tim.o(.text.TIM_Base_SetConfig)
    [Anonymous Symbol]                       0x08001648   Section        0  stm32f1xx_hal_tim.o(.text.TIM_OC1_SetConfig)
    TIM_OC1_SetConfig                        0x08001649   Thumb Code    92  stm32f1xx_hal_tim.o(.text.TIM_OC1_SetConfig)
    [Anonymous Symbol]                       0x080016a0   Section        0  stm32f1xx_hal_tim.o(.text.TIM_OC2_SetConfig)
    [Anonymous Symbol]                       0x08001700   Section        0  stm32f1xx_hal_tim.o(.text.TIM_OC3_SetConfig)
    TIM_OC3_SetConfig                        0x08001701   Thumb Code   100  stm32f1xx_hal_tim.o(.text.TIM_OC3_SetConfig)
    [Anonymous Symbol]                       0x08001760   Section        0  stm32f1xx_hal_tim.o(.text.TIM_OC4_SetConfig)
    TIM_OC4_SetConfig                        0x08001761   Thumb Code    76  stm32f1xx_hal_tim.o(.text.TIM_OC4_SetConfig)
    __arm_cp.77_0                            0x080017a8   Number         4  stm32f1xx_hal_tim.o(.text.TIM_OC4_SetConfig)
    [Anonymous Symbol]                       0x080017ac   Section        0  stm32f1xx_hal_tim.o(.text.TIM_TI1_ConfigInputStage)
    TIM_TI1_ConfigInputStage                 0x080017ad   Thumb Code    34  stm32f1xx_hal_tim.o(.text.TIM_TI1_ConfigInputStage)
    [Anonymous Symbol]                       0x080017ce   Section        0  stm32f1xx_hal_tim.o(.text.TIM_TI2_ConfigInputStage)
    TIM_TI2_ConfigInputStage                 0x080017cf   Thumb Code    36  stm32f1xx_hal_tim.o(.text.TIM_TI2_ConfigInputStage)
    [Anonymous Symbol]                       0x080017f2   Section        0  stm32f1xx_it.o(.text.UsageFault_Handler)
    [Anonymous Symbol]                       0x080017f4   Section        0  main_1.o(.text._GLOBAL__sub_I_main.cpp)
    _GLOBAL__sub_I_main.cpp                  0x080017f5   Thumb Code    44  main_1.o(.text._GLOBAL__sub_I_main.cpp)
    __arm_cp.7_0                             0x08001814   Number         4  main_1.o(.text._GLOBAL__sub_I_main.cpp)
    __arm_cp.7_1                             0x08001818   Number         4  main_1.o(.text._GLOBAL__sub_I_main.cpp)
    __arm_cp.7_2                             0x0800181c   Number         4  main_1.o(.text._GLOBAL__sub_I_main.cpp)
    [Anonymous Symbol]                       0x08001820   Section        0  tb67h450_base.o(.text._ZN12TB67H450Base18SetTwoCoilsCurrentEtt)
    [Anonymous Symbol]                       0x08001828   Section        0  tb67h450_base.o(.text._ZN12TB67H450Base19SetFocCurrentVectorEji)
    __arm_cp.1_0                             0x0800190c   Number         4  tb67h450_base.o(.text._ZN12TB67H450Base19SetFocCurrentVectorEji)
    [Anonymous Symbol]                       0x08001910   Section        0  tb67h450_base.o(.text._ZN12TB67H450Base4InitEv)
    [Anonymous Symbol]                       0x08001912   Section        0  tb67h450_base.o(.text._ZN12TB67H450Base5BrakeEv)
    [Anonymous Symbol]                       0x08001944   Section        0  tb67h450_base.o(.text._ZN12TB67H450Base5SleepEv)
    [Anonymous Symbol]                       0x08001978   Section        0  encoder_calibrator_base.o(.text._ZN21EncoderCalibratorBase9Tick20kHzEv)
    __arm_cp.1_0                             0x08001a68   Number         4  encoder_calibrator_base.o(.text._ZN21EncoderCalibratorBase9Tick20kHzEv)
    __arm_cp.1_1                             0x08001a6c   Number         4  encoder_calibrator_base.o(.text._ZN21EncoderCalibratorBase9Tick20kHzEv)
    [Anonymous Symbol]                       0x08001a70   Section        0  tb67h450_stm32.o(.text._ZN8TB67H45016DacOutputVoltageEtt)
    __arm_cp.3_0                             0x08001a80   Number         4  tb67h450_stm32.o(.text._ZN8TB67H45016DacOutputVoltageEtt)
    [Anonymous Symbol]                       0x08001a84   Section        0  tb67h450_stm32.o(.text._ZN8TB67H4507InitPwmEv)
    [Anonymous Symbol]                       0x08001a88   Section        0  tb67h450_stm32.o(.text._ZN8TB67H4508InitGpioEv)
    __arm_cp.1_0                             0x08001ad8   Number         4  tb67h450_stm32.o(.text._ZN8TB67H4508InitGpioEv)
    __arm_cp.1_1                             0x08001adc   Number         4  tb67h450_stm32.o(.text._ZN8TB67H4508InitGpioEv)
    [Anonymous Symbol]                       0x08001ae0   Section        0  tb67h450_stm32.o(.text._ZN8TB67H4509SetInputAEbb)
    [Anonymous Symbol]                       0x08001b0c   Section        0  tb67h450_stm32.o(.text._ZN8TB67H4509SetInputBEbb)
    __arm_cp.5_0                             0x08001b38   Number         4  tb67h450_stm32.o(.text._ZN8TB67H4509SetInputBEbb)
    [Anonymous Symbol]                       0x08001b3c   Section        0  main.o(.text.main)
    x$fpl$dfixu                              0x08001b60   Section       90  dfixu.o(x$fpl$dfixu)
    x$fpl$dflt                               0x08001bba   Section       46  dflt_clz.o(x$fpl$dflt)
    x$fpl$dfltu                              0x08001be8   Section       38  dflt_clz.o(x$fpl$dfltu)
    x$fpl$dmul                               0x08001c10   Section      340  dmul.o(x$fpl$dmul)
    x$fpl$dnaninf                            0x08001d64   Section      156  dnaninf.o(x$fpl$dnaninf)
    x$fpl$dretinf                            0x08001e00   Section       12  dretinf.o(x$fpl$dretinf)
    x$fpl$usenofp                            0x08001e0c   Section        0  usenofp.o(x$fpl$usenofp)
    [Anonymous Symbol]                       0x08001e1c   Section        0  tb67h450_base.o(.rodata._ZL9sin_pi_m2)
    _ZL9sin_pi_m2                            0x08001e1c   Data        2050  tb67h450_base.o(.rodata._ZL9sin_pi_m2)
    [Anonymous Symbol]                       0x20000000   Section        0  stm32f1xx_hal.o(.data..L_MergedGlobals)
    .bss                                     0x20000010   Section       96  libspace.o(.bss)
    [Anonymous Symbol]                       0x20000070   Section        0  encoder_calibrator_base.o(.bss._ZZN21EncoderCalibratorBase9Tick20kHzEvE2_a)
    EncoderCalibratorBase::Tick20kHz()::_a   0x20000070   Data           1  encoder_calibrator_base.o(.bss._ZZN21EncoderCalibratorBase9Tick20kHzEvE2_a)
    HEAP                                     0x20000510   Section      512  startup_stm32f103xb.o(HEAP)
    Heap_Mem                                 0x20000510   Data         512  startup_stm32f103xb.o(HEAP)
    STACK                                    0x20000710   Section     1024  startup_stm32f103xb.o(STACK)
    Stack_Mem                                0x20000710   Data        1024  startup_stm32f103xb.o(STACK)
    __initial_sp                             0x20000b10   Data           0  startup_stm32f103xb.o(STACK)

    Global Symbols

    Symbol Name                              Value     Ov Type        Size  Object(Section)

    BuildAttributes$$THM_ISAv4$P$D$K$B$S$PE$A:L22UL41UL21$X:L11$S22US41US21$IEEE1$IW$~IW$USESV6$~STKCKD$USESV7$~SHL$OSPACE$ROPI$EBA8$UX$STANDARDLIB$REQ8$PRES8$EABIv2 0x00000000   Number         0  anon$$obj.o ABSOLUTE
    SHT$$ARM_EXIDX$$Base                      - Undefined Reference
    SHT$$ARM_EXIDX$$Limit                     - Undefined Reference
    __ARM_exceptions_init                     - Undefined Weak Reference
    __alloca_initialize                       - Undefined Weak Reference
    __arm_preinit_                            - Undefined Weak Reference
    __cxa_finalize                            - Undefined Weak Reference
    __rt_locale                               - Undefined Weak Reference
    __sigvec_lookup                           - Undefined Weak Reference
    _atexit_init                              - Undefined Weak Reference
    _call_atexit_fns                          - Undefined Weak Reference
    _clock_init                               - Undefined Weak Reference
    _fp_trap_init                             - Undefined Weak Reference
    _fp_trap_shutdown                         - Undefined Weak Reference
    _get_lc_collate                           - Undefined Weak Reference
    _get_lc_ctype                             - Undefined Weak Reference
    _get_lc_monetary                          - Undefined Weak Reference
    _get_lc_numeric                           - Undefined Weak Reference
    _get_lc_time                              - Undefined Weak Reference
    _getenv_init                              - Undefined Weak Reference
    _handle_redirection                       - Undefined Weak Reference
    _init_alloc                               - Undefined Weak Reference
    _init_user_alloc                          - Undefined Weak Reference
    _initio                                   - Undefined Weak Reference
    _rand_init                                - Undefined Weak Reference
    _signal_finish                            - Undefined Weak Reference
    _signal_init                              - Undefined Weak Reference
    _terminate_alloc                          - Undefined Weak Reference
    _terminate_user_alloc                     - Undefined Weak Reference
    _terminateio                              - Undefined Weak Reference
    __Vectors_Size                           0x000000ec   Number         0  startup_stm32f103xb.o ABSOLUTE
    __Vectors                                0x08000000   Data           4  startup_stm32f103xb.o(RESET)
    __Vectors_End                            0x080000ec   Data           0  startup_stm32f103xb.o(RESET)
    __main                                   0x080000ed   Thumb Code     8  __main.o(!!!main)
    __scatterload                            0x080000f5   Thumb Code     0  __scatter.o(!!!scatter)
    __scatterload_rt2                        0x080000f5   Thumb Code    44  __scatter.o(!!!scatter)
    __scatterload_rt2_thumb_only             0x080000f5   Thumb Code     0  __scatter.o(!!!scatter)
    __scatterload_null                       0x08000103   Thumb Code     0  __scatter.o(!!!scatter)
    __scatterload_copy                       0x08000129   Thumb Code    26  __scatter_copy.o(!!handler_copy)
    __scatterload_zeroinit                   0x08000145   Thumb Code    28  __scatter_zi.o(!!handler_zi)
    __rt_lib_init                            0x08000161   Thumb Code     0  libinit.o(.ARM.Collect$$libinit$$00000000)
    __rt_lib_init_alloca_1                   0x08000163   Thumb Code     0  libinit2.o(.ARM.Collect$$libinit$$0000002E)
    __rt_lib_init_argv_1                     0x08000163   Thumb Code     0  libinit2.o(.ARM.Collect$$libinit$$0000002C)
    __rt_lib_init_atexit_1                   0x08000163   Thumb Code     0  libinit2.o(.ARM.Collect$$libinit$$0000001B)
    __rt_lib_init_clock_1                    0x08000163   Thumb Code     0  libinit2.o(.ARM.Collect$$libinit$$00000021)
    __rt_lib_init_cpp_2                      0x08000163   Thumb Code     0  libinit2.o(.ARM.Collect$$libinit$$00000031)
    __rt_lib_init_exceptions_1               0x08000163   Thumb Code     0  libinit2.o(.ARM.Collect$$libinit$$00000030)
    __rt_lib_init_fp_1                       0x08000163   Thumb Code     0  libinit2.o(.ARM.Collect$$libinit$$00000002)
    __rt_lib_init_fp_trap_1                  0x08000163   Thumb Code     0  libinit2.o(.ARM.Collect$$libinit$$0000001F)
    __rt_lib_init_getenv_1                   0x08000163   Thumb Code     0  libinit2.o(.ARM.Collect$$libinit$$00000023)
    __rt_lib_init_heap_1                     0x08000163   Thumb Code     0  libinit2.o(.ARM.Collect$$libinit$$0000000A)
    __rt_lib_init_lc_collate_1               0x08000163   Thumb Code     0  libinit2.o(.ARM.Collect$$libinit$$00000011)
    __rt_lib_init_lc_ctype_1                 0x08000163   Thumb Code     0  libinit2.o(.ARM.Collect$$libinit$$00000013)
    __rt_lib_init_lc_monetary_1              0x08000163   Thumb Code     0  libinit2.o(.ARM.Collect$$libinit$$00000015)
    __rt_lib_init_lc_numeric_1               0x08000163   Thumb Code     0  libinit2.o(.ARM.Collect$$libinit$$00000017)
    __rt_lib_init_lc_time_1                  0x08000163   Thumb Code     0  libinit2.o(.ARM.Collect$$libinit$$00000019)
    __rt_lib_init_preinit_1                  0x08000163   Thumb Code     0  libinit2.o(.ARM.Collect$$libinit$$00000004)
    __rt_lib_init_rand_1                     0x08000163   Thumb Code     0  libinit2.o(.ARM.Collect$$libinit$$0000000E)
    __rt_lib_init_signal_1                   0x08000163   Thumb Code     0  libinit2.o(.ARM.Collect$$libinit$$0000001D)
    __rt_lib_init_stdio_1                    0x08000163   Thumb Code     0  libinit2.o(.ARM.Collect$$libinit$$00000025)
    __rt_lib_init_user_alloc_1               0x08000163   Thumb Code     0  libinit2.o(.ARM.Collect$$libinit$$0000000C)
    __rt_lib_init_cpp_1                      0x08000167   Thumb Code     0  libinit2.o(.ARM.Collect$$libinit$$00000032)
    __rt_lib_init_return                     0x08000167   Thumb Code     0  libinit2.o(.ARM.Collect$$libinit$$00000033)
    __rt_lib_shutdown                        0x08000169   Thumb Code     0  libshutdown.o(.ARM.Collect$$libshutdown$$00000000)
    __rt_lib_shutdown_cpp_1                  0x0800016b   Thumb Code     0  libshutdown2.o(.ARM.Collect$$libshutdown$$00000002)
    __rt_lib_shutdown_fp_trap_1              0x0800016b   Thumb Code     0  libshutdown2.o(.ARM.Collect$$libshutdown$$00000007)
    __rt_lib_shutdown_heap_1                 0x0800016b   Thumb Code     0  libshutdown2.o(.ARM.Collect$$libshutdown$$0000000F)
    __rt_lib_shutdown_return                 0x0800016b   Thumb Code     0  libshutdown2.o(.ARM.Collect$$libshutdown$$00000010)
    __rt_lib_shutdown_signal_1               0x0800016b   Thumb Code     0  libshutdown2.o(.ARM.Collect$$libshutdown$$0000000A)
    __rt_lib_shutdown_stdio_1                0x0800016b   Thumb Code     0  libshutdown2.o(.ARM.Collect$$libshutdown$$00000004)
    __rt_lib_shutdown_user_alloc_1           0x0800016b   Thumb Code     0  libshutdown2.o(.ARM.Collect$$libshutdown$$0000000C)
    __rt_entry                               0x0800016d   Thumb Code     0  __rtentry.o(.ARM.Collect$$rtentry$$00000000)
    __rt_entry_presh_1                       0x0800016d   Thumb Code     0  __rtentry2.o(.ARM.Collect$$rtentry$$00000002)
    __rt_entry_sh                            0x0800016d   Thumb Code     0  __rtentry4.o(.ARM.Collect$$rtentry$$00000004)
    __rt_entry_li                            0x08000173   Thumb Code     0  __rtentry2.o(.ARM.Collect$$rtentry$$0000000A)
    __rt_entry_postsh_1                      0x08000173   Thumb Code     0  __rtentry2.o(.ARM.Collect$$rtentry$$00000009)
    __rt_entry_main                          0x08000177   Thumb Code     0  __rtentry2.o(.ARM.Collect$$rtentry$$0000000D)
    __rt_entry_postli_1                      0x08000177   Thumb Code     0  __rtentry2.o(.ARM.Collect$$rtentry$$0000000C)
    __rt_exit                                0x0800017f   Thumb Code     0  rtexit.o(.ARM.Collect$$rtexit$$00000000)
    __rt_exit_ls                             0x08000181   Thumb Code     0  rtexit2.o(.ARM.Collect$$rtexit$$00000003)
    __rt_exit_prels_1                        0x08000181   Thumb Code     0  rtexit2.o(.ARM.Collect$$rtexit$$00000002)
    __rt_exit_exit                           0x08000185   Thumb Code     0  rtexit2.o(.ARM.Collect$$rtexit$$00000004)
    Reset_Handler                            0x0800018d   Thumb Code     8  startup_stm32f103xb.o(.text)
    ADC1_2_IRQHandler                        0x080001a7   Thumb Code     0  startup_stm32f103xb.o(.text)
    CAN1_RX1_IRQHandler                      0x080001a7   Thumb Code     0  startup_stm32f103xb.o(.text)
    CAN1_SCE_IRQHandler                      0x080001a7   Thumb Code     0  startup_stm32f103xb.o(.text)
    DMA1_Channel1_IRQHandler                 0x080001a7   Thumb Code     0  startup_stm32f103xb.o(.text)
    DMA1_Channel2_IRQHandler                 0x080001a7   Thumb Code     0  startup_stm32f103xb.o(.text)
    DMA1_Channel3_IRQHandler                 0x080001a7   Thumb Code     0  startup_stm32f103xb.o(.text)
    DMA1_Channel4_IRQHandler                 0x080001a7   Thumb Code     0  startup_stm32f103xb.o(.text)
    DMA1_Channel5_IRQHandler                 0x080001a7   Thumb Code     0  startup_stm32f103xb.o(.text)
    DMA1_Channel6_IRQHandler                 0x080001a7   Thumb Code     0  startup_stm32f103xb.o(.text)
    DMA1_Channel7_IRQHandler                 0x080001a7   Thumb Code     0  startup_stm32f103xb.o(.text)
    EXTI0_IRQHandler                         0x080001a7   Thumb Code     0  startup_stm32f103xb.o(.text)
    EXTI15_10_IRQHandler                     0x080001a7   Thumb Code     0  startup_stm32f103xb.o(.text)
    EXTI1_IRQHandler                         0x080001a7   Thumb Code     0  startup_stm32f103xb.o(.text)
    EXTI2_IRQHandler                         0x080001a7   Thumb Code     0  startup_stm32f103xb.o(.text)
    EXTI3_IRQHandler                         0x080001a7   Thumb Code     0  startup_stm32f103xb.o(.text)
    EXTI4_IRQHandler                         0x080001a7   Thumb Code     0  startup_stm32f103xb.o(.text)
    EXTI9_5_IRQHandler                       0x080001a7   Thumb Code     0  startup_stm32f103xb.o(.text)
    FLASH_IRQHandler                         0x080001a7   Thumb Code     0  startup_stm32f103xb.o(.text)
    I2C1_ER_IRQHandler                       0x080001a7   Thumb Code     0  startup_stm32f103xb.o(.text)
    I2C1_EV_IRQHandler                       0x080001a7   Thumb Code     0  startup_stm32f103xb.o(.text)
    I2C2_ER_IRQHandler                       0x080001a7   Thumb Code     0  startup_stm32f103xb.o(.text)
    I2C2_EV_IRQHandler                       0x080001a7   Thumb Code     0  startup_stm32f103xb.o(.text)
    PVD_IRQHandler                           0x080001a7   Thumb Code     0  startup_stm32f103xb.o(.text)
    RCC_IRQHandler                           0x080001a7   Thumb Code     0  startup_stm32f103xb.o(.text)
    RTC_Alarm_IRQHandler                     0x080001a7   Thumb Code     0  startup_stm32f103xb.o(.text)
    RTC_IRQHandler                           0x080001a7   Thumb Code     0  startup_stm32f103xb.o(.text)
    SPI1_IRQHandler                          0x080001a7   Thumb Code     0  startup_stm32f103xb.o(.text)
    SPI2_IRQHandler                          0x080001a7   Thumb Code     0  startup_stm32f103xb.o(.text)
    TAMPER_IRQHandler                        0x080001a7   Thumb Code     0  startup_stm32f103xb.o(.text)
    TIM1_BRK_IRQHandler                      0x080001a7   Thumb Code     0  startup_stm32f103xb.o(.text)
    TIM1_CC_IRQHandler                       0x080001a7   Thumb Code     0  startup_stm32f103xb.o(.text)
    TIM1_TRG_COM_IRQHandler                  0x080001a7   Thumb Code     0  startup_stm32f103xb.o(.text)
    TIM2_IRQHandler                          0x080001a7   Thumb Code     0  startup_stm32f103xb.o(.text)
    TIM3_IRQHandler                          0x080001a7   Thumb Code     0  startup_stm32f103xb.o(.text)
    USART1_IRQHandler                        0x080001a7   Thumb Code     0  startup_stm32f103xb.o(.text)
    USART2_IRQHandler                        0x080001a7   Thumb Code     0  startup_stm32f103xb.o(.text)
    USART3_IRQHandler                        0x080001a7   Thumb Code     0  startup_stm32f103xb.o(.text)
    USBWakeUp_IRQHandler                     0x080001a7   Thumb Code     0  startup_stm32f103xb.o(.text)
    USB_HP_CAN1_TX_IRQHandler                0x080001a7   Thumb Code     0  startup_stm32f103xb.o(.text)
    USB_LP_CAN1_RX0_IRQHandler               0x080001a7   Thumb Code     0  startup_stm32f103xb.o(.text)
    WWDG_IRQHandler                          0x080001a7   Thumb Code     0  startup_stm32f103xb.o(.text)
    __user_initial_stackheap                 0x080001a9   Thumb Code     0  startup_stm32f103xb.o(.text)
    __aeabi_memclr                           0x080001cd   Thumb Code     0  rt_memclr.o(.text)
    __rt_memclr                              0x080001cd   Thumb Code    68  rt_memclr.o(.text)
    _memset                                  0x080001d1   Thumb Code     0  rt_memclr.o(.text)
    __aeabi_memclr4                          0x08000211   Thumb Code     0  rt_memclr_w.o(.text)
    __aeabi_memclr8                          0x08000211   Thumb Code     0  rt_memclr_w.o(.text)
    __rt_memclr_w                            0x08000211   Thumb Code    78  rt_memclr_w.o(.text)
    _memset_w                                0x08000215   Thumb Code     0  rt_memclr_w.o(.text)
    __use_two_region_memory                  0x0800025f   Thumb Code     2  heapauxi.o(.text)
    __rt_heap_escrow$2region                 0x08000261   Thumb Code     2  heapauxi.o(.text)
    __rt_heap_expand$2region                 0x08000263   Thumb Code     2  heapauxi.o(.text)
    __cpp_initialize__aeabi_                 0x08000265   Thumb Code    26  init_aeabi.o(.text)
    _sys_exit                                0x08000289   Thumb Code     8  sys_exit.o(.text)
    __I$use$semihosting                      0x08000295   Thumb Code     0  use_no_semi.o(.text)
    __use_no_semihosting_swi                 0x08000295   Thumb Code     2  use_no_semi.o(.text)
    __semihosting_library_function           0x08000297   Thumb Code     0  indicate_semi.o(.text)
    __user_setup_stackheap                   0x08000297   Thumb Code    74  sys_stackheap_outer.o(.text)
    exit                                     0x080002e1   Thumb Code    18  exit.o(.text)
    __user_libspace                          0x080002f5   Thumb Code     8  libspace.o(.text)
    __user_perproc_libspace                  0x080002f5   Thumb Code     0  libspace.o(.text)
    __user_perthread_libspace                0x080002f5   Thumb Code     0  libspace.o(.text)
    BusFault_Handler                         0x080002fd   Thumb Code     2  stm32f1xx_it.o(.text.BusFault_Handler)
    DebugMon_Handler                         0x080002ff   Thumb Code     2  stm32f1xx_it.o(.text.DebugMon_Handler)
    Error_Handler                            0x08000301   Thumb Code     8  main.o(.text.Error_Handler)
    HAL_Delay                                0x08000309   Thumb Code    44  stm32f1xx_hal.o(.text.HAL_Delay)
    HAL_GPIO_Init                            0x08000331   Thumb Code   452  stm32f1xx_hal_gpio.o(.text.HAL_GPIO_Init)
    HAL_GPIO_WritePin                        0x080004f1   Thumb Code    10  stm32f1xx_hal_gpio.o(.text.HAL_GPIO_WritePin)
    HAL_GetTick                              0x080004fd   Thumb Code    12  stm32f1xx_hal.o(.text.HAL_GetTick)
    HAL_IncTick                              0x08000505   Thumb Code    16  stm32f1xx_hal.o(.text.HAL_IncTick)
    HAL_Init                                 0x08000511   Thumb Code    36  stm32f1xx_hal.o(.text.HAL_Init)
    HAL_InitTick                             0x08000535   Thumb Code    64  stm32f1xx_hal.o(.text.HAL_InitTick)
    HAL_MspInit                              0x08000571   Thumb Code    64  stm32f1xx_hal_msp.o(.text.HAL_MspInit)
    HAL_NVIC_EnableIRQ                       0x080005b1   Thumb Code    28  stm32f1xx_hal_cortex.o(.text.HAL_NVIC_EnableIRQ)
    HAL_NVIC_SetPriority                     0x080005cd   Thumb Code    92  stm32f1xx_hal_cortex.o(.text.HAL_NVIC_SetPriority)
    HAL_NVIC_SetPriorityGrouping             0x08000625   Thumb Code    32  stm32f1xx_hal_cortex.o(.text.HAL_NVIC_SetPriorityGrouping)
    HAL_RCC_ClockConfig                      0x08000645   Thumb Code   312  stm32f1xx_hal_rcc.o(.text.HAL_RCC_ClockConfig)
    HAL_RCC_GetSysClockFreq                  0x0800077d   Thumb Code   100  stm32f1xx_hal_rcc.o(.text.HAL_RCC_GetSysClockFreq)
    HAL_RCC_OscConfig                        0x080007e1   Thumb Code   896  stm32f1xx_hal_rcc.o(.text.HAL_RCC_OscConfig)
    HAL_SPI_Init                             0x08000b61   Thumb Code   182  stm32f1xx_hal_spi.o(.text.HAL_SPI_Init)
    HAL_SPI_MspInit                          0x08000c19   Thumb Code   132  spi.o(.text.HAL_SPI_MspInit)
    HAL_SYSTICK_Config                       0x08000c99   Thumb Code    40  stm32f1xx_hal_cortex.o(.text.HAL_SYSTICK_Config)
    HAL_TIMEx_BreakCallback                  0x08000cc1   Thumb Code     2  stm32f1xx_hal_tim_ex.o(.text.HAL_TIMEx_BreakCallback)
    HAL_TIMEx_CommutCallback                 0x08000cc3   Thumb Code     2  stm32f1xx_hal_tim_ex.o(.text.HAL_TIMEx_CommutCallback)
    HAL_TIMEx_MasterConfigSynchronization    0x08000cc5   Thumb Code   108  stm32f1xx_hal_tim_ex.o(.text.HAL_TIMEx_MasterConfigSynchronization)
    HAL_TIM_Base_Init                        0x08000d25   Thumb Code    88  stm32f1xx_hal_tim.o(.text.HAL_TIM_Base_Init)
    HAL_TIM_Base_MspInit                     0x08000d7d   Thumb Code   108  tim.o(.text.HAL_TIM_Base_MspInit)
    HAL_TIM_Base_Start_IT                    0x08000de1   Thumb Code    88  stm32f1xx_hal_tim.o(.text.HAL_TIM_Base_Start_IT)
    HAL_TIM_ConfigClockSource                0x08000e39   Thumb Code   248  stm32f1xx_hal_tim.o(.text.HAL_TIM_ConfigClockSource)
    HAL_TIM_IC_CaptureCallback               0x08000f31   Thumb Code     2  stm32f1xx_hal_tim.o(.text.HAL_TIM_IC_CaptureCallback)
    HAL_TIM_IRQHandler                       0x08000f33   Thumb Code   370  stm32f1xx_hal_tim.o(.text.HAL_TIM_IRQHandler)
    HAL_TIM_MspPostInit                      0x080010a5   Thumb Code   100  tim.o(.text.HAL_TIM_MspPostInit)
    HAL_TIM_OC_DelayElapsedCallback          0x08001109   Thumb Code     2  stm32f1xx_hal_tim.o(.text.HAL_TIM_OC_DelayElapsedCallback)
    HAL_TIM_PWM_ConfigChannel                0x0800110d   Thumb Code   154  stm32f1xx_hal_tim.o(.text.HAL_TIM_PWM_ConfigChannel)
    HAL_TIM_PWM_Init                         0x080011a7   Thumb Code    88  stm32f1xx_hal_tim.o(.text.HAL_TIM_PWM_Init)
    HAL_TIM_PWM_MspInit                      0x08001201   Thumb Code    40  tim.o(.text.HAL_TIM_PWM_MspInit)
    HAL_TIM_PWM_PulseFinishedCallback        0x08001229   Thumb Code     2  stm32f1xx_hal_tim.o(.text.HAL_TIM_PWM_PulseFinishedCallback)
    HAL_TIM_PWM_Start                        0x0800122d   Thumb Code   164  stm32f1xx_hal_tim.o(.text.HAL_TIM_PWM_Start)
    HAL_TIM_PeriodElapsedCallback            0x080012c5   Thumb Code    24  main_1.o(.text.HAL_TIM_PeriodElapsedCallback)
    HAL_TIM_TriggerCallback                  0x080012d9   Thumb Code     2  stm32f1xx_hal_tim.o(.text.HAL_TIM_TriggerCallback)
    HardFault_Handler                        0x080012db   Thumb Code     2  stm32f1xx_it.o(.text.HardFault_Handler)
    MX_GPIO_Init                             0x080012dd   Thumb Code   156  gpio.o(.text.MX_GPIO_Init)
    MX_SPI1_Init                             0x08001379   Thumb Code    72  spi.o(.text.MX_SPI1_Init)
    MX_TIM1_Init                             0x080013c1   Thumb Code   104  tim.o(.text.MX_TIM1_Init)
    MX_TIM2_Init                             0x08001421   Thumb Code   128  tim.o(.text.MX_TIM2_Init)
    MX_TIM4_Init                             0x0800149d   Thumb Code   100  tim.o(.text.MX_TIM4_Init)
    Main                                     0x080014f9   Thumb Code    92  main_1.o(.text.Main)
    MemManage_Handler                        0x08001549   Thumb Code     2  stm32f1xx_it.o(.text.MemManage_Handler)
    NMI_Handler                              0x0800154b   Thumb Code     2  stm32f1xx_it.o(.text.NMI_Handler)
    PendSV_Handler                           0x0800154d   Thumb Code     2  stm32f1xx_it.o(.text.PendSV_Handler)
    SVC_Handler                              0x0800154f   Thumb Code     2  stm32f1xx_it.o(.text.SVC_Handler)
    SysTick_Handler                          0x08001551   Thumb Code     4  stm32f1xx_it.o(.text.SysTick_Handler)
    SystemClock_Config                       0x08001555   Thumb Code   102  main.o(.text.SystemClock_Config)
    SystemInit                               0x080015bb   Thumb Code     2  system_stm32f1xx.o(.text.SystemInit)
    TIM1_UP_IRQHandler                       0x080015bd   Thumb Code    12  stm32f1xx_it.o(.text.TIM1_UP_IRQHandler)
    TIM4_IRQHandler                          0x080015c9   Thumb Code    12  stm32f1xx_it.o(.text.TIM4_IRQHandler)
    TIM_Base_SetConfig                       0x080015d5   Thumb Code   116  stm32f1xx_hal_tim.o(.text.TIM_Base_SetConfig)
    TIM_OC2_SetConfig                        0x080016a1   Thumb Code   100  stm32f1xx_hal_tim.o(.text.TIM_OC2_SetConfig)
    UsageFault_Handler                       0x080017f3   Thumb Code     2  stm32f1xx_it.o(.text.UsageFault_Handler)
    TB67H450Base::SetTwoCoilsCurrent(unsigned short, unsigned short) 0x08001821   Thumb Code     6  tb67h450_base.o(.text._ZN12TB67H450Base18SetTwoCoilsCurrentEtt)
    TB67H450Base::SetFocCurrentVector(unsigned, int) 0x08001829   Thumb Code   232  tb67h450_base.o(.text._ZN12TB67H450Base19SetFocCurrentVectorEji)
    TB67H450Base::Init()                     0x08001911   Thumb Code     2  tb67h450_base.o(.text._ZN12TB67H450Base4InitEv)
    TB67H450Base::Brake()                    0x08001913   Thumb Code    50  tb67h450_base.o(.text._ZN12TB67H450Base5BrakeEv)
    TB67H450Base::Sleep()                    0x08001945   Thumb Code    50  tb67h450_base.o(.text._ZN12TB67H450Base5SleepEv)
    EncoderCalibratorBase::Tick20kHz()       0x08001979   Thumb Code   248  encoder_calibrator_base.o(.text._ZN21EncoderCalibratorBase9Tick20kHzEv)
    TB67H450::DacOutputVoltage(unsigned short, unsigned short) 0x08001a71   Thumb Code    20  tb67h450_stm32.o(.text._ZN8TB67H45016DacOutputVoltageEtt)
    TB67H450::InitPwm()                      0x08001a85   Thumb Code     4  tb67h450_stm32.o(.text._ZN8TB67H4507InitPwmEv)
    TB67H450::InitGpio()                     0x08001a89   Thumb Code    88  tb67h450_stm32.o(.text._ZN8TB67H4508InitGpioEv)
    TB67H450::SetInputA(bool, bool)          0x08001ae1   Thumb Code    48  tb67h450_stm32.o(.text._ZN8TB67H4509SetInputAEbb)
    TB67H450::SetInputB(bool, bool)          0x08001b0d   Thumb Code    48  tb67h450_stm32.o(.text._ZN8TB67H4509SetInputBEbb)
    main                                     0x08001b3d   Thumb Code    36  main.o(.text.main)
    __aeabi_d2uiz                            0x08001b61   Thumb Code     0  dfixu.o(x$fpl$dfixu)
    _dfixu                                   0x08001b61   Thumb Code    90  dfixu.o(x$fpl$dfixu)
    __aeabi_i2d                              0x08001bbb   Thumb Code     0  dflt_clz.o(x$fpl$dflt)
    _dflt                                    0x08001bbb   Thumb Code    46  dflt_clz.o(x$fpl$dflt)
    __aeabi_ui2d                             0x08001be9   Thumb Code     0  dflt_clz.o(x$fpl$dfltu)
    _dfltu                                   0x08001be9   Thumb Code    38  dflt_clz.o(x$fpl$dfltu)
    __aeabi_dmul                             0x08001c11   Thumb Code     0  dmul.o(x$fpl$dmul)
    _dmul                                    0x08001c11   Thumb Code   332  dmul.o(x$fpl$dmul)
    __fpl_dnaninf                            0x08001d65   Thumb Code   156  dnaninf.o(x$fpl$dnaninf)
    __fpl_dretinf                            0x08001e01   Thumb Code    12  dretinf.o(x$fpl$dretinf)
    AHBPrescTable                            0x08001e0c   Data          16  system_stm32f1xx.o(.rodata.AHBPrescTable)
    __I$use$fp                               0x08001e0c   Number         0  usenofp.o(x$fpl$usenofp)
    vtable for TB67H450                      0x08002620   Data          48  tb67h450_stm32.o(.rodata._ZTV8TB67H450)
    Region$$Table$$Base                      0x08002650   Number         0  anon$$obj.o(Region$$Table)
    Region$$Table$$Limit                     0x08002670   Number         0  anon$$obj.o(Region$$Table)
    SHT$$INIT_ARRAY$$Base                    0x08002670   Number         0  main_1.o(.init_array)
    SHT$$INIT_ARRAY$$Limit                   0x08002674   Number         0  main_1.o(.init_array)
    uwTickFreq                               0x20000000   Data           1  stm32f1xx_hal.o(.data..L_MergedGlobals)
    uwTickPrio                               0x20000004   Data           4  stm32f1xx_hal.o(.data..L_MergedGlobals)
    uwTick                                   0x20000008   Data           4  stm32f1xx_hal.o(.data..L_MergedGlobals)
    SystemCoreClock                          0x2000000c   Data           4  system_stm32f1xx.o(.data.SystemCoreClock)
    __libspace_start                         0x20000010   Data          96  libspace.o(.bss)
    __temporary_stack_top$libspace           0x20000070   Data           0  libspace.o(.bss)
    encoderCalibratorBase                    0x20000074   Data         860  main_1.o(.bss.encoderCalibratorBase)
    hspi1                                    0x200003d0   Data          88  spi.o(.bss.hspi1)
    htim1                                    0x20000428   Data          72  tim.o(.bss.htim1)
    htim2                                    0x20000470   Data          72  tim.o(.bss.htim2)
    htim4                                    0x200004b8   Data          72  tim.o(.bss.htim4)
    tb67h450                                 0x20000500   Data          16  main_1.o(.bss.tb67h450)



==============================================================================

Memory Map of the image

  Image Entry point : 0x080000ed

  Load Region LR_IROM1 (Base: 0x08000000, Size: 0x00002688, Max: 0x00020000, ABSOLUTE)

    Execution Region ER_IROM1 (Exec base: 0x08000000, Load base: 0x08000000, Size: 0x00002674, Max: 0x00020000, ABSOLUTE)

    Exec Addr    Load Addr    Size         Type   Attr      Idx    E Section Name        Object

    0x08000000   0x08000000   0x000000ec   Data   RO            3    RESET               startup_stm32f103xb.o
    0x080000ec   0x080000ec   0x00000008   Code   RO         1173  * !!!main             c_w.l(__main.o)
    0x080000f4   0x080000f4   0x00000034   Code   RO         1509    !!!scatter          c_w.l(__scatter.o)
    0x08000128   0x08000128   0x0000001a   Code   RO         1511    !!handler_copy      c_w.l(__scatter_copy.o)
    0x08000142   0x08000142   0x00000002   PAD
    0x08000144   0x08000144   0x0000001c   Code   RO         1513    !!handler_zi        c_w.l(__scatter_zi.o)
    0x08000160   0x08000160   0x00000002   Code   RO         1439    .ARM.Collect$$libinit$$00000000  c_w.l(libinit.o)
    0x08000162   0x08000162   0x00000000   Code   RO         1251    .ARM.Collect$$libinit$$00000002  c_w.l(libinit2.o)
    0x08000162   0x08000162   0x00000000   Code   RO         1253    .ARM.Collect$$libinit$$00000004  c_w.l(libinit2.o)
    0x08000162   0x08000162   0x00000000   Code   RO         1256    .ARM.Collect$$libinit$$0000000A  c_w.l(libinit2.o)
    0x08000162   0x08000162   0x00000000   Code   RO         1258    .ARM.Collect$$libinit$$0000000C  c_w.l(libinit2.o)
    0x08000162   0x08000162   0x00000000   Code   RO         1260    .ARM.Collect$$libinit$$0000000E  c_w.l(libinit2.o)
    0x08000162   0x08000162   0x00000000   Code   RO         1263    .ARM.Collect$$libinit$$00000011  c_w.l(libinit2.o)
    0x08000162   0x08000162   0x00000000   Code   RO         1265    .ARM.Collect$$libinit$$00000013  c_w.l(libinit2.o)
    0x08000162   0x08000162   0x00000000   Code   RO         1267    .ARM.Collect$$libinit$$00000015  c_w.l(libinit2.o)
    0x08000162   0x08000162   0x00000000   Code   RO         1269    .ARM.Collect$$libinit$$00000017  c_w.l(libinit2.o)
    0x08000162   0x08000162   0x00000000   Code   RO         1271    .ARM.Collect$$libinit$$00000019  c_w.l(libinit2.o)
    0x08000162   0x08000162   0x00000000   Code   RO         1273    .ARM.Collect$$libinit$$0000001B  c_w.l(libinit2.o)
    0x08000162   0x08000162   0x00000000   Code   RO         1275    .ARM.Collect$$libinit$$0000001D  c_w.l(libinit2.o)
    0x08000162   0x08000162   0x00000000   Code   RO         1277    .ARM.Collect$$libinit$$0000001F  c_w.l(libinit2.o)
    0x08000162   0x08000162   0x00000000   Code   RO         1279    .ARM.Collect$$libinit$$00000021  c_w.l(libinit2.o)
    0x08000162   0x08000162   0x00000000   Code   RO         1281    .ARM.Collect$$libinit$$00000023  c_w.l(libinit2.o)
    0x08000162   0x08000162   0x00000000   Code   RO         1283    .ARM.Collect$$libinit$$00000025  c_w.l(libinit2.o)
    0x08000162   0x08000162   0x00000000   Code   RO         1287    .ARM.Collect$$libinit$$0000002C  c_w.l(libinit2.o)
    0x08000162   0x08000162   0x00000000   Code   RO         1289    .ARM.Collect$$libinit$$0000002E  c_w.l(libinit2.o)
    0x08000162   0x08000162   0x00000000   Code   RO         1291    .ARM.Collect$$libinit$$00000030  c_w.l(libinit2.o)
    0x08000162   0x08000162   0x00000004   Code   RO         1292    .ARM.Collect$$libinit$$00000031  c_w.l(libinit2.o)
    0x08000166   0x08000166   0x00000000   Code   RO         1293    .ARM.Collect$$libinit$$00000032  c_w.l(libinit2.o)
    0x08000166   0x08000166   0x00000002   Code   RO         1294    .ARM.Collect$$libinit$$00000033  c_w.l(libinit2.o)
    0x08000168   0x08000168   0x00000002   Code   RO         1490    .ARM.Collect$$libshutdown$$00000000  c_w.l(libshutdown.o)
    0x0800016a   0x0800016a   0x00000000   Code   RO         1492    .ARM.Collect$$libshutdown$$00000002  c_w.l(libshutdown2.o)
    0x0800016a   0x0800016a   0x00000000   Code   RO         1494    .ARM.Collect$$libshutdown$$00000004  c_w.l(libshutdown2.o)
    0x0800016a   0x0800016a   0x00000000   Code   RO         1497    .ARM.Collect$$libshutdown$$00000007  c_w.l(libshutdown2.o)
    0x0800016a   0x0800016a   0x00000000   Code   RO         1500    .ARM.Collect$$libshutdown$$0000000A  c_w.l(libshutdown2.o)
    0x0800016a   0x0800016a   0x00000000   Code   RO         1502    .ARM.Collect$$libshutdown$$0000000C  c_w.l(libshutdown2.o)
    0x0800016a   0x0800016a   0x00000000   Code   RO         1505    .ARM.Collect$$libshutdown$$0000000F  c_w.l(libshutdown2.o)
    0x0800016a   0x0800016a   0x00000002   Code   RO         1506    .ARM.Collect$$libshutdown$$00000010  c_w.l(libshutdown2.o)
    0x0800016c   0x0800016c   0x00000000   Code   RO         1247    .ARM.Collect$$rtentry$$00000000  c_w.l(__rtentry.o)
    0x0800016c   0x0800016c   0x00000000   Code   RO         1388    .ARM.Collect$$rtentry$$00000002  c_w.l(__rtentry2.o)
    0x0800016c   0x0800016c   0x00000006   Code   RO         1400    .ARM.Collect$$rtentry$$00000004  c_w.l(__rtentry4.o)
    0x08000172   0x08000172   0x00000000   Code   RO         1390    .ARM.Collect$$rtentry$$00000009  c_w.l(__rtentry2.o)
    0x08000172   0x08000172   0x00000004   Code   RO         1391    .ARM.Collect$$rtentry$$0000000A  c_w.l(__rtentry2.o)
    0x08000176   0x08000176   0x00000000   Code   RO         1393    .ARM.Collect$$rtentry$$0000000C  c_w.l(__rtentry2.o)
    0x08000176   0x08000176   0x00000008   Code   RO         1394    .ARM.Collect$$rtentry$$0000000D  c_w.l(__rtentry2.o)
    0x0800017e   0x0800017e   0x00000002   Code   RO         1447    .ARM.Collect$$rtexit$$00000000  c_w.l(rtexit.o)
    0x08000180   0x08000180   0x00000000   Code   RO         1464    .ARM.Collect$$rtexit$$00000002  c_w.l(rtexit2.o)
    0x08000180   0x08000180   0x00000004   Code   RO         1465    .ARM.Collect$$rtexit$$00000003  c_w.l(rtexit2.o)
    0x08000184   0x08000184   0x00000006   Code   RO         1466    .ARM.Collect$$rtexit$$00000004  c_w.l(rtexit2.o)
    0x0800018a   0x0800018a   0x00000002   PAD
    0x0800018c   0x0800018c   0x00000040   Code   RO            4    .text               startup_stm32f103xb.o
    0x080001cc   0x080001cc   0x00000044   Code   RO         1167    .text               c_w.l(rt_memclr.o)
    0x08000210   0x08000210   0x0000004e   Code   RO         1169    .text               c_w.l(rt_memclr_w.o)
    0x0800025e   0x0800025e   0x00000006   Code   RO         1171    .text               c_w.l(heapauxi.o)
    0x08000264   0x08000264   0x00000024   Code   RO         1178    .text               c_w.l(init_aeabi.o)
    0x08000288   0x08000288   0x0000000c   Code   RO         1383    .text               c_w.l(sys_exit.o)
    0x08000294   0x08000294   0x00000002   Code   RO         1415    .text               c_w.l(use_no_semi.o)
    0x08000296   0x08000296   0x00000000   Code   RO         1417    .text               c_w.l(indicate_semi.o)
    0x08000296   0x08000296   0x0000004a   Code   RO         1418    .text               c_w.l(sys_stackheap_outer.o)
    0x080002e0   0x080002e0   0x00000012   Code   RO         1422    .text               c_w.l(exit.o)
    0x080002f2   0x080002f2   0x00000002   PAD
    0x080002f4   0x080002f4   0x00000008   Code   RO         1444    .text               c_w.l(libspace.o)
    0x080002fc   0x080002fc   0x00000002   Code   RO           96    .text.BusFault_Handler  stm32f1xx_it.o
    0x080002fe   0x080002fe   0x00000002   Code   RO          102    .text.DebugMon_Handler  stm32f1xx_it.o
    0x08000300   0x08000300   0x00000008   Code   RO           15    .text.Error_Handler  main.o
    0x08000308   0x08000308   0x00000028   Code   RO          293    .text.HAL_Delay     stm32f1xx_hal.o
    0x08000330   0x08000330   0x000001c0   Code   RO          391    .text.HAL_GPIO_Init  stm32f1xx_hal_gpio.o
    0x080004f0   0x080004f0   0x0000000a   Code   RO          397    .text.HAL_GPIO_WritePin  stm32f1xx_hal_gpio.o
    0x080004fa   0x080004fa   0x00000002   PAD
    0x080004fc   0x080004fc   0x00000008   Code   RO          285    .text.HAL_GetTick   stm32f1xx_hal.o
    0x08000504   0x08000504   0x0000000c   Code   RO          283    .text.HAL_IncTick   stm32f1xx_hal.o
    0x08000510   0x08000510   0x00000024   Code   RO          273    .text.HAL_Init      stm32f1xx_hal.o
    0x08000534   0x08000534   0x0000003c   Code   RO          275    .text.HAL_InitTick  stm32f1xx_hal.o
    0x08000570   0x08000570   0x00000040   Code   RO          122    .text.HAL_MspInit   stm32f1xx_hal_msp.o
    0x080005b0   0x080005b0   0x0000001c   Code   RO          459    .text.HAL_NVIC_EnableIRQ  stm32f1xx_hal_cortex.o
    0x080005cc   0x080005cc   0x00000058   Code   RO          457    .text.HAL_NVIC_SetPriority  stm32f1xx_hal_cortex.o
    0x08000624   0x08000624   0x00000020   Code   RO          455    .text.HAL_NVIC_SetPriorityGrouping  stm32f1xx_hal_cortex.o
    0x08000644   0x08000644   0x00000138   Code   RO          339    .text.HAL_RCC_ClockConfig  stm32f1xx_hal_rcc.o
    0x0800077c   0x0800077c   0x00000064   Code   RO          341    .text.HAL_RCC_GetSysClockFreq  stm32f1xx_hal_rcc.o
    0x080007e0   0x080007e0   0x00000380   Code   RO          337    .text.HAL_RCC_OscConfig  stm32f1xx_hal_rcc.o
    0x08000b60   0x08000b60   0x000000b6   Code   RO          152    .text.HAL_SPI_Init  stm32f1xx_hal_spi.o
    0x08000c16   0x08000c16   0x00000002   PAD
    0x08000c18   0x08000c18   0x00000080   Code   RO           44    .text.HAL_SPI_MspInit  spi.o
    0x08000c98   0x08000c98   0x00000028   Code   RO          465    .text.HAL_SYSTICK_Config  stm32f1xx_hal_cortex.o
    0x08000cc0   0x08000cc0   0x00000002   Code   RO          957    .text.HAL_TIMEx_BreakCallback  stm32f1xx_hal_tim_ex.o
    0x08000cc2   0x08000cc2   0x00000002   Code   RO          953    .text.HAL_TIMEx_CommutCallback  stm32f1xx_hal_tim_ex.o
    0x08000cc4   0x08000cc4   0x00000060   Code   RO          947    .text.HAL_TIMEx_MasterConfigSynchronization  stm32f1xx_hal_tim_ex.o
    0x08000d24   0x08000d24   0x00000058   Code   RO          637    .text.HAL_TIM_Base_Init  stm32f1xx_hal_tim.o
    0x08000d7c   0x08000d7c   0x00000064   Code   RO           68    .text.HAL_TIM_Base_MspInit  tim.o
    0x08000de0   0x08000de0   0x00000058   Code   RO          651    .text.HAL_TIM_Base_Start_IT  stm32f1xx_hal_tim.o
    0x08000e38   0x08000e38   0x000000f8   Code   RO          825    .text.HAL_TIM_ConfigClockSource  stm32f1xx_hal_tim.o
    0x08000f30   0x08000f30   0x00000002   Code   RO          773    .text.HAL_TIM_IC_CaptureCallback  stm32f1xx_hal_tim.o
    0x08000f32   0x08000f32   0x00000172   Code   RO          771    .text.HAL_TIM_IRQHandler  stm32f1xx_hal_tim.o
    0x080010a4   0x080010a4   0x00000064   Code   RO           64    .text.HAL_TIM_MspPostInit  tim.o
    0x08001108   0x08001108   0x00000002   Code   RO          775    .text.HAL_TIM_OC_DelayElapsedCallback  stm32f1xx_hal_tim.o
    0x0800110a   0x0800110a   0x00000002   PAD
    0x0800110c   0x0800110c   0x0000009a   Code   RO          799    .text.HAL_TIM_PWM_ConfigChannel  stm32f1xx_hal_tim.o
    0x080011a6   0x080011a6   0x00000058   Code   RO          691    .text.HAL_TIM_PWM_Init  stm32f1xx_hal_tim.o
    0x080011fe   0x080011fe   0x00000002   PAD
    0x08001200   0x08001200   0x00000028   Code   RO           70    .text.HAL_TIM_PWM_MspInit  tim.o
    0x08001228   0x08001228   0x00000002   Code   RO          777    .text.HAL_TIM_PWM_PulseFinishedCallback  stm32f1xx_hal_tim.o
    0x0800122a   0x0800122a   0x00000002   PAD
    0x0800122c   0x0800122c   0x00000098   Code   RO          699    .text.HAL_TIM_PWM_Start  stm32f1xx_hal_tim.o
    0x080012c4   0x080012c4   0x00000014   Code   RO          994    .text.HAL_TIM_PeriodElapsedCallback  main_1.o
    0x080012d8   0x080012d8   0x00000002   Code   RO          781    .text.HAL_TIM_TriggerCallback  stm32f1xx_hal_tim.o
    0x080012da   0x080012da   0x00000002   Code   RO           92    .text.HardFault_Handler  stm32f1xx_it.o
    0x080012dc   0x080012dc   0x0000009c   Code   RO           29    .text.MX_GPIO_Init  gpio.o
    0x08001378   0x08001378   0x00000048   Code   RO           42    .text.MX_SPI1_Init  spi.o
    0x080013c0   0x080013c0   0x00000060   Code   RO           60    .text.MX_TIM1_Init  tim.o
    0x08001420   0x08001420   0x0000007c   Code   RO           62    .text.MX_TIM2_Init  tim.o
    0x0800149c   0x0800149c   0x0000005c   Code   RO           66    .text.MX_TIM4_Init  tim.o
    0x080014f8   0x080014f8   0x00000050   Code   RO          992    .text.Main          main_1.o
    0x08001548   0x08001548   0x00000002   Code   RO           94    .text.MemManage_Handler  stm32f1xx_it.o
    0x0800154a   0x0800154a   0x00000002   Code   RO           90    .text.NMI_Handler   stm32f1xx_it.o
    0x0800154c   0x0800154c   0x00000002   Code   RO          104    .text.PendSV_Handler  stm32f1xx_it.o
    0x0800154e   0x0800154e   0x00000002   Code   RO          100    .text.SVC_Handler   stm32f1xx_it.o
    0x08001550   0x08001550   0x00000004   Code   RO          106    .text.SysTick_Handler  stm32f1xx_it.o
    0x08001554   0x08001554   0x00000066   Code   RO           13    .text.SystemClock_Config  main.o
    0x080015ba   0x080015ba   0x00000002   Code   RO          974    .text.SystemInit    system_stm32f1xx.o
    0x080015bc   0x080015bc   0x0000000c   Code   RO          108    .text.TIM1_UP_IRQHandler  stm32f1xx_it.o
    0x080015c8   0x080015c8   0x0000000c   Code   RO          110    .text.TIM4_IRQHandler  stm32f1xx_it.o
    0x080015d4   0x080015d4   0x00000074   Code   RO          641    .text.TIM_Base_SetConfig  stm32f1xx_hal_tim.o
    0x08001648   0x08001648   0x00000058   Code   RO          785    .text.TIM_OC1_SetConfig  stm32f1xx_hal_tim.o
    0x080016a0   0x080016a0   0x00000060   Code   RO          787    .text.TIM_OC2_SetConfig  stm32f1xx_hal_tim.o
    0x08001700   0x08001700   0x00000060   Code   RO          789    .text.TIM_OC3_SetConfig  stm32f1xx_hal_tim.o
    0x08001760   0x08001760   0x0000004c   Code   RO          791    .text.TIM_OC4_SetConfig  stm32f1xx_hal_tim.o
    0x080017ac   0x080017ac   0x00000022   Code   RO          827    .text.TIM_TI1_ConfigInputStage  stm32f1xx_hal_tim.o
    0x080017ce   0x080017ce   0x00000024   Code   RO          829    .text.TIM_TI2_ConfigInputStage  stm32f1xx_hal_tim.o
    0x080017f2   0x080017f2   0x00000002   Code   RO           98    .text.UsageFault_Handler  stm32f1xx_it.o
    0x080017f4   0x080017f4   0x0000002c   Code   RO         1007    .text._GLOBAL__sub_I_main.cpp  main_1.o
    0x08001820   0x08001820   0x00000006   Code   RO         1032    .text._ZN12TB67H450Base18SetTwoCoilsCurrentEtt  tb67h450_base.o
    0x08001826   0x08001826   0x00000002   PAD
    0x08001828   0x08001828   0x000000e8   Code   RO         1030    .text._ZN12TB67H450Base19SetFocCurrentVectorEji  tb67h450_base.o
    0x08001910   0x08001910   0x00000002   Code   RO         1028    .text._ZN12TB67H450Base4InitEv  tb67h450_base.o
    0x08001912   0x08001912   0x00000032   Code   RO         1046    .text._ZN12TB67H450Base5BrakeEv  tb67h450_base.o
    0x08001944   0x08001944   0x00000032   Code   RO         1044    .text._ZN12TB67H450Base5SleepEv  tb67h450_base.o
    0x08001976   0x08001976   0x00000002   PAD
    0x08001978   0x08001978   0x000000f8   Code   RO         1088    .text._ZN21EncoderCalibratorBase9Tick20kHzEv  encoder_calibrator_base.o
    0x08001a70   0x08001a70   0x00000014   Code   RO         1067    .text._ZN8TB67H45016DacOutputVoltageEtt  tb67h450_stm32.o
    0x08001a84   0x08001a84   0x00000004   Code   RO         1065    .text._ZN8TB67H4507InitPwmEv  tb67h450_stm32.o
    0x08001a88   0x08001a88   0x00000058   Code   RO         1063    .text._ZN8TB67H4508InitGpioEv  tb67h450_stm32.o
    0x08001ae0   0x08001ae0   0x0000002c   Code   RO         1069    .text._ZN8TB67H4509SetInputAEbb  tb67h450_stm32.o
    0x08001b0c   0x08001b0c   0x00000030   Code   RO         1071    .text._ZN8TB67H4509SetInputBEbb  tb67h450_stm32.o
    0x08001b3c   0x08001b3c   0x00000024   Code   RO           11    .text.main          main.o
    0x08001b60   0x08001b60   0x0000005a   Code   RO         1183    x$fpl$dfixu         fz_ws.l(dfixu.o)
    0x08001bba   0x08001bba   0x0000002e   Code   RO         1188    x$fpl$dflt          fz_ws.l(dflt_clz.o)
    0x08001be8   0x08001be8   0x00000026   Code   RO         1187    x$fpl$dfltu         fz_ws.l(dflt_clz.o)
    0x08001c0e   0x08001c0e   0x00000002   PAD
    0x08001c10   0x08001c10   0x00000154   Code   RO         1193    x$fpl$dmul          fz_ws.l(dmul.o)
    0x08001d64   0x08001d64   0x0000009c   Code   RO         1301    x$fpl$dnaninf       fz_ws.l(dnaninf.o)
    0x08001e00   0x08001e00   0x0000000c   Code   RO         1303    x$fpl$dretinf       fz_ws.l(dretinf.o)
    0x08001e0c   0x08001e0c   0x00000000   Code   RO         1309    x$fpl$usenofp       fz_ws.l(usenofp.o)
    0x08001e0c   0x08001e0c   0x00000010   Data   RO          979    .rodata.AHBPrescTable  system_stm32f1xx.o
    0x08001e1c   0x08001e1c   0x00000802   Data   RO         1048    .rodata._ZL9sin_pi_m2  tb67h450_base.o
    0x0800261e   0x0800261e   0x00000002   PAD
    0x08002620   0x08002620   0x00000030   Data   RO         1074    .rodata._ZTV8TB67H450  tb67h450_stm32.o
    0x08002650   0x08002650   0x00000020   Data   RO         1507    Region$$Table       anon$$obj.o
    0x08002670   0x08002670   0x00000004   Data   RO         1015    .init_array         main_1.o


    Execution Region RW_IRAM1 (Exec base: 0x20000000, Load base: 0x08002678, Size: 0x00000b10, Max: 0x00005000, ABSOLUTE)

    Exec Addr    Load Addr    Size         Type   Attr      Idx    E Section Name        Object

    0x20000000   0x08002678   0x0000000c   Data   RW          323    .data..L_MergedGlobals  stm32f1xx_hal.o
    0x2000000c   0x08002684   0x00000004   Data   RW          978    .data.SystemCoreClock  system_stm32f1xx.o
    0x20000010        -       0x00000060   Zero   RW         1445    .bss                c_w.l(libspace.o)
    0x20000070        -       0x00000001   Zero   RW         1091    .bss._ZZN21EncoderCalibratorBase9Tick20kHzEvE2_a  encoder_calibrator_base.o
    0x20000071   0x08002688   0x00000003   PAD
    0x20000074        -       0x0000035c   Zero   RW         1011    .bss.encoderCalibratorBase  main_1.o
    0x200003d0        -       0x00000058   Zero   RW           48    .bss.hspi1          spi.o
    0x20000428        -       0x00000048   Zero   RW           76    .bss.htim1          tim.o
    0x20000470        -       0x00000048   Zero   RW           77    .bss.htim2          tim.o
    0x200004b8        -       0x00000048   Zero   RW           78    .bss.htim4          tim.o
    0x20000500        -       0x00000010   Zero   RW         1009    .bss.tb67h450       main_1.o
    0x20000510        -       0x00000200   Zero   RW            2    HEAP                startup_stm32f103xb.o
    0x20000710        -       0x00000400   Zero   RW            1    STACK               startup_stm32f103xb.o


==============================================================================

Image component sizes


      Code (inc. data)   RO Data    RW Data    ZI Data      Debug   Object Name

       248         16          0          0          1       9338   encoder_calibrator_base.o
       156          8          0          0          0       1739   gpio.o
       146          0          0          0          0       1915   main.o
       144         20          4          0        876      14287   main_1.o
       200         20          0          0         88       4899   spi.o
        64         26        236          0       1536        772   startup_stm32f103xb.o
       156          8          0         12          0       6470   stm32f1xx_hal.o
       188         24          0          0          0       8388   stm32f1xx_hal_cortex.o
       458         56          0          0          0       4757   stm32f1xx_hal_gpio.o
        64          8          0          0          0       1336   stm32f1xx_hal_msp.o
      1308         72          0          0          0       7606   stm32f1xx_hal_rcc.o
       182          0          0          0          0      20784   stm32f1xx_hal_spi.o
      1738         32          0          0          0      46010   stm32f1xx_hal_tim.o
       100          0          0          0          0      19930   stm32f1xx_hal_tim_ex.o
        44          8          0          0          0       1410   stm32f1xx_it.o
         2          0         16          4          0       1720   system_stm32f1xx.o
       340          4       2050          0          0      14705   tb67h450_base.o
       204         16         48          0          0      15111   tb67h450_stm32.o
       552         28          0          0        216       8326   tim.o

    ----------------------------------------------------------------------
      6308        346       2388         16       2720     189503   Object Totals
         0          0         32          0          0          0   (incl. Generated)
        14          0          2          0          3          0   (incl. Padding)

    ----------------------------------------------------------------------

      Code (inc. data)   RO Data    RW Data    ZI Data      Debug   Library Member Name

         8          0          0          0          0         68   __main.o
         0          0          0          0          0          0   __rtentry.o
        12          0          0          0          0          0   __rtentry2.o
         6          0          0          0          0          0   __rtentry4.o
        52          8          0          0          0          0   __scatter.o
        26          0          0          0          0          0   __scatter_copy.o
        28          0          0          0          0          0   __scatter_zi.o
        18          0          0          0          0         80   exit.o
         6          0          0          0          0        152   heapauxi.o
         0          0          0          0          0          0   indicate_semi.o
        36         10          0          0          0         80   init_aeabi.o
         2          0          0          0          0          0   libinit.o
         6          0          0          0          0          0   libinit2.o
         2          0          0          0          0          0   libshutdown.o
         2          0          0          0          0          0   libshutdown2.o
         8          4          0          0         96         68   libspace.o
        68          0          0          0          0         68   rt_memclr.o
        78          0          0          0          0         80   rt_memclr_w.o
         2          0          0          0          0          0   rtexit.o
        10          0          0          0          0          0   rtexit2.o
        12          4          0          0          0         68   sys_exit.o
        74          0          0          0          0         80   sys_stackheap_outer.o
         2          0          0          0          0         68   use_no_semi.o
        90          4          0          0          0         92   dfixu.o
        84          0          0          0          0        136   dflt_clz.o
       340         12          0          0          0        104   dmul.o
       156          4          0          0          0         92   dnaninf.o
        12          0          0          0          0         68   dretinf.o
         0          0          0          0          0          0   usenofp.o

    ----------------------------------------------------------------------
      1148         46          0          0         96       1304   Library Totals
         8          0          0          0          0          0   (incl. Padding)

    ----------------------------------------------------------------------

      Code (inc. data)   RO Data    RW Data    ZI Data      Debug   Library Name

       458         26          0          0         96        812   c_w.l
       682         20          0          0          0        492   fz_ws.l

    ----------------------------------------------------------------------
      1148         46          0          0         96       1304   Library Totals

    ----------------------------------------------------------------------

==============================================================================


      Code (inc. data)   RO Data    RW Data    ZI Data      Debug   

      7456        392       2388         16       2816     189959   Grand Totals
      7456        392       2388         16       2816     189959   ELF Image Totals
      7456        392       2388         16          0          0   ROM Totals

==============================================================================

    Total RO  Size (Code + RO Data)                 9844 (   9.61kB)
    Total RW  Size (RW Data + ZI Data)              2832 (   2.77kB)
    Total ROM Size (Code + RO Data + RW Data)       9860 (   9.63kB)

==============================================================================

